Component: ARM Compiler 5.06 update 5 (build 528) Tool: armlink [4d35e2]

==============================================================================

Section Cross References

    startup_stm32f407xx.o(RESET) refers to startup_stm32f407xx.o(STACK) for __initial_sp
    startup_stm32f407xx.o(RESET) refers to startup_stm32f407xx.o(.text) for Reset_Handler
    startup_stm32f407xx.o(RESET) refers to port.o(.emb_text) for SVC_Handler
    startup_stm32f407xx.o(RESET) refers to stm32f4xx_it.o(i.SysTick_Handler) for SysTick_Handler
    startup_stm32f407xx.o(RESET) refers to stm32f4xx_it.o(i.ADC_IRQHandler) for ADC_IRQHandler
    startup_stm32f407xx.o(RESET) refers to stm32f4xx_it.o(i.TIM2_IRQHandler) for TIM2_IRQHandler
    startup_stm32f407xx.o(.text) refers to system_stm32f4xx.o(i.SystemInit) for SystemInit
    startup_stm32f407xx.o(.text) refers to entry.o(.ARM.Collect$$$$00000000) for __main
    stm32f4xx_hal_flash_ex.o(i.FLASH_OB_DisableWRP) refers to stm32f4xx_hal_flash.o(i.FLASH_WaitForLastOperation) for FLASH_WaitForLastOperation
    stm32f4xx_hal_flash_ex.o(i.FLASH_OB_EnableWRP) refers to stm32f4xx_hal_flash.o(i.FLASH_WaitForLastOperation) for FLASH_WaitForLastOperation
    stm32f4xx_hal_flash_ex.o(i.FLASH_OB_RDP_LevelConfig) refers to stm32f4xx_hal_flash.o(i.FLASH_WaitForLastOperation) for FLASH_WaitForLastOperation
    stm32f4xx_hal_flash_ex.o(i.FLASH_OB_UserConfig) refers to stm32f4xx_hal_flash.o(i.FLASH_WaitForLastOperation) for FLASH_WaitForLastOperation
    stm32f4xx_hal_flash_ex.o(i.HAL_FLASHEx_Erase) refers to stm32f4xx_hal_flash.o(i.FLASH_WaitForLastOperation) for FLASH_WaitForLastOperation
    stm32f4xx_hal_flash_ex.o(i.HAL_FLASHEx_Erase) refers to stm32f4xx_hal_flash_ex.o(i.FLASH_MassErase) for FLASH_MassErase
    stm32f4xx_hal_flash_ex.o(i.HAL_FLASHEx_Erase) refers to stm32f4xx_hal_flash_ex.o(i.FLASH_Erase_Sector) for FLASH_Erase_Sector
    stm32f4xx_hal_flash_ex.o(i.HAL_FLASHEx_Erase) refers to stm32f4xx_hal_flash_ex.o(i.FLASH_FlushCaches) for FLASH_FlushCaches
    stm32f4xx_hal_flash_ex.o(i.HAL_FLASHEx_Erase) refers to stm32f4xx_hal_flash.o(.bss) for pFlash
    stm32f4xx_hal_flash_ex.o(i.HAL_FLASHEx_Erase_IT) refers to stm32f4xx_hal_flash_ex.o(i.FLASH_MassErase) for FLASH_MassErase
    stm32f4xx_hal_flash_ex.o(i.HAL_FLASHEx_Erase_IT) refers to stm32f4xx_hal_flash_ex.o(i.FLASH_Erase_Sector) for FLASH_Erase_Sector
    stm32f4xx_hal_flash_ex.o(i.HAL_FLASHEx_Erase_IT) refers to stm32f4xx_hal_flash.o(.bss) for pFlash
    stm32f4xx_hal_flash_ex.o(i.HAL_FLASHEx_OBGetConfig) refers to stm32f4xx_hal_flash_ex.o(i.FLASH_OB_GetWRP) for FLASH_OB_GetWRP
    stm32f4xx_hal_flash_ex.o(i.HAL_FLASHEx_OBGetConfig) refers to stm32f4xx_hal_flash_ex.o(i.FLASH_OB_GetRDP) for FLASH_OB_GetRDP
    stm32f4xx_hal_flash_ex.o(i.HAL_FLASHEx_OBGetConfig) refers to stm32f4xx_hal_flash_ex.o(i.FLASH_OB_GetUser) for FLASH_OB_GetUser
    stm32f4xx_hal_flash_ex.o(i.HAL_FLASHEx_OBGetConfig) refers to stm32f4xx_hal_flash_ex.o(i.FLASH_OB_GetBOR) for FLASH_OB_GetBOR
    stm32f4xx_hal_flash_ex.o(i.HAL_FLASHEx_OBProgram) refers to stm32f4xx_hal_flash_ex.o(i.FLASH_OB_EnableWRP) for FLASH_OB_EnableWRP
    stm32f4xx_hal_flash_ex.o(i.HAL_FLASHEx_OBProgram) refers to stm32f4xx_hal_flash_ex.o(i.FLASH_OB_DisableWRP) for FLASH_OB_DisableWRP
    stm32f4xx_hal_flash_ex.o(i.HAL_FLASHEx_OBProgram) refers to stm32f4xx_hal_flash_ex.o(i.FLASH_OB_RDP_LevelConfig) for FLASH_OB_RDP_LevelConfig
    stm32f4xx_hal_flash_ex.o(i.HAL_FLASHEx_OBProgram) refers to stm32f4xx_hal_flash_ex.o(i.FLASH_OB_UserConfig) for FLASH_OB_UserConfig
    stm32f4xx_hal_flash_ex.o(i.HAL_FLASHEx_OBProgram) refers to stm32f4xx_hal_flash_ex.o(i.FLASH_OB_BOR_LevelConfig) for FLASH_OB_BOR_LevelConfig
    stm32f4xx_hal_flash_ex.o(i.HAL_FLASHEx_OBProgram) refers to stm32f4xx_hal_flash.o(.bss) for pFlash
    stm32f4xx_hal_pwr_ex.o(i.HAL_PWREx_ControlVoltageScaling) refers to stm32f4xx_hal.o(i.HAL_GetTick) for HAL_GetTick
    stm32f4xx_hal_pwr_ex.o(i.HAL_PWREx_DisableBkUpReg) refers to stm32f4xx_hal.o(i.HAL_GetTick) for HAL_GetTick
    stm32f4xx_hal_pwr_ex.o(i.HAL_PWREx_EnableBkUpReg) refers to stm32f4xx_hal.o(i.HAL_GetTick) for HAL_GetTick
    stm32f4xx_hal_gpio.o(i.HAL_GPIO_EXTI_IRQHandler) refers to stm32f4xx_hal_gpio.o(i.HAL_GPIO_EXTI_Callback) for HAL_GPIO_EXTI_Callback
    stm32f4xx_hal_cortex.o(i.HAL_NVIC_GetPriorityGrouping) refers to stm32f4xx_hal_cortex.o(i.NVIC_GetPriorityGrouping) for NVIC_GetPriorityGrouping
    stm32f4xx_hal_cortex.o(i.HAL_NVIC_SetPriority) refers to stm32f4xx_hal_cortex.o(i.NVIC_GetPriorityGrouping) for NVIC_GetPriorityGrouping
    stm32f4xx_hal_cortex.o(i.HAL_NVIC_SetPriority) refers to stm32f4xx_hal_cortex.o(i.NVIC_SetPriority) for NVIC_SetPriority
    stm32f4xx_hal_cortex.o(i.HAL_SYSTICK_Config) refers to stm32f4xx_hal_cortex.o(i.NVIC_SetPriority) for NVIC_SetPriority
    stm32f4xx_hal_cortex.o(i.HAL_SYSTICK_IRQHandler) refers to stm32f4xx_hal_cortex.o(i.HAL_SYSTICK_Callback) for HAL_SYSTICK_Callback
[...]
    Removing system_stm32f4xx.o(.revsh_text), (4 bytes).
    Removing system_stm32f4xx.o(.rrx_text), (6 bytes).
    Removing system_stm32f4xx.o(i.SystemCoreClockUpdate), (192 bytes).
    Removing stm32f4xx_it.o(.rev16_text), (4 bytes).
    Removing stm32f4xx_it.o(.revsh_text), (4 bytes).
    Removing stm32f4xx_it.o(.rrx_text), (6 bytes).
    Removing stm32f4xx_hal_msp.o(.rev16_text), (4 bytes).
    Removing stm32f4xx_hal_msp.o(.revsh_text), (4 bytes).
    Removing stm32f4xx_hal_msp.o(.rrx_text), (6 bytes).
    Removing stm32f4xx_hal_msp.o(i.HAL_ADC_MspDeInit), (52 bytes).
    Removing stm32f4xx_hal_msp.o(i.HAL_TIM_Base_MspDeInit), (64 bytes).
    Removing main.o(.rev16_text), (4 bytes).
    Removing main.o(.revsh_text), (4 bytes).
    Removing main.o(.rrx_text), (6 bytes).
    Removing main.o(i.updateEnt), (36 bytes).

475 unused section(s) (total 37662 bytes) removed from the image.

==============================================================================

Image Symbol Table

    Local Symbols

    Symbol Name                              Value     Ov Type        Size  Object(Section)

    ../Drivers/STM32F4xx_HAL_Driver/Src/stm32f4xx_hal.c 0x00000000   Number         0  stm32f4xx_hal.o ABSOLUTE
    ../Drivers/STM32F4xx_HAL_Driver/Src/stm32f4xx_hal_adc.c 0x00000000   Number         0  stm32f4xx_hal_adc.o ABSOLUTE
    ../Drivers/STM32F4xx_HAL_Driver/Src/stm32f4xx_hal_adc_ex.c 0x00000000   Number         0  stm32f4xx_hal_adc_ex.o ABSOLUTE
    ../Drivers/STM32F4xx_HAL_Driver/Src/stm32f4xx_hal_cortex.c 0x00000000   Number         0  stm32f4xx_hal_cortex.o ABSOLUTE
    ../Drivers/STM32F4xx_HAL_Driver/Src/stm32f4xx_hal_dma.c 0x00000000   Number         0  stm32f4xx_hal_dma.o ABSOLUTE
    ../Drivers/STM32F4xx_HAL_Driver/Src/stm32f4xx_hal_dma_ex.c 0x00000000   Number         0  stm32f4xx_hal_dma_ex.o ABSOLUTE
    ../Drivers/STM32F4xx_HAL_Driver/Src/stm32f4xx_hal_flash.c 0x00000000   Number         0  stm32f4xx_hal_flash.o ABSOLUTE
    ../Drivers/STM32F4xx_HAL_Driver/Src/stm32f4xx_hal_flash_ex.c 0x00000000   Number         0  stm32f4xx_hal_flash_ex.o ABSOLUTE
    ../Drivers/STM32F4xx_HAL_Driver/Src/stm32f4xx_hal_flash_ramfunc.c 0x00000000   Number         0  stm32f4xx_hal_flash_ramfunc.o ABSOLUTE
    ../Drivers/STM32F4xx_HAL_Driver/Src/stm32f4xx_hal_gpio.c 0x00000000   Number         0  stm32f4xx_hal_gpio.o ABSOLUTE
    ../Drivers/STM32F4xx_HAL_Driver/Src/stm32f4xx_hal_hcd.c 0x00000000   Number         0  stm32f4xx_hal_hcd.o ABSOLUTE
    ../Drivers/STM32F4xx_HAL_Driver/Src/stm32f4xx_hal_i2c.c 0x00000000   Number         0  stm32f4xx_hal_i2c.o ABSOLUTE
    ../Drivers/STM32F4xx_HAL_Driver/Src/stm32f4xx_hal_i2c_ex.c 0x00000000   Number         0  stm32f4xx_hal_i2c_ex.o ABSOLUTE
    ../Drivers/STM32F4xx_HAL_Driver/Src/stm32f4xx_hal_i2s.c 0x00000000   Number         0  stm32f4xx_hal_i2s.o ABSOLUTE
    ../Drivers/STM32F4xx_HAL_Driver/Src/stm32f4xx_hal_i2s_ex.c 0x00000000   Number         0  stm32f4xx_hal_i2s_ex.o ABSOLUTE
    ../Drivers/STM32F4xx_HAL_Driver/Src/stm32f4xx_hal_pwr.c 0x00000000   Number         0  stm32f4xx_hal_pwr.o ABSOLUTE
    ../Drivers/STM32F4xx_HAL_Driver/Src/stm32f4xx_hal_pwr_ex.c 0x00000000   Number         0  stm32f4xx_hal_pwr_ex.o ABSOLUTE
    ../Drivers/STM32F4xx_HAL_Driver/Src/stm32f4xx_hal_rcc.c 0x00000000   Number         0  stm32f4xx_hal_rcc.o ABSOLUTE
    ../Drivers/STM32F4xx_HAL_Driver/Src/stm32f4xx_hal_rcc_ex.c 0x00000000   Number         0  stm32f4xx_hal_rcc_ex.o ABSOLUTE
    ../Drivers/STM32F4xx_HAL_Driver/Src/stm32f4xx_hal_spi.c 0x00000000   Number         0  stm32f4xx_hal_spi.o ABSOLUTE
    ../Drivers/STM32F4xx_HAL_Driver/Src/stm32f4xx_hal_tim.c 0x00000000   Number         0  stm32f4xx_hal_tim.o ABSOLUTE
    ../Drivers/STM32F4xx_HAL_Driver/Src/stm32f4xx_hal_tim_ex.c 0x00000000   Number         0  stm32f4xx_hal_tim_ex.o ABSOLUTE
    ../Drivers/STM32F4xx_HAL_Driver/Src/stm32f4xx_ll_usb.c 0x00000000   Number         0  stm32f4xx_ll_usb.o ABSOLUTE
    ../Middlewares/Third_Party/FreeRTOS/Source/CMSIS_RTOS/cmsis_os.c 0x00000000   Number         0  cmsis_os.o ABSOLUTE
    ../Middlewares/Third_Party/FreeRTOS/Source/croutine.c 0x00000000   Number         0  croutine.o ABSOLUTE
    ../Middlewares/Third_Party/FreeRTOS/Source/event_groups.c 0x00000000   Number         0  event_groups.o ABSOLUTE
    ../Middlewares/Third_Party/FreeRTOS/Source/list.c 0x00000000   Number         0  list.o ABSOLUTE
    ../Middlewares/Third_Party/FreeRTOS/Source/portable/MemMang/heap_4.c 0x00000000   Number         0  heap_4.o ABSOLUTE
    ../Middlewares/Third_Party/FreeRTOS/Source/portable/RVDS/ARM_CM4F/port.c 0x00000000   Number         0  port.o ABSOLUTE
    ../Middlewares/Third_Party/FreeRTOS/Source/queue.c 0x00000000   Number         0  queue.o ABSOLUTE
    ../Middlewares/Third_Party/FreeRTOS/Source/tasks.c 0x00000000   Number         0  tasks.o ABSOLUTE
    ../Middlewares/Third_Party/FreeRTOS/Source/timers.c 0x00000000   Number         0  timers.o ABSOLUTE
    ../Src/freertos.c                        0x00000000   Number         0  freertos.o ABSOLUTE
    ../Src/main.c                            0x00000000   Number         0  main.o ABSOLUTE
    ../Src/stm32f4xx_hal_msp.c               0x00000000   Number         0  stm32f4xx_hal_msp.o ABSOLUTE
    ../Src/stm32f4xx_it.c                    0x00000000   Number         0  stm32f4xx_it.o ABSOLUTE
    ../Src/system_stm32f4xx.c                0x00000000   Number         0  system_stm32f4xx.o ABSOLUTE
    ../clib/microlib/division.c              0x00000000   Number         0  uldiv.o ABSOLUTE
    ../clib/microlib/errno.c                 0x00000000   Number         0  errno.o ABSOLUTE
    ../clib/microlib/init/entry.s            0x00000000   Number         0  entry.o ABSOLUTE
    ../clib/microlib/init/entry.s            0x00000000   Number         0  entry5.o ABSOLUTE
    ../clib/microlib/init/entry.s            0x00000000   Number         0  entry2.o ABSOLUTE
    ../clib/microlib/init/entry.s            0x00000000   Number         0  entry11b.o ABSOLUTE
    ../clib/microlib/init/entry.s            0x00000000   Number         0  entry7a.o ABSOLUTE
    ../clib/microlib/init/entry.s            0x00000000   Number         0  entry7b.o ABSOLUTE
    ../clib/microlib/init/entry.s            0x00000000   Number         0  entry9a.o ABSOLUTE
    ../clib/microlib/init/entry.s            0x00000000   Number         0  entry8a.o ABSOLUTE
    ../clib/microlib/init/entry.s            0x00000000   Number         0  entry8b.o ABSOLUTE
    ../clib/microlib/init/entry.s            0x00000000   Number         0  entry11a.o ABSOLUTE
    ../clib/microlib/init/entry.s            0x00000000   Number         0  entry10b.o ABSOLUTE
    ../clib/microlib/init/entry.s            0x00000000   Number         0  entry10a.o ABSOLUTE
    ../clib/microlib/init/entry.s            0x00000000   Number         0  entry9b.o ABSOLUTE
    ../clib/microlib/longlong.c              0x00000000   Number         0  llushr.o ABSOLUTE
    ../clib/microlib/longlong.c              0x00000000   Number         0  llshl.o ABSOLUTE
    ../clib/microlib/string/memcpy.c         0x00000000   Number         0  memcpya.o ABSOLUTE
    ../clib/microlib/string/memcpy.c         0x00000000   Number         0  memcpyb.o ABSOLUTE
    ../clib/microlib/stubs.s                 0x00000000   Number         0  iusefp.o ABSOLUTE
    ../fplib/microlib/d2f.c                  0x00000000   Number         0  d2f.o ABSOLUTE
    ../fplib/microlib/f2d.c                  0x00000000   Number         0  f2d.o ABSOLUTE
    ../fplib/microlib/fpdiv.c                0x00000000   Number         0  ddiv.o ABSOLUTE
    ../fplib/microlib/fpepilogue.c           0x00000000   Number         0  fepilogue.o ABSOLUTE
    ../fplib/microlib/fpepilogue.c           0x00000000   Number         0  depilogue.o ABSOLUTE
    ../fplib/microlib/fpflt.c                0x00000000   Number         0  dflti.o ABSOLUTE
    ../fplib/microlib/fpmul.c                0x00000000   Number         0  dmul.o ABSOLUTE
    ../fplib/microlib/fpsqrt.c               0x00000000   Number         0  dsqrt.o ABSOLUTE
    ../mathlib/sqrt.c                        0x00000000   Number         0  sqrt.o ABSOLUTE
    ../mathlib/sqrt.c                        0x00000000   Number         0  sqrt_x.o ABSOLUTE
    ..\Drivers\STM32F4xx_HAL_Driver\Src\stm32f4xx_hal.c 0x00000000   Number         0  stm32f4xx_hal.o ABSOLUTE
    ..\Drivers\STM32F4xx_HAL_Driver\Src\stm32f4xx_hal_adc.c 0x00000000   Number         0  stm32f4xx_hal_adc.o ABSOLUTE
    ..\Drivers\STM32F4xx_HAL_Driver\Src\stm32f4xx_hal_adc_ex.c 0x00000000   Number         0  stm32f4xx_hal_adc_ex.o ABSOLUTE
    ..\Drivers\STM32F4xx_HAL_Driver\Src\stm32f4xx_hal_cortex.c 0x00000000   Number         0  stm32f4xx_hal_cortex.o ABSOLUTE
    ..\Drivers\STM32F4xx_HAL_Driver\Src\stm32f4xx_hal_dma.c 0x00000000   Number         0  stm32f4xx_hal_dma.o ABSOLUTE
    ..\Drivers\STM32F4xx_HAL_Driver\Src\stm32f4xx_hal_dma_ex.c 0x00000000   Number         0  stm32f4xx_hal_dma_ex.o ABSOLUTE
    ..\Drivers\STM32F4xx_HAL_Driver\Src\stm32f4xx_hal_flash.c 0x00000000   Number         0  stm32f4xx_hal_flash.o ABSOLUTE
    ..\Drivers\STM32F4xx_HAL_Driver\Src\stm32f4xx_hal_flash_ex.c 0x00000000   Number         0  stm32f4xx_hal_flash_ex.o ABSOLUTE
    ..\Drivers\STM32F4xx_HAL_Driver\Src\stm32f4xx_hal_flash_ramfunc.c 0x00000000   Number         0  stm32f4xx_hal_flash_ramfunc.o ABSOLUTE
    ..\Drivers\STM32F4xx_HAL_Driver\Src\stm32f4xx_hal_gpio.c 0x00000000   Number         0  stm32f4xx_hal_gpio.o ABSOLUTE
    ..\Drivers\STM32F4xx_HAL_Driver\Src\stm32f4xx_hal_hcd.c 0x00000000   Number         0  stm32f4xx_hal_hcd.o ABSOLUTE
    ..\Drivers\STM32F4xx_HAL_Driver\Src\stm32f4xx_hal_i2c.c 0x00000000   Number         0  stm32f4xx_hal_i2c.o ABSOLUTE
    ..\Drivers\STM32F4xx_HAL_Driver\Src\stm32f4xx_hal_i2c_ex.c 0x00000000   Number         0  stm32f4xx_hal_i2c_ex.o ABSOLUTE
    ..\Drivers\STM32F4xx_HAL_Driver\Src\stm32f4xx_hal_i2s.c 0x00000000   Number         0  stm32f4xx_hal_i2s.o ABSOLUTE
    ..\Drivers\STM32F4xx_HAL_Driver\Src\stm32f4xx_hal_i2s_ex.c 0x00000000   Number         0  stm32f4xx_hal_i2s_ex.o ABSOLUTE
    ..\Drivers\STM32F4xx_HAL_Driver\Src\stm32f4xx_hal_pwr.c 0x00000000   Number         0  stm32f4xx_hal_pwr.o ABSOLUTE
    ..\Drivers\STM32F4xx_HAL_Driver\Src\stm32f4xx_hal_pwr_ex.c 0x00000000   Number         0  stm32f4xx_hal_pwr_ex.o ABSOLUTE
    ..\Drivers\STM32F4xx_HAL_Driver\Src\stm32f4xx_hal_rcc.c 0x00000000   Number         0  stm32f4xx_hal_rcc.o ABSOLUTE
    ..\Drivers\STM32F4xx_HAL_Driver\Src\stm32f4xx_hal_rcc_ex.c 0x00000000   Number         0  stm32f4xx_hal_rcc_ex.o ABSOLUTE
    ..\Drivers\STM32F4xx_HAL_Driver\Src\stm32f4xx_hal_spi.c 0x00000000   Number         0  stm32f4xx_hal_spi.o ABSOLUTE
    ..\Drivers\STM32F4xx_HAL_Driver\Src\stm32f4xx_hal_tim.c 0x00000000   Number         0  stm32f4xx_hal_tim.o ABSOLUTE
    ..\Drivers\STM32F4xx_HAL_Driver\Src\stm32f4xx_hal_tim_ex.c 0x00000000   Number         0  stm32f4xx_hal_tim_ex.o ABSOLUTE
    ..\Drivers\STM32F4xx_HAL_Driver\Src\stm32f4xx_ll_usb.c 0x00000000   Number         0  stm32f4xx_ll_usb.o ABSOLUTE
    ..\Middlewares\Third_Party\FreeRTOS\Source\CMSIS_RTOS\cmsis_os.c 0x00000000   Number         0  cmsis_os.o ABSOLUTE
    ..\Middlewares\Third_Party\FreeRTOS\Source\portable\RVDS\ARM_CM4F\port.c 0x00000000   Number         0  port.o ABSOLUTE
    ..\Src\main.c                            0x00000000   Number         0  main.o ABSOLUTE
    ..\Src\stm32f4xx_hal_msp.c               0x00000000   Number         0  stm32f4xx_hal_msp.o ABSOLUTE
    ..\Src\stm32f4xx_it.c                    0x00000000   Number         0  stm32f4xx_it.o ABSOLUTE
    ..\Src\system_stm32f4xx.c                0x00000000   Number         0  system_stm32f4xx.o ABSOLUTE
    cdcmple.s                                0x00000000   Number         0  cdcmple.o ABSOLUTE
    cdrcmple.s                               0x00000000   Number         0  cdrcmple.o ABSOLUTE
    dc.s                                     0x00000000   Number         0  dc.o ABSOLUTE
    handlers.s                               0x00000000   Number         0  handlers.o ABSOLUTE
    init.s                                   0x00000000   Number         0  init.o ABSOLUTE
    startup_stm32f407xx.s                    0x00000000   Number         0  startup_stm32f407xx.o ABSOLUTE
    RESET                                    0x08000000   Section      392  startup_stm32f407xx.o(RESET)
    .ARM.Collect$$$$00000000                 0x08000188   Section        0  entry.o(.ARM.Collect$$$$00000000)
    .ARM.Collect$$$$00000001                 0x08000188   Section        4  entry2.o(.ARM.Collect$$$$00000001)
    .ARM.Collect$$$$00000004                 0x0800018c   Section        4  entry5.o(.ARM.Collect$$$$00000004)
    .ARM.Collect$$$$00000008                 0x08000190   Section        0  entry7b.o(.ARM.Collect$$$$00000008)
    .ARM.Collect$$$$0000000A                 0x08000190   Section        0  entry8b.o(.ARM.Collect$$$$0000000A)
    .ARM.Collect$$$$0000000B                 0x08000190   Section        8  entry9a.o(.ARM.Collect$$$$0000000B)
    .ARM.Collect$$$$0000000D                 0x08000198   Section        0  entry10a.o(.ARM.Collect$$$$0000000D)
    .ARM.Collect$$$$0000000F                 0x08000198   Section        0  entry11a.o(.ARM.Collect$$$$0000000F)
    .ARM.Collect$$$$00002712                 0x08000198   Section        4  entry2.o(.ARM.Collect$$$$00002712)
    __lit__00000000                          0x08000198   Data           4  entry2.o(.ARM.Collect$$$$00002712)
    .emb_text                                0x0800019c   Section      186  port.o(.emb_text)
    $v0                                      0x0800019c   Number         0  port.o(.emb_text)
    .text                                    0x08000258   Section       36  startup_stm32f407xx.o(.text)
    $v0                                      0x08000258   Number         0  startup_stm32f407xx.o(.text)
    .text                                    0x0800027c   Section        0  uldiv.o(.text)
    .text                                    0x080002de   Section        0  memcpya.o(.text)
    .text                                    0x08000302   Section        0  dmul.o(.text)
    .text                                    0x080003e6   Section        0  ddiv.o(.text)
    .text                                    0x080004c4   Section        0  dflti.o(.text)
    .text                                    0x080004e6   Section        0  f2d.o(.text)
    .text                                    0x0800050c   Section       48  cdcmple.o(.text)
    .text                                    0x0800053c   Section       48  cdrcmple.o(.text)
    .text                                    0x0800056c   Section        0  d2f.o(.text)
    .text                                    0x080005a4   Section        0  llshl.o(.text)
    .text                                    0x080005c2   Section        0  llushr.o(.text)
    .text                                    0x080005e2   Section        0  fepilogue.o(.text)
    .text                                    0x080005e2   Section        0  iusefp.o(.text)
    .text                                    0x08000650   Section        0  depilogue.o(.text)
    .text                                    0x0800070a   Section        0  dsqrt.o(.text)
    .text                                    0x080007ac   Section       36  init.o(.text)
    i.ADC_IRQHandler                         0x080007d0   Section        0  stm32f4xx_it.o(i.ADC_IRQHandler)
    i.ADC_Init                               0x080007e0   Section        0  stm32f4xx_hal_adc.o(i.ADC_Init)
    ADC_Init                                 0x080007e1   Thumb Code   340  stm32f4xx_hal_adc.o(i.ADC_Init)
    i.C_math                                 0x0800093c   Section        0  main.o(i.C_math)
    i.FIR_C                                  0x08000a38   Section        0  main.o(i.FIR_C)
    i.HAL_ADCEx_InjectedConvCpltCallback     0x08000ac0   Section        0  stm32f4xx_hal_adc_ex.o(i.HAL_ADCEx_InjectedConvCpltCallback)
    i.HAL_ADC_ConfigChannel                  0x08000ac4   Section        0  stm32f4xx_hal_adc.o(i.HAL_ADC_ConfigChannel)
    i.HAL_ADC_ConvCpltCallback               0x08000c50   Section        0  main.o(i.HAL_ADC_ConvCpltCallback)
    i.HAL_ADC_ErrorCallback                  0x08000d00   Section        0  stm32f4xx_hal_adc.o(i.HAL_ADC_ErrorCallback)
    i.HAL_ADC_GetValue                       0x08000d02   Section        0  stm32f4xx_hal_adc.o(i.HAL_ADC_GetValue)
    i.HAL_ADC_IRQHandler                     0x08000d0a   Section        0  stm32f4xx_hal_adc.o(i.HAL_ADC_IRQHandler)
    i.HAL_ADC_Init                           0x08000e80   Section        0  stm32f4xx_hal_adc.o(i.HAL_ADC_Init)
    i.HAL_ADC_LevelOutOfWindowCallback       0x08000ee8   Section        0  stm32f4xx_hal_adc.o(i.HAL_ADC_LevelOutOfWindowCallback)
    i.HAL_ADC_MspInit                        0x08000eec   Section        0  stm32f4xx_hal_msp.o(i.HAL_ADC_MspInit)
    i.HAL_ADC_Start_IT                       0x08000f50   Section        0  stm32f4xx_hal_adc.o(i.HAL_ADC_Start_IT)
    i.HAL_ADC_Stop_IT                        0x08001060   Section        0  stm32f4xx_hal_adc.o(i.HAL_ADC_Stop_IT)
    i.HAL_Delay                              0x080010b8   Section        0  stm32f4xx_hal.o(i.HAL_Delay)
    i.HAL_GPIO_Init                          0x080010e0   Section        0  stm32f4xx_hal_gpio.o(i.HAL_GPIO_Init)
    i.HAL_GPIO_ReadPin                       0x080012e0   Section        0  stm32f4xx_hal_gpio.o(i.HAL_GPIO_ReadPin)
    i.HAL_GPIO_WritePin                      0x080012f0   Section        0  stm32f4xx_hal_gpio.o(i.HAL_GPIO_WritePin)
    i.HAL_GetTick                            0x080012fc   Section        0  stm32f4xx_hal.o(i.HAL_GetTick)
    i.HAL_IncTick                            0x08001308   Section        0  stm32f4xx_hal.o(i.HAL_IncTick)
    i.HAL_Init                               0x08001320   Section        0  stm32f4xx_hal.o(i.HAL_Init)
    i.HAL_InitTick                           0x0800135c   Section        0  stm32f4xx_hal.o(i.HAL_InitTick)
    i.HAL_MspInit                            0x080013a8   Section        0  stm32f4xx_hal_msp.o(i.HAL_MspInit)
    i.HAL_NVIC_EnableIRQ                     0x080013fe   Section        0  stm32f4xx_hal_cortex.o(i.HAL_NVIC_EnableIRQ)
    i.HAL_NVIC_SetPriority                   0x08001418   Section        0  stm32f4xx_hal_cortex.o(i.HAL_NVIC_SetPriority)
    i.HAL_NVIC_SetPriorityGrouping           0x08001494   Section        0  stm32f4xx_hal_cortex.o(i.HAL_NVIC_SetPriorityGrouping)
    i.HAL_RCC_ClockConfig                    0x080014bc   Section        0  stm32f4xx_hal_rcc.o(i.HAL_RCC_ClockConfig)
    i.HAL_RCC_GetHCLKFreq                    0x0800163c   Section        0  stm32f4xx_hal_rcc.o(i.HAL_RCC_GetHCLKFreq)
    i.HAL_RCC_GetSysClockFreq                0x08001648   Section        0  stm32f4xx_hal_rcc.o(i.HAL_RCC_GetSysClockFreq)
    i.HAL_RCC_OscConfig                      0x080016f8   Section        0  stm32f4xx_hal_rcc.o(i.HAL_RCC_OscConfig)
    i.HAL_SYSTICK_CLKSourceConfig            0x08001b40   Section        0  stm32f4xx_hal_cortex.o(i.HAL_SYSTICK_CLKSourceConfig)
    i.HAL_SYSTICK_Config                     0x08001b68   Section        0  stm32f4xx_hal_cortex.o(i.HAL_SYSTICK_Config)
    i.HAL_TIMEx_BreakCallback                0x08001b9c   Section        0  stm32f4xx_hal_tim_ex.o(i.HAL_TIMEx_BreakCallback)
    i.HAL_TIMEx_CommutationCallback          0x08001b9e   Section        0  stm32f4xx_hal_tim_ex.o(i.HAL_TIMEx_CommutationCallback)
    i.HAL_TIMEx_MasterConfigSynchronization  0x08001ba0   Section        0  stm32f4xx_hal_tim_ex.o(i.HAL_TIMEx_MasterConfigSynchronization)
    i.HAL_TIM_Base_Init                      0x08001c02   Section        0  stm32f4xx_hal_tim.o(i.HAL_TIM_Base_Init)
    i.HAL_TIM_Base_MspInit                   0x08001c38   Section        0  stm32f4xx_hal_msp.o(i.HAL_TIM_Base_MspInit)
    i.HAL_TIM_Base_Start                     0x08001ca8   Section        0  stm32f4xx_hal_tim.o(i.HAL_TIM_Base_Start)
    i.HAL_TIM_ConfigClockSource              0x08001cc6   Section        0  stm32f4xx_hal_tim.o(i.HAL_TIM_ConfigClockSource)
    i.HAL_TIM_IC_CaptureCallback             0x08001df8   Section        0  stm32f4xx_hal_tim.o(i.HAL_TIM_IC_CaptureCallback)
    i.HAL_TIM_IRQHandler                     0x08001dfa   Section        0  stm32f4xx_hal_tim.o(i.HAL_TIM_IRQHandler)
    i.HAL_TIM_MspPostInit                    0x08001f90   Section        0  stm32f4xx_hal_msp.o(i.HAL_TIM_MspPostInit)
    i.HAL_TIM_OC_DelayElapsedCallback        0x08001fc4   Section        0  stm32f4xx_hal_tim.o(i.HAL_TIM_OC_DelayElapsedCallback)
    i.HAL_TIM_PWM_ConfigChannel              0x08001fc6   Section        0  stm32f4xx_hal_tim.o(i.HAL_TIM_PWM_ConfigChannel)
    i.HAL_TIM_PWM_Init                       0x080020ce   Section        0  stm32f4xx_hal_tim.o(i.HAL_TIM_PWM_Init)
    i.HAL_TIM_PWM_MspInit                    0x08002102   Section        0  stm32f4xx_hal_tim.o(i.HAL_TIM_PWM_MspInit)
    i.HAL_TIM_PWM_PulseFinishedCallback      0x08002104   Section        0  stm32f4xx_hal_tim.o(i.HAL_TIM_PWM_PulseFinishedCallback)
    i.HAL_TIM_PWM_Start                      0x08002108   Section        0  stm32f4xx_hal_tim.o(i.HAL_TIM_PWM_Start)
    i.HAL_TIM_PWM_Stop                       0x08002154   Section        0  stm32f4xx_hal_tim.o(i.HAL_TIM_PWM_Stop)
    i.HAL_TIM_PeriodElapsedCallback          0x080021dc   Section        0  stm32f4xx_hal_tim.o(i.HAL_TIM_PeriodElapsedCallback)
    i.HAL_TIM_TriggerCallback                0x080021de   Section        0  stm32f4xx_hal_tim.o(i.HAL_TIM_TriggerCallback)
    i.MX_ADC1_Init                           0x080021e0   Section        0  main.o(i.MX_ADC1_Init)
    MX_ADC1_Init                             0x080021e1   Thumb Code   102  main.o(i.MX_ADC1_Init)
    i.MX_GPIO_Init                           0x08002260   Section        0  main.o(i.MX_GPIO_Init)
    MX_GPIO_Init                             0x08002261   Thumb Code   648  main.o(i.MX_GPIO_Init)
    i.MX_TIM2_Init                           0x08002504   Section        0  main.o(i.MX_TIM2_Init)
    MX_TIM2_Init                             0x08002505   Thumb Code   106  main.o(i.MX_TIM2_Init)
    i.MX_TIM3_Init                           0x08002584   Section        0  main.o(i.MX_TIM3_Init)
    MX_TIM3_Init                             0x08002585   Thumb Code   162  main.o(i.MX_TIM3_Init)
    i.NVIC_GetPriorityGrouping               0x08002640   Section        0  stm32f4xx_hal_cortex.o(i.NVIC_GetPriorityGrouping)
    NVIC_GetPriorityGrouping                 0x08002641   Thumb Code    10  stm32f4xx_hal_cortex.o(i.NVIC_GetPriorityGrouping)
    i.NVIC_SetPriority                       0x08002650   Section        0  stm32f4xx_hal_cortex.o(i.NVIC_SetPriority)
    NVIC_SetPriority                         0x08002651   Thumb Code    32  stm32f4xx_hal_cortex.o(i.NVIC_SetPriority)
    i.StartDefaultTask                       0x08002678   Section        0  main.o(i.StartDefaultTask)
    i.Start_ADC_calc                         0x080026d8   Section        0  main.o(i.Start_ADC_calc)
    i.Start_PWM_control                      0x08002714   Section        0  main.o(i.Start_PWM_control)
    i.Start_display                          0x08002720   Section        0  main.o(i.Start_display)
    i.Start_pad_read                         0x08002790   Section        0  main.o(i.Start_pad_read)
    i.Start_state_control                    0x080027a8   Section        0  main.o(i.Start_state_control)
    i.SysTick_Handler                        0x080029a4   Section        0  stm32f4xx_it.o(i.SysTick_Handler)
    i.SystemClock_Config                     0x080029b0   Section        0  main.o(i.SystemClock_Config)
    i.SystemInit                             0x08002a94   Section        0  system_stm32f4xx.o(i.SystemInit)
    i.TIM2_IRQHandler                        0x08002af8   Section        0  stm32f4xx_it.o(i.TIM2_IRQHandler)
    i.TIM_Base_SetConfig                     0x08002b08   Section        0  stm32f4xx_hal_tim.o(i.TIM_Base_SetConfig)
    i.TIM_CCxChannelCmd                      0x08002bec   Section        0  stm32f4xx_hal_tim.o(i.TIM_CCxChannelCmd)
    i.TIM_ETR_SetConfig                      0x08002c08   Section        0  stm32f4xx_hal_tim.o(i.TIM_ETR_SetConfig)
    TIM_ETR_SetConfig                        0x08002c09   Thumb Code    24  stm32f4xx_hal_tim.o(i.TIM_ETR_SetConfig)
    i.TIM_ITRx_SetConfig                     0x08002c20   Section        0  stm32f4xx_hal_tim.o(i.TIM_ITRx_SetConfig)
    TIM_ITRx_SetConfig                       0x08002c21   Thumb Code    20  stm32f4xx_hal_tim.o(i.TIM_ITRx_SetConfig)
    i.TIM_OC1_SetConfig                      0x08002c34   Section        0  stm32f4xx_hal_tim.o(i.TIM_OC1_SetConfig)
    TIM_OC1_SetConfig                        0x08002c35   Thumb Code   102  stm32f4xx_hal_tim.o(i.TIM_OC1_SetConfig)
    i.TIM_OC2_SetConfig                      0x08002ca4   Section        0  stm32f4xx_hal_tim.o(i.TIM_OC2_SetConfig)
    i.TIM_OC3_SetConfig                      0x08002d1c   Section        0  stm32f4xx_hal_tim.o(i.TIM_OC3_SetConfig)
    TIM_OC3_SetConfig                        0x08002d1d   Thumb Code   110  stm32f4xx_hal_tim.o(i.TIM_OC3_SetConfig)
    i.TIM_OC4_SetConfig                      0x08002d94   Section        0  stm32f4xx_hal_tim.o(i.TIM_OC4_SetConfig)
    TIM_OC4_SetConfig                        0x08002d95   Thumb Code    88  stm32f4xx_hal_tim.o(i.TIM_OC4_SetConfig)
    i.TIM_TI1_ConfigInputStage               0x08002df4   Section        0  stm32f4xx_hal_tim.o(i.TIM_TI1_ConfigInputStage)
    TIM_TI1_ConfigInputStage                 0x08002df5   Thumb Code    42  stm32f4xx_hal_tim.o(i.TIM_TI1_ConfigInputStage)
    i.TIM_TI2_ConfigInputStage               0x08002e1e   Section        0  stm32f4xx_hal_tim.o(i.TIM_TI2_ConfigInputStage)
    TIM_TI2_ConfigInputStage                 0x08002e1f   Thumb Code    44  stm32f4xx_hal_tim.o(i.TIM_TI2_ConfigInputStage)
    i._Error_Handler                         0x08002e4a   Section        0  main.o(i._Error_Handler)
    i.__hardfp_sqrt                          0x08002e4e   Section        0  sqrt.o(i.__hardfp_sqrt)
    i.__scatterload_copy                     0x08002ec8   Section       14  handlers.o(i.__scatterload_copy)
    i.__scatterload_null                     0x08002ed6   Section        2  handlers.o(i.__scatterload_null)
    i.__scatterload_zeroinit                 0x08002ed8   Section       14  handlers.o(i.__scatterload_zeroinit)
    i.__set_errno                            0x08002ee8   Section        0  errno.o(i.__set_errno)
    i.display                                0x08002ef4   Section        0  main.o(i.display)
    i.displayNum                             0x08002ff0   Section        0  main.o(i.displayNum)
    i.main                                   0x080034fc   Section        0  main.o(i.main)
    i.makeFreeRtosPriority                   0x080035fc   Section        0  cmsis_os.o(i.makeFreeRtosPriority)
    makeFreeRtosPriority                     0x080035fd   Thumb Code    14  cmsis_os.o(i.makeFreeRtosPriority)
    i.osDelay                                0x0800360a   Section        0  cmsis_os.o(i.osDelay)
    i.osKernelStart                          0x08003622   Section        0  cmsis_os.o(i.osKernelStart)
    i.osSemaphoreCreate                      0x0800362c   Section        0  cmsis_os.o(i.osSemaphoreCreate)
    i.osSystickHandler                       0x08003658   Section        0  cmsis_os.o(i.osSystickHandler)
    i.osThreadCreate                         0x08003668   Section        0  cmsis_os.o(i.osThreadCreate)
    i.prvAddCurrentTaskToDelayedList         0x08003698   Section        0  tasks.o(i.prvAddCurrentTaskToDelayedList)
    prvAddCurrentTaskToDelayedList           0x08003699   Thumb Code   124  tasks.o(i.prvAddCurrentTaskToDelayedList)
    i.prvAddNewTaskToReadyList               0x08003730   Section        0  tasks.o(i.prvAddNewTaskToReadyList)
    prvAddNewTaskToReadyList                 0x08003731   Thumb Code   150  tasks.o(i.prvAddNewTaskToReadyList)
    i.prvCheckTasksWaitingTermination        0x080037e4   Section        0  tasks.o(i.prvCheckTasksWaitingTermination)
    prvCheckTasksWaitingTermination          0x080037e5   Thumb Code    86  tasks.o(i.prvCheckTasksWaitingTermination)
    i.prvCopyDataToQueue                     0x08003848   Section        0  queue.o(i.prvCopyDataToQueue)
    prvCopyDataToQueue                       0x08003849   Thumb Code   124  queue.o(i.prvCopyDataToQueue)
    i.prvDeleteTCB                           0x080038c4   Section        0  tasks.o(i.prvDeleteTCB)
    prvDeleteTCB                             0x080038c5   Thumb Code    18  tasks.o(i.prvDeleteTCB)
    i.prvHeapInit                            0x080038d8   Section        0  heap_4.o(i.prvHeapInit)
    prvHeapInit                              0x080038d9   Thumb Code    98  heap_4.o(i.prvHeapInit)
    i.prvIdleTask                            0x08003954   Section        0  tasks.o(i.prvIdleTask)
    prvIdleTask                              0x08003955   Thumb Code    32  tasks.o(i.prvIdleTask)
    i.prvInitialiseNewQueue                  0x0800397c   Section        0  queue.o(i.prvInitialiseNewQueue)
    prvInitialiseNewQueue                    0x0800397d   Thumb Code    38  queue.o(i.prvInitialiseNewQueue)
    i.prvInitialiseNewTask                   0x080039a2   Section        0  tasks.o(i.prvInitialiseNewTask)
    prvInitialiseNewTask                     0x080039a3   Thumb Code   170  tasks.o(i.prvInitialiseNewTask)
    i.prvInitialiseTaskLists                 0x08003a4c   Section        0  tasks.o(i.prvInitialiseTaskLists)
    prvInitialiseTaskLists                   0x08003a4d   Thumb Code    70  tasks.o(i.prvInitialiseTaskLists)
    i.prvInsertBlockIntoFreeList             0x08003ab4   Section        0  heap_4.o(i.prvInsertBlockIntoFreeList)
    prvInsertBlockIntoFreeList               0x08003ab5   Thumb Code    96  heap_4.o(i.prvInsertBlockIntoFreeList)
    i.prvIsQueueFull                         0x08003b1c   Section        0  queue.o(i.prvIsQueueFull)
    prvIsQueueFull                           0x08003b1d   Thumb Code    30  queue.o(i.prvIsQueueFull)
    i.prvResetNextTaskUnblockTime            0x08003b3c   Section        0  tasks.o(i.prvResetNextTaskUnblockTime)
    prvResetNextTaskUnblockTime              0x08003b3d   Thumb Code    42  tasks.o(i.prvResetNextTaskUnblockTime)
    i.prvTaskExitError                       0x08003b70   Section        0  port.o(i.prvTaskExitError)
    prvTaskExitError                         0x08003b71   Thumb Code    60  port.o(i.prvTaskExitError)
    i.prvUnlockQueue                         0x08003bb0   Section        0  queue.o(i.prvUnlockQueue)
    prvUnlockQueue                           0x08003bb1   Thumb Code   126  queue.o(i.prvUnlockQueue)
    i.pvPortMalloc                           0x08003c30   Section        0  heap_4.o(i.pvPortMalloc)
    i.pxPortInitialiseStack                  0x08003d6c   Section        0  port.o(i.pxPortInitialiseStack)
    i.readPad                                0x08003d98   Section        0  main.o(i.readPad)
    i.set_highPeriods                        0x0800400c   Section        0  main.o(i.set_highPeriods)
    i.uxListRemove                           0x08004230   Section        0  list.o(i.uxListRemove)
    i.vListInitialise                        0x08004258   Section        0  list.o(i.vListInitialise)
    i.vListInitialiseItem                    0x08004272   Section        0  list.o(i.vListInitialiseItem)
    i.vListInsert                            0x08004278   Section        0  list.o(i.vListInsert)
    i.vListInsertEnd                         0x080042ac   Section        0  list.o(i.vListInsertEnd)
    i.vPortEnterCritical                     0x080042c4   Section        0  port.o(i.vPortEnterCritical)
    i.vPortExitCritical                      0x08004318   Section        0  port.o(i.vPortExitCritical)
    i.vPortFree                              0x08004354   Section        0  heap_4.o(i.vPortFree)
    i.vPortSetupTimerInterrupt               0x080043e8   Section        0  port.o(i.vPortSetupTimerInterrupt)
    i.vTaskDelay                             0x08004408   Section        0  tasks.o(i.vTaskDelay)
    i.vTaskMissedYield                       0x08004464   Section        0  tasks.o(i.vTaskMissedYield)
    i.vTaskPlaceOnEventList                  0x08004470   Section        0  tasks.o(i.vTaskPlaceOnEventList)
    i.vTaskSetTimeOutState                   0x080044a8   Section        0  tasks.o(i.vTaskSetTimeOutState)
    i.vTaskStartScheduler                    0x080044d8   Section        0  tasks.o(i.vTaskStartScheduler)
    i.vTaskSuspendAll                        0x08004560   Section        0  tasks.o(i.vTaskSuspendAll)
    i.vTaskSwitchContext                     0x08004570   Section        0  tasks.o(i.vTaskSwitchContext)
    i.xPortStartScheduler                    0x080045fc   Section        0  port.o(i.xPortStartScheduler)
    i.xPortSysTickHandler                    0x08004738   Section        0  port.o(i.xPortSysTickHandler)
    i.xQueueGenericCreate                    0x0800476c   Section        0  queue.o(i.xQueueGenericCreate)
    i.xQueueGenericReset                     0x080047c4   Section        0  queue.o(i.xQueueGenericReset)
    i.xQueueGenericSend                      0x0800485c   Section        0  queue.o(i.xQueueGenericSend)
    i.xTaskCheckForTimeOut                   0x08004a04   Section        0  tasks.o(i.xTaskCheckForTimeOut)
    i.xTaskCreate                            0x08004a90   Section        0  tasks.o(i.xTaskCreate)
    i.xTaskGetSchedulerState                 0x08004af0   Section        0  tasks.o(i.xTaskGetSchedulerState)
    i.xTaskIncrementTick                     0x08004b10   Section        0  tasks.o(i.xTaskIncrementTick)
    i.xTaskPriorityDisinherit                0x08004c58   Section        0  tasks.o(i.xTaskPriorityDisinherit)
    i.xTaskRemoveFromEventList               0x08004d20   Section        0  tasks.o(i.xTaskRemoveFromEventList)
    i.xTaskResumeAll                         0x08004db8   Section        0  tasks.o(i.xTaskResumeAll)
    .constdata                               0x08004ebc   Section       24  system_stm32f4xx.o(.constdata)
    .constdata                               0x08004ed4   Section      188  main.o(.constdata)
    .conststring                             0x08004f90   Section       72  main.o(.conststring)
    .data                                    0x20000000   Section        9  stm32f4xx_hal.o(.data)
    .data                                    0x2000000c   Section       24  heap_4.o(.data)
    xStart                                   0x2000000c   Data           8  heap_4.o(.data)
    pxEnd                                    0x20000014   Data           4  heap_4.o(.data)
    xFreeBytesRemaining                      0x20000018   Data           4  heap_4.o(.data)
    xMinimumEverFreeBytesRemaining           0x2000001c   Data           4  heap_4.o(.data)
    xBlockAllocatedBit                       0x20000020   Data           4  heap_4.o(.data)
    .data                                    0x20000024   Section       60  tasks.o(.data)
    pxDelayedTaskList                        0x20000028   Data           4  tasks.o(.data)
    pxOverflowDelayedTaskList                0x2000002c   Data           4  tasks.o(.data)
    uxDeletedTasksWaitingCleanUp             0x20000030   Data           4  tasks.o(.data)
    uxCurrentNumberOfTasks                   0x20000034   Data           4  tasks.o(.data)
    xTickCount                               0x20000038   Data           4  tasks.o(.data)
    uxTopReadyPriority                       0x2000003c   Data           4  tasks.o(.data)
    xSchedulerRunning                        0x20000040   Data           4  tasks.o(.data)
    uxPendedTicks                            0x20000044   Data           4  tasks.o(.data)
    xYieldPending                            0x20000048   Data           4  tasks.o(.data)
    xNumOfOverflows                          0x2000004c   Data           4  tasks.o(.data)
    uxTaskNumber                             0x20000050   Data           4  tasks.o(.data)
    xNextTaskUnblockTime                     0x20000054   Data           4  tasks.o(.data)
    xIdleTaskHandle                          0x20000058   Data           4  tasks.o(.data)
    uxSchedulerSuspended                     0x2000005c   Data           4  tasks.o(.data)
    .data                                    0x20000060   Section       12  port.o(.data)
    uxCriticalNesting                        0x20000060   Data           4  port.o(.data)
    ucMaxSysCallPriority                     0x20000064   Data           1  port.o(.data)
    ulMaxPRIGROUPValue                       0x20000068   Data           4  port.o(.data)
    .data                                    0x2000006c   Section        4  system_stm32f4xx.o(.data)
    .data                                    0x20000070   Section       96  main.o(.data)
    .data                                    0x200000d0   Section        4  errno.o(.data)
    _errno                                   0x200000d0   Data           4  errno.o(.data)
    .bss                                     0x200000d4   Section    15360  heap_4.o(.bss)
    ucHeap                                   0x200000d4   Data       15360  heap_4.o(.bss)
    .bss                                     0x20003cd4   Section      240  tasks.o(.bss)
    pxReadyTasksLists                        0x20003cd4   Data         140  tasks.o(.bss)
    xDelayedTaskList1                        0x20003d60   Data          20  tasks.o(.bss)
    xDelayedTaskList2                        0x20003d74   Data          20  tasks.o(.bss)
    xPendingReadyList                        0x20003d88   Data          20  tasks.o(.bss)
    xTasksWaitingTermination                 0x20003d9c   Data          20  tasks.o(.bss)
    xSuspendedTaskList                       0x20003db0   Data          20  tasks.o(.bss)
    .bss                                     0x20003dc4   Section      408  main.o(.bss)
    STACK                                    0x20003f60   Section     1024  startup_stm32f407xx.o(STACK)

    Global Symbols

    Symbol Name                              Value     Ov Type        Size  Object(Section)

    BuildAttributes$$THM_ISAv4$E$P$D$K$B$S$7EM$VFPi3$EXTD16$VFPS$VFMA$PE$A:L22UL41UL21$X:L11$S22US41US21$IEEE1$IW$USESV6$~STKCKD$USESV7$~SHL$OTIME$ROPI$IEEEJ$EBA8$MICROLIB$REQ8$PRES8$EABIv2 0x00000000   Number         0  anon$$obj.o ABSOLUTE
    __ARM_use_no_argv                        0x00000000   Number         0  main.o ABSOLUTE
    __cpp_initialize__aeabi_                  - Undefined Weak Reference
    __cxa_finalize                            - Undefined Weak Reference
    __decompress                              - Undefined Weak Reference
    _clock_init                               - Undefined Weak Reference
    _microlib_exit                            - Undefined Weak Reference
    __Vectors_Size                           0x00000188   Number         0  startup_stm32f407xx.o ABSOLUTE
    __Vectors                                0x08000000   Data           4  startup_stm32f407xx.o(RESET)
    __Vectors_End                            0x08000188   Data           0  startup_stm32f407xx.o(RESET)
    __main                                   0x08000189   Thumb Code     0  entry.o(.ARM.Collect$$$$00000000)
    _main_stk                                0x08000189   Thumb Code     0  entry2.o(.ARM.Collect$$$$00000001)
    _main_scatterload                        0x0800018d   Thumb Code     0  entry5.o(.ARM.Collect$$$$00000004)
    __main_after_scatterload                 0x08000191   Thumb Code     0  entry5.o(.ARM.Collect$$$$00000004)
    _main_clock                              0x08000191   Thumb Code     0  entry7b.o(.ARM.Collect$$$$00000008)
    _main_cpp_init                           0x08000191   Thumb Code     0  entry8b.o(.ARM.Collect$$$$0000000A)
    _main_init                               0x08000191   Thumb Code     0  entry9a.o(.ARM.Collect$$$$0000000B)
    __rt_final_cpp                           0x08000199   Thumb Code     0  entry10a.o(.ARM.Collect$$$$0000000D)
    __rt_final_exit                          0x08000199   Thumb Code     0  entry11a.o(.ARM.Collect$$$$0000000F)
    SVC_Handler                              0x0800019d   Thumb Code    28  port.o(.emb_text)
    __asm___6_port_c_39a90d8d__prvStartFirstTask 0x080001bd   Thumb Code    28  port.o(.emb_text)
    __asm___6_port_c_39a90d8d__prvEnableVFP  0x080001dd   Thumb Code    16  port.o(.emb_text)
    PendSV_Handler                           0x080001f1   Thumb Code    92  port.o(.emb_text)
    vPortGetIPSR                             0x08000251   Thumb Code     6  port.o(.emb_text)
    Reset_Handler                            0x08000259   Thumb Code     8  startup_stm32f407xx.o(.text)
    NMI_Handler                              0x08000261   Thumb Code     2  startup_stm32f407xx.o(.text)
    HardFault_Handler                        0x08000263   Thumb Code     2  startup_stm32f407xx.o(.text)
    MemManage_Handler                        0x08000265   Thumb Code     2  startup_stm32f407xx.o(.text)
    BusFault_Handler                         0x08000267   Thumb Code     2  startup_stm32f407xx.o(.text)
    UsageFault_Handler                       0x08000269   Thumb Code     2  startup_stm32f407xx.o(.text)
    DebugMon_Handler                         0x0800026d   Thumb Code     2  startup_stm32f407xx.o(.text)
    CAN1_RX0_IRQHandler                      0x08000273   Thumb Code     0  startup_stm32f407xx.o(.text)
    CAN1_RX1_IRQHandler                      0x08000273   Thumb Code     0  startup_stm32f407xx.o(.text)
    CAN1_SCE_IRQHandler                      0x08000273   Thumb Code     0  startup_stm32f407xx.o(.text)
    CAN1_TX_IRQHandler                       0x08000273   Thumb Code     0  startup_stm32f407xx.o(.text)
    CAN2_RX0_IRQHandler                      0x08000273   Thumb Code     0  startup_stm32f407xx.o(.text)
    CAN2_RX1_IRQHandler                      0x08000273   Thumb Code     0  startup_stm32f407xx.o(.text)
    CAN2_SCE_IRQHandler                      0x08000273   Thumb Code     0  startup_stm32f407xx.o(.text)
    CAN2_TX_IRQHandler                       0x08000273   Thumb Code     0  startup_stm32f407xx.o(.text)
    DCMI_IRQHandler                          0x08000273   Thumb Code     0  startup_stm32f407xx.o(.text)
    DMA1_Stream0_IRQHandler                  0x08000273   Thumb Code     0  startup_stm32f407xx.o(.text)
    DMA1_Stream1_IRQHandler                  0x08000273   Thumb Code     0  startup_stm32f407xx.o(.text)
    DMA1_Stream2_IRQHandler                  0x08000273   Thumb Code     0  startup_stm32f407xx.o(.text)
    DMA1_Stream3_IRQHandler                  0x08000273   Thumb Code     0  startup_stm32f407xx.o(.text)
    DMA1_Stream4_IRQHandler                  0x08000273   Thumb Code     0  startup_stm32f407xx.o(.text)
    DMA1_Stream5_IRQHandler                  0x08000273   Thumb Code     0  startup_stm32f407xx.o(.text)
    DMA1_Stream6_IRQHandler                  0x08000273   Thumb Code     0  startup_stm32f407xx.o(.text)
    DMA1_Stream7_IRQHandler                  0x08000273   Thumb Code     0  startup_stm32f407xx.o(.text)
    DMA2_Stream0_IRQHandler                  0x08000273   Thumb Code     0  startup_stm32f407xx.o(.text)
    DMA2_Stream1_IRQHandler                  0x08000273   Thumb Code     0  startup_stm32f407xx.o(.text)
    DMA2_Stream2_IRQHandler                  0x08000273   Thumb Code     0  startup_stm32f407xx.o(.text)
    DMA2_Stream3_IRQHandler                  0x08000273   Thumb Code     0  startup_stm32f407xx.o(.text)
    DMA2_Stream4_IRQHandler                  0x08000273   Thumb Code     0  startup_stm32f407xx.o(.text)
    DMA2_Stream5_IRQHandler                  0x08000273   Thumb Code     0  startup_stm32f407xx.o(.text)
    DMA2_Stream6_IRQHandler                  0x08000273   Thumb Code     0  startup_stm32f407xx.o(.text)
    DMA2_Stream7_IRQHandler                  0x08000273   Thumb Code     0  startup_stm32f407xx.o(.text)
    ETH_IRQHandler                           0x08000273   Thumb Code     0  startup_stm32f407xx.o(.text)
    ETH_WKUP_IRQHandler                      0x08000273   Thumb Code     0  startup_stm32f407xx.o(.text)
    EXTI0_IRQHandler                         0x08000273   Thumb Code     0  startup_stm32f407xx.o(.text)
    EXTI15_10_IRQHandler                     0x08000273   Thumb Code     0  startup_stm32f407xx.o(.text)
    EXTI1_IRQHandler                         0x08000273   Thumb Code     0  startup_stm32f407xx.o(.text)
    EXTI2_IRQHandler                         0x08000273   Thumb Code     0  startup_stm32f407xx.o(.text)
    EXTI3_IRQHandler                         0x08000273   Thumb Code     0  startup_stm32f407xx.o(.text)
    EXTI4_IRQHandler                         0x08000273   Thumb Code     0  startup_stm32f407xx.o(.text)
    EXTI9_5_IRQHandler                       0x08000273   Thumb Code     0  startup_stm32f407xx.o(.text)
    FLASH_IRQHandler                         0x08000273   Thumb Code     0  startup_stm32f407xx.o(.text)
    FMC_IRQHandler                           0x08000273   Thumb Code     0  startup_stm32f407xx.o(.text)
    FPU_IRQHandler                           0x08000273   Thumb Code     0  startup_stm32f407xx.o(.text)
    HASH_RNG_IRQHandler                      0x08000273   Thumb Code     0  startup_stm32f407xx.o(.text)
    I2C1_ER_IRQHandler                       0x08000273   Thumb Code     0  startup_stm32f407xx.o(.text)
    I2C1_EV_IRQHandler                       0x08000273   Thumb Code     0  startup_stm32f407xx.o(.text)
    I2C2_ER_IRQHandler                       0x08000273   Thumb Code     0  startup_stm32f407xx.o(.text)
    I2C2_EV_IRQHandler                       0x08000273   Thumb Code     0  startup_stm32f407xx.o(.text)
    I2C3_ER_IRQHandler                       0x08000273   Thumb Code     0  startup_stm32f407xx.o(.text)
    I2C3_EV_IRQHandler                       0x08000273   Thumb Code     0  startup_stm32f407xx.o(.text)
    OTG_FS_IRQHandler                        0x08000273   Thumb Code     0  startup_stm32f407xx.o(.text)
    OTG_FS_WKUP_IRQHandler                   0x08000273   Thumb Code     0  startup_stm32f407xx.o(.text)
    OTG_HS_EP1_IN_IRQHandler                 0x08000273   Thumb Code     0  startup_stm32f407xx.o(.text)
    OTG_HS_EP1_OUT_IRQHandler                0x08000273   Thumb Code     0  startup_stm32f407xx.o(.text)
    OTG_HS_IRQHandler                        0x08000273   Thumb Code     0  startup_stm32f407xx.o(.text)
    OTG_HS_WKUP_IRQHandler                   0x08000273   Thumb Code     0  startup_stm32f407xx.o(.text)
    PVD_IRQHandler                           0x08000273   Thumb Code     0  startup_stm32f407xx.o(.text)
    RCC_IRQHandler                           0x08000273   Thumb Code     0  startup_stm32f407xx.o(.text)
    RTC_Alarm_IRQHandler                     0x08000273   Thumb Code     0  startup_stm32f407xx.o(.text)
    RTC_WKUP_IRQHandler                      0x08000273   Thumb Code     0  startup_stm32f407xx.o(.text)
    SDIO_IRQHandler                          0x08000273   Thumb Code     0  startup_stm32f407xx.o(.text)
    SPI1_IRQHandler                          0x08000273   Thumb Code     0  startup_stm32f407xx.o(.text)
    SPI2_IRQHandler                          0x08000273   Thumb Code     0  startup_stm32f407xx.o(.text)
    SPI3_IRQHandler                          0x08000273   Thumb Code     0  startup_stm32f407xx.o(.text)
    TAMP_STAMP_IRQHandler                    0x08000273   Thumb Code     0  startup_stm32f407xx.o(.text)
    TIM1_BRK_TIM9_IRQHandler                 0x08000273   Thumb Code     0  startup_stm32f407xx.o(.text)
    TIM1_CC_IRQHandler                       0x08000273   Thumb Code     0  startup_stm32f407xx.o(.text)
    TIM1_TRG_COM_TIM11_IRQHandler            0x08000273   Thumb Code     0  startup_stm32f407xx.o(.text)
    TIM1_UP_TIM10_IRQHandler                 0x08000273   Thumb Code     0  startup_stm32f407xx.o(.text)
    TIM3_IRQHandler                          0x08000273   Thumb Code     0  startup_stm32f407xx.o(.text)
    TIM4_IRQHandler                          0x08000273   Thumb Code     0  startup_stm32f407xx.o(.text)
    TIM5_IRQHandler                          0x08000273   Thumb Code     0  startup_stm32f407xx.o(.text)
    TIM6_DAC_IRQHandler                      0x08000273   Thumb Code     0  startup_stm32f407xx.o(.text)
    TIM7_IRQHandler                          0x08000273   Thumb Code     0  startup_stm32f407xx.o(.text)
    TIM8_BRK_TIM12_IRQHandler                0x08000273   Thumb Code     0  startup_stm32f407xx.o(.text)
    TIM8_CC_IRQHandler                       0x08000273   Thumb Code     0  startup_stm32f407xx.o(.text)
    TIM8_TRG_COM_TIM14_IRQHandler            0x08000273   Thumb Code     0  startup_stm32f407xx.o(.text)
    TIM8_UP_TIM13_IRQHandler                 0x08000273   Thumb Code     0  startup_stm32f407xx.o(.text)
    UART4_IRQHandler                         0x08000273   Thumb Code     0  startup_stm32f407xx.o(.text)
    UART5_IRQHandler                         0x08000273   Thumb Code     0  startup_stm32f407xx.o(.text)
    USART1_IRQHandler                        0x08000273   Thumb Code     0  startup_stm32f407xx.o(.text)
    USART2_IRQHandler                        0x08000273   Thumb Code     0  startup_stm32f407xx.o(.text)
    USART3_IRQHandler                        0x08000273   Thumb Code     0  startup_stm32f407xx.o(.text)
    USART6_IRQHandler                        0x08000273   Thumb Code     0  startup_stm32f407xx.o(.text)
    WWDG_IRQHandler                          0x08000273   Thumb Code     0  startup_stm32f407xx.o(.text)
    __aeabi_uldivmod                         0x0800027d   Thumb Code    98  uldiv.o(.text)
    __aeabi_memcpy                           0x080002df   Thumb Code    36  memcpya.o(.text)
    __aeabi_memcpy4                          0x080002df   Thumb Code     0  memcpya.o(.text)
    __aeabi_memcpy8                          0x080002df   Thumb Code     0  memcpya.o(.text)
    __aeabi_dmul                             0x08000303   Thumb Code   228  dmul.o(.text)
    __aeabi_ddiv                             0x080003e7   Thumb Code   222  ddiv.o(.text)
    __aeabi_i2d                              0x080004c5   Thumb Code    34  dflti.o(.text)
    __aeabi_f2d                              0x080004e7   Thumb Code    38  f2d.o(.text)
    __aeabi_cdcmpeq                          0x0800050d   Thumb Code     0  cdcmple.o(.text)
    __aeabi_cdcmple                          0x0800050d   Thumb Code    48  cdcmple.o(.text)
    __aeabi_cdrcmple                         0x0800053d   Thumb Code    48  cdrcmple.o(.text)
    __aeabi_d2f                              0x0800056d   Thumb Code    56  d2f.o(.text)
    __aeabi_llsl                             0x080005a5   Thumb Code    30  llshl.o(.text)
    _ll_shift_l                              0x080005a5   Thumb Code     0  llshl.o(.text)
    __aeabi_llsr                             0x080005c3   Thumb Code    32  llushr.o(.text)
    _ll_ushift_r                             0x080005c3   Thumb Code     0  llushr.o(.text)
    __I$use$fp                               0x080005e3   Thumb Code     0  iusefp.o(.text)
    _float_round                             0x080005e3   Thumb Code    18  fepilogue.o(.text)
    _float_epilogue                          0x080005f5   Thumb Code    92  fepilogue.o(.text)
    _double_round                            0x08000651   Thumb Code    30  depilogue.o(.text)
    _double_epilogue                         0x0800066f   Thumb Code   156  depilogue.o(.text)
    _dsqrt                                   0x0800070b   Thumb Code   162  dsqrt.o(.text)
    __scatterload                            0x080007ad   Thumb Code    28  init.o(.text)
    __scatterload_rt2                        0x080007ad   Thumb Code     0  init.o(.text)
    ADC_IRQHandler                           0x080007d1   Thumb Code    10  stm32f4xx_it.o(i.ADC_IRQHandler)
    C_math                                   0x0800093d   Thumb Code   246  main.o(i.C_math)
    FIR_C                                    0x08000a39   Thumb Code   124  main.o(i.FIR_C)
    HAL_ADCEx_InjectedConvCpltCallback       0x08000ac1   Thumb Code     2  stm32f4xx_hal_adc_ex.o(i.HAL_ADCEx_InjectedConvCpltCallback)
    HAL_ADC_ConfigChannel                    0x08000ac5   Thumb Code   380  stm32f4xx_hal_adc.o(i.HAL_ADC_ConfigChannel)
    HAL_ADC_ConvCpltCallback                 0x08000c51   Thumb Code   136  main.o(i.HAL_ADC_ConvCpltCallback)
    HAL_ADC_ErrorCallback                    0x08000d01   Thumb Code     2  stm32f4xx_hal_adc.o(i.HAL_ADC_ErrorCallback)
    HAL_ADC_GetValue                         0x08000d03   Thumb Code     8  stm32f4xx_hal_adc.o(i.HAL_ADC_GetValue)
    HAL_ADC_IRQHandler                       0x08000d0b   Thumb Code   372  stm32f4xx_hal_adc.o(i.HAL_ADC_IRQHandler)
    HAL_ADC_Init                             0x08000e81   Thumb Code   100  stm32f4xx_hal_adc.o(i.HAL_ADC_Init)
    HAL_ADC_LevelOutOfWindowCallback         0x08000ee9   Thumb Code     2  stm32f4xx_hal_adc.o(i.HAL_ADC_LevelOutOfWindowCallback)
    HAL_ADC_MspInit                          0x08000eed   Thumb Code    86  stm32f4xx_hal_msp.o(i.HAL_ADC_MspInit)
    HAL_ADC_Start_IT                         0x08000f51   Thumb Code   250  stm32f4xx_hal_adc.o(i.HAL_ADC_Start_IT)
    HAL_ADC_Stop_IT                          0x08001061   Thumb Code    84  stm32f4xx_hal_adc.o(i.HAL_ADC_Stop_IT)
    HAL_Delay                                0x080010b9   Thumb Code    36  stm32f4xx_hal.o(i.HAL_Delay)
    HAL_GPIO_Init                            0x080010e1   Thumb Code   466  stm32f4xx_hal_gpio.o(i.HAL_GPIO_Init)
    HAL_GPIO_ReadPin                         0x080012e1   Thumb Code    16  stm32f4xx_hal_gpio.o(i.HAL_GPIO_ReadPin)
    HAL_GPIO_WritePin                        0x080012f1   Thumb Code    12  stm32f4xx_hal_gpio.o(i.HAL_GPIO_WritePin)
    HAL_GetTick                              0x080012fd   Thumb Code     6  stm32f4xx_hal.o(i.HAL_GetTick)
    HAL_IncTick                              0x08001309   Thumb Code    16  stm32f4xx_hal.o(i.HAL_IncTick)
    HAL_Init                                 0x08001321   Thumb Code    54  stm32f4xx_hal.o(i.HAL_Init)
    HAL_InitTick                             0x0800135d   Thumb Code    64  stm32f4xx_hal.o(i.HAL_InitTick)
    HAL_MspInit                              0x080013a9   Thumb Code    86  stm32f4xx_hal_msp.o(i.HAL_MspInit)
    HAL_NVIC_EnableIRQ                       0x080013ff   Thumb Code    26  stm32f4xx_hal_cortex.o(i.HAL_NVIC_EnableIRQ)
    HAL_NVIC_SetPriority                     0x08001419   Thumb Code   124  stm32f4xx_hal_cortex.o(i.HAL_NVIC_SetPriority)
    HAL_NVIC_SetPriorityGrouping             0x08001495   Thumb Code    32  stm32f4xx_hal_cortex.o(i.HAL_NVIC_SetPriorityGrouping)
    HAL_RCC_ClockConfig                      0x080014bd   Thumb Code   366  stm32f4xx_hal_rcc.o(i.HAL_RCC_ClockConfig)
    HAL_RCC_GetHCLKFreq                      0x0800163d   Thumb Code     6  stm32f4xx_hal_rcc.o(i.HAL_RCC_GetHCLKFreq)
    HAL_RCC_GetSysClockFreq                  0x08001649   Thumb Code   162  stm32f4xx_hal_rcc.o(i.HAL_RCC_GetSysClockFreq)
    HAL_RCC_OscConfig                        0x080016f9   Thumb Code  1086  stm32f4xx_hal_rcc.o(i.HAL_RCC_OscConfig)
    HAL_SYSTICK_CLKSourceConfig              0x08001b41   Thumb Code    40  stm32f4xx_hal_cortex.o(i.HAL_SYSTICK_CLKSourceConfig)
    HAL_SYSTICK_Config                       0x08001b69   Thumb Code    52  stm32f4xx_hal_cortex.o(i.HAL_SYSTICK_Config)
    HAL_TIMEx_BreakCallback                  0x08001b9d   Thumb Code     2  stm32f4xx_hal_tim_ex.o(i.HAL_TIMEx_BreakCallback)
    HAL_TIMEx_CommutationCallback            0x08001b9f   Thumb Code     2  stm32f4xx_hal_tim_ex.o(i.HAL_TIMEx_CommutationCallback)
    HAL_TIMEx_MasterConfigSynchronization    0x08001ba1   Thumb Code    98  stm32f4xx_hal_tim_ex.o(i.HAL_TIMEx_MasterConfigSynchronization)
    HAL_TIM_Base_Init                        0x08001c03   Thumb Code    52  stm32f4xx_hal_tim.o(i.HAL_TIM_Base_Init)
    HAL_TIM_Base_MspInit                     0x08001c39   Thumb Code   104  stm32f4xx_hal_msp.o(i.HAL_TIM_Base_MspInit)
    HAL_TIM_Base_Start                       0x08001ca9   Thumb Code    30  stm32f4xx_hal_tim.o(i.HAL_TIM_Base_Start)
    HAL_TIM_ConfigClockSource                0x08001cc7   Thumb Code   306  stm32f4xx_hal_tim.o(i.HAL_TIM_ConfigClockSource)
    HAL_TIM_IC_CaptureCallback               0x08001df9   Thumb Code     2  stm32f4xx_hal_tim.o(i.HAL_TIM_IC_CaptureCallback)
    HAL_TIM_IRQHandler                       0x08001dfb   Thumb Code   406  stm32f4xx_hal_tim.o(i.HAL_TIM_IRQHandler)
    HAL_TIM_MspPostInit                      0x08001f91   Thumb Code    44  stm32f4xx_hal_msp.o(i.HAL_TIM_MspPostInit)
    HAL_TIM_OC_DelayElapsedCallback          0x08001fc5   Thumb Code     2  stm32f4xx_hal_tim.o(i.HAL_TIM_OC_DelayElapsedCallback)
    HAL_TIM_PWM_ConfigChannel                0x08001fc7   Thumb Code   264  stm32f4xx_hal_tim.o(i.HAL_TIM_PWM_ConfigChannel)
    HAL_TIM_PWM_Init                         0x080020cf   Thumb Code    52  stm32f4xx_hal_tim.o(i.HAL_TIM_PWM_Init)
    HAL_TIM_PWM_MspInit                      0x08002103   Thumb Code     2  stm32f4xx_hal_tim.o(i.HAL_TIM_PWM_MspInit)
    HAL_TIM_PWM_PulseFinishedCallback        0x08002105   Thumb Code     2  stm32f4xx_hal_tim.o(i.HAL_TIM_PWM_PulseFinishedCallback)
    HAL_TIM_PWM_Start                        0x08002109   Thumb Code    68  stm32f4xx_hal_tim.o(i.HAL_TIM_PWM_Start)
    HAL_TIM_PWM_Stop                         0x08002155   Thumb Code   126  stm32f4xx_hal_tim.o(i.HAL_TIM_PWM_Stop)
    HAL_TIM_PeriodElapsedCallback            0x080021dd   Thumb Code     2  stm32f4xx_hal_tim.o(i.HAL_TIM_PeriodElapsedCallback)
    HAL_TIM_TriggerCallback                  0x080021df   Thumb Code     2  stm32f4xx_hal_tim.o(i.HAL_TIM_TriggerCallback)
    StartDefaultTask                         0x08002679   Thumb Code    74  main.o(i.StartDefaultTask)
    Start_ADC_calc                           0x080026d9   Thumb Code    40  main.o(i.Start_ADC_calc)
    Start_PWM_control                        0x08002715   Thumb Code    10  main.o(i.Start_PWM_control)
    Start_display                            0x08002721   Thumb Code    98  main.o(i.Start_display)
    Start_pad_read                           0x08002791   Thumb Code    18  main.o(i.Start_pad_read)
    Start_state_control                      0x080027a9   Thumb Code   480  main.o(i.Start_state_control)
    SysTick_Handler                          0x080029a5   Thumb Code    12  stm32f4xx_it.o(i.SysTick_Handler)
    SystemClock_Config                       0x080029b1   Thumb Code   202  main.o(i.SystemClock_Config)
    SystemInit                               0x08002a95   Thumb Code    82  system_stm32f4xx.o(i.SystemInit)
    TIM2_IRQHandler                          0x08002af9   Thumb Code    10  stm32f4xx_it.o(i.TIM2_IRQHandler)
    TIM_Base_SetConfig                       0x08002b09   Thumb Code   184  stm32f4xx_hal_tim.o(i.TIM_Base_SetConfig)
    TIM_CCxChannelCmd                        0x08002bed   Thumb Code    28  stm32f4xx_hal_tim.o(i.TIM_CCxChannelCmd)
    TIM_OC2_SetConfig                        0x08002ca5   Thumb Code   112  stm32f4xx_hal_tim.o(i.TIM_OC2_SetConfig)
    _Error_Handler                           0x08002e4b   Thumb Code     4  main.o(i._Error_Handler)
    __hardfp_sqrt                            0x08002e4f   Thumb Code   122  sqrt.o(i.__hardfp_sqrt)
    __scatterload_copy                       0x08002ec9   Thumb Code    14  handlers.o(i.__scatterload_copy)
    __scatterload_null                       0x08002ed7   Thumb Code     2  handlers.o(i.__scatterload_null)
    __scatterload_zeroinit                   0x08002ed9   Thumb Code    14  handlers.o(i.__scatterload_zeroinit)
    __set_errno                              0x08002ee9   Thumb Code     6  errno.o(i.__set_errno)
    display                                  0x08002ef5   Thumb Code   246  main.o(i.display)
    displayNum                               0x08002ff1   Thumb Code  1284  main.o(i.displayNum)
    main                                     0x080034fd   Thumb Code   212  main.o(i.main)
    osDelay                                  0x0800360b   Thumb Code    24  cmsis_os.o(i.osDelay)
    osKernelStart                            0x08003623   Thumb Code    10  cmsis_os.o(i.osKernelStart)
    osSemaphoreCreate                        0x0800362d   Thumb Code    44  cmsis_os.o(i.osSemaphoreCreate)
    osSystickHandler                         0x08003659   Thumb Code    16  cmsis_os.o(i.osSystickHandler)
    osThreadCreate                           0x08003669   Thumb Code    48  cmsis_os.o(i.osThreadCreate)
    pvPortMalloc                             0x08003c31   Thumb Code   296  heap_4.o(i.pvPortMalloc)
    pxPortInitialiseStack                    0x08003d6d   Thumb Code    38  port.o(i.pxPortInitialiseStack)
    readPad                                  0x08003d99   Thumb Code   610  main.o(i.readPad)
    set_highPeriods                          0x0800400d   Thumb Code   476  main.o(i.set_highPeriods)
    uxListRemove                             0x08004231   Thumb Code    40  list.o(i.uxListRemove)
    vListInitialise                          0x08004259   Thumb Code    26  list.o(i.vListInitialise)
    vListInitialiseItem                      0x08004273   Thumb Code     6  list.o(i.vListInitialiseItem)
    vListInsert                              0x08004279   Thumb Code    52  list.o(i.vListInsert)
    vListInsertEnd                           0x080042ad   Thumb Code    24  list.o(i.vListInsertEnd)
    vPortEnterCritical                       0x080042c5   Thumb Code    76  port.o(i.vPortEnterCritical)
    vPortExitCritical                        0x08004319   Thumb Code    56  port.o(i.vPortExitCritical)
    vPortFree                                0x08004355   Thumb Code   140  heap_4.o(i.vPortFree)
    vPortSetupTimerInterrupt                 0x080043e9   Thumb Code    26  port.o(i.vPortSetupTimerInterrupt)
    vTaskDelay                               0x08004409   Thumb Code    82  tasks.o(i.vTaskDelay)
    vTaskMissedYield                         0x08004465   Thumb Code     8  tasks.o(i.vTaskMissedYield)
    vTaskPlaceOnEventList                    0x08004471   Thumb Code    52  tasks.o(i.vTaskPlaceOnEventList)
    vTaskSetTimeOutState                     0x080044a9   Thumb Code    38  tasks.o(i.vTaskSetTimeOutState)
    vTaskStartScheduler                      0x080044d9   Thumb Code   108  tasks.o(i.vTaskStartScheduler)
    vTaskSuspendAll                          0x08004561   Thumb Code    12  tasks.o(i.vTaskSuspendAll)
    vTaskSwitchContext                       0x08004571   Thumb Code   118  tasks.o(i.vTaskSwitchContext)
    xPortStartScheduler                      0x080045fd   Thumb Code   288  port.o(i.xPortStartScheduler)
    xPortSysTickHandler                      0x08004739   Thumb Code    46  port.o(i.xPortSysTickHandler)
    xQueueGenericCreate                      0x0800476d   Thumb Code    88  queue.o(i.xQueueGenericCreate)
    xQueueGenericReset                       0x080047c5   Thumb Code   146  queue.o(i.xQueueGenericReset)
    xQueueGenericSend                        0x0800485d   Thumb Code   420  queue.o(i.xQueueGenericSend)
    xTaskCheckForTimeOut                     0x08004a05   Thumb Code   132  tasks.o(i.xTaskCheckForTimeOut)
    xTaskCreate                              0x08004a91   Thumb Code    96  tasks.o(i.xTaskCreate)
    xTaskGetSchedulerState                   0x08004af1   Thumb Code    24  tasks.o(i.xTaskGetSchedulerState)
    xTaskIncrementTick                       0x08004b11   Thumb Code   282  tasks.o(i.xTaskIncrementTick)
    xTaskPriorityDisinherit                  0x08004c59   Thumb Code   188  tasks.o(i.xTaskPriorityDisinherit)
    xTaskRemoveFromEventList                 0x08004d21   Thumb Code   128  tasks.o(i.xTaskRemoveFromEventList)
    xTaskResumeAll                           0x08004db9   Thumb Code   224  tasks.o(i.xTaskResumeAll)
    AHBPrescTable                            0x08004ebc   Data          16  system_stm32f4xx.o(.constdata)
    APBPrescTable                            0x08004ecc   Data           8  system_stm32f4xx.o(.constdata)
    Region$$Table$$Base                      0x08004fd8   Number         0  anon$$obj.o(Region$$Table)
    Region$$Table$$Limit                     0x08004ff8   Number         0  anon$$obj.o(Region$$Table)
    uwTick                                   0x20000000   Data           4  stm32f4xx_hal.o(.data)
    uwTickPrio                               0x20000004   Data           4  stm32f4xx_hal.o(.data)
    uwTickFreq                               0x20000008   Data           1  stm32f4xx_hal.o(.data)
    pxCurrentTCB                             0x20000024   Data           4  tasks.o(.data)
    SystemCoreClock                          0x2000006c   Data           4  system_stm32f4xx.o(.data)
    defaultTaskHandle                        0x20000070   Data           4  main.o(.data)
    ADC_calcHandle                           0x20000074   Data           4  main.o(.data)
    displayHandle                            0x20000078   Data           4  main.o(.data)
    PWM_controlHandle                        0x2000007c   Data           4  main.o(.data)
    state_controlHandle                      0x20000080   Data           4  main.o(.data)
    pad_readHandle                           0x20000084   Data           4  main.o(.data)
    key_semHandle                            0x20000088   Data           4  main.o(.data)
    sampleNB                                 0x2000008c   Data           4  main.o(.data)
    sample                                   0x20000090   Data           4  main.o(.data)
    dutyCycle                                0x20000094   Data           2  main.o(.data)
    correctCounter                           0x20000098   Data           4  main.o(.data)
    correctPeriod                            0x2000009c   Data           4  main.o(.data)
    displayMode                              0x200000a0   Data           4  main.o(.data)
    adc_val                                  0x200000a4   Data           4  main.o(.data)
    filtered_adc                             0x200000a8   Data           4  main.o(.data)
    dispNum                                  0x200000ac   Data           4  main.o(.data)
    padVal                                   0x200000b0   Data           4  main.o(.data)
    padFlag                                  0x200000b4   Data           4  main.o(.data)
    holdingFlag                              0x200000b8   Data           4  main.o(.data)
    correctFlag                              0x200000bc   Data           4  main.o(.data)
    timer                                    0x200000c0   Data           4  main.o(.data)
    holdCount                                0x200000c4   Data           4  main.o(.data)
    highPeriods                              0x200000c8   Data           4  main.o(.data)
    state                                    0x200000cc   Data           4  main.o(.data)
    hadc1                                    0x20003dc4   Data          72  main.o(.bss)
    htim2                                    0x20003e0c   Data          60  main.o(.bss)
    htim3                                    0x20003e48   Data          60  main.o(.bss)
    filterMemory                             0x20003e84   Data          20  main.o(.bss)
    mathResults                              0x20003e98   Data          20  main.o(.bss)
    padEntries                               0x20003eac   Data          16  main.o(.bss)
    data                                     0x20003ebc   Data         160  main.o(.bss)
    __initial_sp                             0x20004360   Data           0  startup_stm32f407xx.o(STACK)



==============================================================================

Memory Map of the image

  Image Entry point : 0x08000189

  Load Region LR_IROM1 (Base: 0x08000000, Size: 0x000050cc, Max: 0x00100000, ABSOLUTE)

    Execution Region ER_IROM1 (Exec base: 0x08000000, Load base: 0x08000000, Size: 0x00004ff8, Max: 0x00100000, ABSOLUTE)

    Exec Addr    Load Addr    Size         Type   Attr      Idx    E Section Name        Object

    0x08000000   0x08000000   0x00000188   Data   RO            3    RESET               startup_stm32f407xx.o
    0x08000188   0x08000188   0x00000000   Code   RO         3934  * .ARM.Collect$$$$00000000  mc_w.l(entry.o)
    0x08000188   0x08000188   0x00000004   Code   RO         3957    .ARM.Collect$$$$00000001  mc_w.l(entry2.o)
    0x0800018c   0x0800018c   0x00000004   Code   RO         3960    .ARM.Collect$$$$00000004  mc_w.l(entry5.o)
    0x08000190   0x08000190   0x00000000   Code   RO         3962    .ARM.Collect$$$$00000008  mc_w.l(entry7b.o)
    0x08000190   0x08000190   0x00000000   Code   RO         3964    .ARM.Collect$$$$0000000A  mc_w.l(entry8b.o)
    0x08000190   0x08000190   0x00000008   Code   RO         3965    .ARM.Collect$$$$0000000B  mc_w.l(entry9a.o)
    0x08000198   0x08000198   0x00000000   Code   RO         3967    .ARM.Collect$$$$0000000D  mc_w.l(entry10a.o)
    0x08000198   0x08000198   0x00000000   Code   RO         3969    .ARM.Collect$$$$0000000F  mc_w.l(entry11a.o)
    0x08000198   0x08000198   0x00000004   Code   RO         3958    .ARM.Collect$$$$00002712  mc_w.l(entry2.o)
    0x0800019c   0x0800019c   0x000000ba   Code   RO         3542    .emb_text           port.o
    0x08000256   0x08000256   0x00000002   PAD
    0x08000258   0x08000258   0x00000024   Code   RO            4    .text               startup_stm32f407xx.o
    0x0800027c   0x0800027c   0x00000062   Code   RO         3937    .text               mc_w.l(uldiv.o)
    0x080002de   0x080002de   0x00000024   Code   RO         3939    .text               mc_w.l(memcpya.o)
    0x08000302   0x08000302   0x000000e4   Code   RO         3943    .text               mf_w.l(dmul.o)
    0x080003e6   0x080003e6   0x000000de   Code   RO         3945    .text               mf_w.l(ddiv.o)
    0x080004c4   0x080004c4   0x00000022   Code   RO         3947    .text               mf_w.l(dflti.o)
    0x080004e6   0x080004e6   0x00000026   Code   RO         3949    .text               mf_w.l(f2d.o)
    0x0800050c   0x0800050c   0x00000030   Code   RO         3951    .text               mf_w.l(cdcmple.o)
    0x0800053c   0x0800053c   0x00000030   Code   RO         3953    .text               mf_w.l(cdrcmple.o)
    0x0800056c   0x0800056c   0x00000038   Code   RO         3955    .text               mf_w.l(d2f.o)
    0x080005a4   0x080005a4   0x0000001e   Code   RO         3971    .text               mc_w.l(llshl.o)
    0x080005c2   0x080005c2   0x00000020   Code   RO         3973    .text               mc_w.l(llushr.o)
    0x080005e2   0x080005e2   0x00000000   Code   RO         3982    .text               mc_w.l(iusefp.o)
    0x080005e2   0x080005e2   0x0000006e   Code   RO         3983    .text               mf_w.l(fepilogue.o)
    0x08000650   0x08000650   0x000000ba   Code   RO         3985    .text               mf_w.l(depilogue.o)
    0x0800070a   0x0800070a   0x000000a2   Code   RO         3987    .text               mf_w.l(dsqrt.o)
    0x080007ac   0x080007ac   0x00000024   Code   RO         3989    .text               mc_w.l(init.o)
    0x080007d0   0x080007d0   0x00000010   Code   RO         3659    i.ADC_IRQHandler    stm32f4xx_it.o
    0x080007e0   0x080007e0   0x0000015c   Code   RO         2147    i.ADC_Init          stm32f4xx_hal_adc.o
    0x0800093c   0x0800093c   0x000000fc   Code   RO         3774    i.C_math            main.o
    0x08000a38   0x08000a38   0x00000088   Code   RO         3775    i.FIR_C             main.o
    0x08000ac0   0x08000ac0   0x00000002   Code   RO         1325    i.HAL_ADCEx_InjectedConvCpltCallback  stm32f4xx_hal_adc_ex.o
    0x08000ac2   0x08000ac2   0x00000002   PAD
    0x08000ac4   0x08000ac4   0x0000018c   Code   RO         2149    i.HAL_ADC_ConfigChannel  stm32f4xx_hal_adc.o
    0x08000c50   0x08000c50   0x000000b0   Code   RO         3776    i.HAL_ADC_ConvCpltCallback  main.o
    0x08000d00   0x08000d00   0x00000002   Code   RO         2153    i.HAL_ADC_ErrorCallback  stm32f4xx_hal_adc.o
    0x08000d02   0x08000d02   0x00000008   Code   RO         2156    i.HAL_ADC_GetValue  stm32f4xx_hal_adc.o
    0x08000d0a   0x08000d0a   0x00000174   Code   RO         2157    i.HAL_ADC_IRQHandler  stm32f4xx_hal_adc.o
    0x08000e7e   0x08000e7e   0x00000002   PAD
    0x08000e80   0x08000e80   0x00000068   Code   RO         2158    i.HAL_ADC_Init      stm32f4xx_hal_adc.o
    0x08000ee8   0x08000ee8   0x00000002   Code   RO         2159    i.HAL_ADC_LevelOutOfWindowCallback  stm32f4xx_hal_adc.o
    0x08000eea   0x08000eea   0x00000002   PAD
    0x08000eec   0x08000eec   0x00000064   Code   RO         3715    i.HAL_ADC_MspInit   stm32f4xx_hal_msp.o
    0x08000f50   0x08000f50   0x00000110   Code   RO         2166    i.HAL_ADC_Start_IT  stm32f4xx_hal_adc.o
    0x08001060   0x08001060   0x00000058   Code   RO         2169    i.HAL_ADC_Stop_IT   stm32f4xx_hal_adc.o
    0x080010b8   0x080010b8   0x00000028   Code   RO          500    i.HAL_Delay         stm32f4xx_hal.o
    0x080010e0   0x080010e0   0x00000200   Code   RO          290    i.HAL_GPIO_Init     stm32f4xx_hal_gpio.o
    0x080012e0   0x080012e0   0x00000010   Code   RO          292    i.HAL_GPIO_ReadPin  stm32f4xx_hal_gpio.o
    0x080012f0   0x080012f0   0x0000000c   Code   RO          294    i.HAL_GPIO_WritePin  stm32f4xx_hal_gpio.o
    0x080012fc   0x080012fc   0x0000000c   Code   RO          506    i.HAL_GetTick       stm32f4xx_hal.o
    0x08001308   0x08001308   0x00000018   Code   RO          510    i.HAL_IncTick       stm32f4xx_hal.o
    0x08001320   0x08001320   0x0000003c   Code   RO          511    i.HAL_Init          stm32f4xx_hal.o
    0x0800135c   0x0800135c   0x0000004c   Code   RO          512    i.HAL_InitTick      stm32f4xx_hal.o
    0x080013a8   0x080013a8   0x00000056   Code   RO         3716    i.HAL_MspInit       stm32f4xx_hal_msp.o
    0x080013fe   0x080013fe   0x0000001a   Code   RO          358    i.HAL_NVIC_EnableIRQ  stm32f4xx_hal_cortex.o
    0x08001418   0x08001418   0x0000007c   Code   RO          364    i.HAL_NVIC_SetPriority  stm32f4xx_hal_cortex.o
    0x08001494   0x08001494   0x00000028   Code   RO          365    i.HAL_NVIC_SetPriorityGrouping  stm32f4xx_hal_cortex.o
    0x080014bc   0x080014bc   0x00000180   Code   RO         1220    i.HAL_RCC_ClockConfig  stm32f4xx_hal_rcc.o
    0x0800163c   0x0800163c   0x0000000c   Code   RO         1225    i.HAL_RCC_GetHCLKFreq  stm32f4xx_hal_rcc.o
    0x08001648   0x08001648   0x000000b0   Code   RO         1229    i.HAL_RCC_GetSysClockFreq  stm32f4xx_hal_rcc.o
    0x080016f8   0x080016f8   0x00000448   Code   RO         1232    i.HAL_RCC_OscConfig  stm32f4xx_hal_rcc.o
    0x08001b40   0x08001b40   0x00000028   Code   RO          367    i.HAL_SYSTICK_CLKSourceConfig  stm32f4xx_hal_cortex.o
    0x08001b68   0x08001b68   0x00000034   Code   RO          369    i.HAL_SYSTICK_Config  stm32f4xx_hal_cortex.o
    0x08001b9c   0x08001b9c   0x00000002   Code   RO          874    i.HAL_TIMEx_BreakCallback  stm32f4xx_hal_tim_ex.o
    0x08001b9e   0x08001b9e   0x00000002   Code   RO          875    i.HAL_TIMEx_CommutationCallback  stm32f4xx_hal_tim_ex.o
    0x08001ba0   0x08001ba0   0x00000062   Code   RO          891    i.HAL_TIMEx_MasterConfigSynchronization  stm32f4xx_hal_tim_ex.o
    0x08001c02   0x08001c02   0x00000034   Code   RO         1487    i.HAL_TIM_Base_Init  stm32f4xx_hal_tim.o
    0x08001c36   0x08001c36   0x00000002   PAD
    0x08001c38   0x08001c38   0x00000070   Code   RO         3718    i.HAL_TIM_Base_MspInit  stm32f4xx_hal_msp.o
    0x08001ca8   0x08001ca8   0x0000001e   Code   RO         1490    i.HAL_TIM_Base_Start  stm32f4xx_hal_tim.o
    0x08001cc6   0x08001cc6   0x00000132   Code   RO         1496    i.HAL_TIM_ConfigClockSource  stm32f4xx_hal_tim.o
    0x08001df8   0x08001df8   0x00000002   Code   RO         1516    i.HAL_TIM_IC_CaptureCallback  stm32f4xx_hal_tim.o
    0x08001dfa   0x08001dfa   0x00000196   Code   RO         1529    i.HAL_TIM_IRQHandler  stm32f4xx_hal_tim.o
    0x08001f90   0x08001f90   0x00000034   Code   RO         3719    i.HAL_TIM_MspPostInit  stm32f4xx_hal_msp.o
    0x08001fc4   0x08001fc4   0x00000002   Code   RO         1532    i.HAL_TIM_OC_DelayElapsedCallback  stm32f4xx_hal_tim.o
    0x08001fc6   0x08001fc6   0x00000108   Code   RO         1553    i.HAL_TIM_PWM_ConfigChannel  stm32f4xx_hal_tim.o
    0x080020ce   0x080020ce   0x00000034   Code   RO         1556    i.HAL_TIM_PWM_Init  stm32f4xx_hal_tim.o
    0x08002102   0x08002102   0x00000002   Code   RO         1558    i.HAL_TIM_PWM_MspInit  stm32f4xx_hal_tim.o
    0x08002104   0x08002104   0x00000002   Code   RO         1559    i.HAL_TIM_PWM_PulseFinishedCallback  stm32f4xx_hal_tim.o
    0x08002106   0x08002106   0x00000002   PAD
    0x08002108   0x08002108   0x0000004c   Code   RO         1560    i.HAL_TIM_PWM_Start  stm32f4xx_hal_tim.o
    0x08002154   0x08002154   0x00000088   Code   RO         1563    i.HAL_TIM_PWM_Stop  stm32f4xx_hal_tim.o
    0x080021dc   0x080021dc   0x00000002   Code   RO         1566    i.HAL_TIM_PeriodElapsedCallback  stm32f4xx_hal_tim.o
    0x080021de   0x080021de   0x00000002   Code   RO         1570    i.HAL_TIM_TriggerCallback  stm32f4xx_hal_tim.o
    0x080021e0   0x080021e0   0x00000080   Code   RO         3777    i.MX_ADC1_Init      main.o
    0x08002260   0x08002260   0x000002a4   Code   RO         3778    i.MX_GPIO_Init      main.o
    0x08002504   0x08002504   0x00000080   Code   RO         3779    i.MX_TIM2_Init      main.o
    0x08002584   0x08002584   0x000000bc   Code   RO         3780    i.MX_TIM3_Init      main.o
    0x08002640   0x08002640   0x00000010   Code   RO          371    i.NVIC_GetPriorityGrouping  stm32f4xx_hal_cortex.o
    0x08002650   0x08002650   0x00000028   Code   RO          372    i.NVIC_SetPriority  stm32f4xx_hal_cortex.o
    0x08002678   0x08002678   0x00000060   Code   RO         3781    i.StartDefaultTask  main.o
    0x080026d8   0x080026d8   0x0000003c   Code   RO         3782    i.Start_ADC_calc    main.o
    0x08002714   0x08002714   0x0000000a   Code   RO         3783    i.Start_PWM_control  main.o
    0x0800271e   0x0800271e   0x00000002   PAD
    0x08002720   0x08002720   0x00000070   Code   RO         3784    i.Start_display     main.o
    0x08002790   0x08002790   0x00000018   Code   RO         3785    i.Start_pad_read    main.o
    0x080027a8   0x080027a8   0x000001fc   Code   RO         3786    i.Start_state_control  main.o
    0x080029a4   0x080029a4   0x0000000c   Code   RO         3660    i.SysTick_Handler   stm32f4xx_it.o
    0x080029b0   0x080029b0   0x000000e4   Code   RO         3787    i.SystemClock_Config  main.o
    0x08002a94   0x08002a94   0x00000064   Code   RO         3623    i.SystemInit        system_stm32f4xx.o
    0x08002af8   0x08002af8   0x00000010   Code   RO         3661    i.TIM2_IRQHandler   stm32f4xx_it.o
    0x08002b08   0x08002b08   0x000000e4   Code   RO         1571    i.TIM_Base_SetConfig  stm32f4xx_hal_tim.o
    0x08002bec   0x08002bec   0x0000001c   Code   RO         1572    i.TIM_CCxChannelCmd  stm32f4xx_hal_tim.o
    0x08002c08   0x08002c08   0x00000018   Code   RO         1578    i.TIM_ETR_SetConfig  stm32f4xx_hal_tim.o
    0x08002c20   0x08002c20   0x00000014   Code   RO         1579    i.TIM_ITRx_SetConfig  stm32f4xx_hal_tim.o
    0x08002c34   0x08002c34   0x00000070   Code   RO         1580    i.TIM_OC1_SetConfig  stm32f4xx_hal_tim.o
    0x08002ca4   0x08002ca4   0x00000078   Code   RO         1581    i.TIM_OC2_SetConfig  stm32f4xx_hal_tim.o
    0x08002d1c   0x08002d1c   0x00000078   Code   RO         1582    i.TIM_OC3_SetConfig  stm32f4xx_hal_tim.o
    0x08002d94   0x08002d94   0x00000060   Code   RO         1583    i.TIM_OC4_SetConfig  stm32f4xx_hal_tim.o
    0x08002df4   0x08002df4   0x0000002a   Code   RO         1585    i.TIM_TI1_ConfigInputStage  stm32f4xx_hal_tim.o
    0x08002e1e   0x08002e1e   0x0000002c   Code   RO         1587    i.TIM_TI2_ConfigInputStage  stm32f4xx_hal_tim.o
    0x08002e4a   0x08002e4a   0x00000004   Code   RO         3788    i._Error_Handler    main.o
    0x08002e4e   0x08002e4e   0x0000007a   Code   RO         3922    i.__hardfp_sqrt     m_wm.l(sqrt.o)
    0x08002ec8   0x08002ec8   0x0000000e   Code   RO         3993    i.__scatterload_copy  mc_w.l(handlers.o)
    0x08002ed6   0x08002ed6   0x00000002   Code   RO         3994    i.__scatterload_null  mc_w.l(handlers.o)
    0x08002ed8   0x08002ed8   0x0000000e   Code   RO         3995    i.__scatterload_zeroinit  mc_w.l(handlers.o)
    0x08002ee6   0x08002ee6   0x00000002   PAD
    0x08002ee8   0x08002ee8   0x0000000c   Code   RO         3977    i.__set_errno       mc_w.l(errno.o)
    0x08002ef4   0x08002ef4   0x000000fc   Code   RO         3789    i.display           main.o
    0x08002ff0   0x08002ff0   0x0000050c   Code   RO         3790    i.displayNum        main.o
    0x080034fc   0x080034fc   0x00000100   Code   RO         3791    i.main              main.o
    0x080035fc   0x080035fc   0x0000000e   Code   RO         2724    i.makeFreeRtosPriority  cmsis_os.o
    0x0800360a   0x0800360a   0x00000018   Code   RO         2726    i.osDelay           cmsis_os.o
    0x08003622   0x08003622   0x0000000a   Code   RO         2729    i.osKernelStart     cmsis_os.o
    0x0800362c   0x0800362c   0x0000002c   Code   RO         2755    i.osSemaphoreCreate  cmsis_os.o
    0x08003658   0x08003658   0x00000010   Code   RO         2762    i.osSystickHandler  cmsis_os.o
    0x08003668   0x08003668   0x00000030   Code   RO         2763    i.osThreadCreate    cmsis_os.o
    0x08003698   0x08003698   0x00000098   Code   RO         3165    i.prvAddCurrentTaskToDelayedList  tasks.o
    0x08003730   0x08003730   0x000000b4   Code   RO         3166    i.prvAddNewTaskToReadyList  tasks.o
    0x080037e4   0x080037e4   0x00000064   Code   RO         3167    i.prvCheckTasksWaitingTermination  tasks.o
    0x08003848   0x08003848   0x0000007c   Code   RO         2485    i.prvCopyDataToQueue  queue.o
    0x080038c4   0x080038c4   0x00000012   Code   RO         3168    i.prvDeleteTCB      tasks.o
    0x080038d6   0x080038d6   0x00000002   PAD
    0x080038d8   0x080038d8   0x0000007c   Code   RO         3103    i.prvHeapInit       heap_4.o
    0x08003954   0x08003954   0x00000028   Code   RO         3169    i.prvIdleTask       tasks.o
    0x0800397c   0x0800397c   0x00000026   Code   RO         2487    i.prvInitialiseNewQueue  queue.o
    0x080039a2   0x080039a2   0x000000aa   Code   RO         3170    i.prvInitialiseNewTask  tasks.o
    0x08003a4c   0x08003a4c   0x00000068   Code   RO         3171    i.prvInitialiseTaskLists  tasks.o
    0x08003ab4   0x08003ab4   0x00000068   Code   RO         3104    i.prvInsertBlockIntoFreeList  heap_4.o
    0x08003b1c   0x08003b1c   0x0000001e   Code   RO         2489    i.prvIsQueueFull    queue.o
    0x08003b3a   0x08003b3a   0x00000002   PAD
    0x08003b3c   0x08003b3c   0x00000034   Code   RO         3172    i.prvResetNextTaskUnblockTime  tasks.o
    0x08003b70   0x08003b70   0x00000040   Code   RO         3543    i.prvTaskExitError  port.o
    0x08003bb0   0x08003bb0   0x0000007e   Code   RO         2490    i.prvUnlockQueue    queue.o
    0x08003c2e   0x08003c2e   0x00000002   PAD
    0x08003c30   0x08003c30   0x0000013c   Code   RO         3105    i.pvPortMalloc      heap_4.o
    0x08003d6c   0x08003d6c   0x0000002c   Code   RO         3544    i.pxPortInitialiseStack  port.o
    0x08003d98   0x08003d98   0x00000274   Code   RO         3792    i.readPad           main.o
    0x0800400c   0x0800400c   0x00000224   Code   RO         3793    i.set_highPeriods   main.o
    0x08004230   0x08004230   0x00000028   Code   RO         2675    i.uxListRemove      list.o
    0x08004258   0x08004258   0x0000001a   Code   RO         2676    i.vListInitialise   list.o
    0x08004272   0x08004272   0x00000006   Code   RO         2677    i.vListInitialiseItem  list.o
    0x08004278   0x08004278   0x00000034   Code   RO         2678    i.vListInsert       list.o
    0x080042ac   0x080042ac   0x00000018   Code   RO         2679    i.vListInsertEnd    list.o
    0x080042c4   0x080042c4   0x00000054   Code   RO         3546    i.vPortEnterCritical  port.o
    0x08004318   0x08004318   0x0000003c   Code   RO         3547    i.vPortExitCritical  port.o
    0x08004354   0x08004354   0x00000094   Code   RO         3106    i.vPortFree         heap_4.o
    0x080043e8   0x080043e8   0x00000020   Code   RO         3548    i.vPortSetupTimerInterrupt  port.o
    0x08004408   0x08004408   0x0000005c   Code   RO         3180    i.vTaskDelay        tasks.o
    0x08004464   0x08004464   0x0000000c   Code   RO         3183    i.vTaskMissedYield  tasks.o
    0x08004470   0x08004470   0x00000038   Code   RO         3185    i.vTaskPlaceOnEventList  tasks.o
    0x080044a8   0x080044a8   0x00000030   Code   RO         3190    i.vTaskSetTimeOutState  tasks.o
    0x080044d8   0x080044d8   0x00000088   Code   RO         3191    i.vTaskStartScheduler  tasks.o
    0x08004560   0x08004560   0x00000010   Code   RO         3193    i.vTaskSuspendAll   tasks.o
    0x08004570   0x08004570   0x0000008c   Code   RO         3194    i.vTaskSwitchContext  tasks.o
    0x080045fc   0x080045fc   0x0000013c   Code   RO         3550    i.xPortStartScheduler  port.o
    0x08004738   0x08004738   0x00000034   Code   RO         3551    i.xPortSysTickHandler  port.o
    0x0800476c   0x0800476c   0x00000058   Code   RO         2498    i.xQueueGenericCreate  queue.o
    0x080047c4   0x080047c4   0x00000098   Code   RO         2500    i.xQueueGenericReset  queue.o
    0x0800485c   0x0800485c   0x000001a8   Code   RO         2501    i.xQueueGenericSend  queue.o
    0x08004a04   0x08004a04   0x0000008c   Code   RO         3195    i.xTaskCheckForTimeOut  tasks.o
    0x08004a90   0x08004a90   0x00000060   Code   RO         3196    i.xTaskCreate       tasks.o
    0x08004af0   0x08004af0   0x00000020   Code   RO         3200    i.xTaskGetSchedulerState  tasks.o
    0x08004b10   0x08004b10   0x00000148   Code   RO         3203    i.xTaskIncrementTick  tasks.o
    0x08004c58   0x08004c58   0x000000c8   Code   RO         3206    i.xTaskPriorityDisinherit  tasks.o
    0x08004d20   0x08004d20   0x00000098   Code   RO         3207    i.xTaskRemoveFromEventList  tasks.o
    0x08004db8   0x08004db8   0x00000104   Code   RO         3209    i.xTaskResumeAll    tasks.o
    0x08004ebc   0x08004ebc   0x00000018   Data   RO         3624    .constdata          system_stm32f4xx.o
    0x08004ed4   0x08004ed4   0x000000bc   Data   RO         3796    .constdata          main.o
    0x08004f90   0x08004f90   0x00000048   Data   RO         3797    .conststring        main.o
    0x08004fd8   0x08004fd8   0x00000020   Data   RO         3991    Region$$Table       anon$$obj.o


    Execution Region RW_IRAM1 (Exec base: 0x20000000, Load base: 0x08004ff8, Size: 0x00004360, Max: 0x00020000, ABSOLUTE)

    Exec Addr    Load Addr    Size         Type   Attr      Idx    E Section Name        Object

    0x20000000   0x08004ff8   0x00000009   Data   RW          518    .data               stm32f4xx_hal.o
    0x20000009   0x08005001   0x00000003   PAD
    0x2000000c   0x08005004   0x00000018   Data   RW         3111    .data               heap_4.o
    0x20000024   0x0800501c   0x0000003c   Data   RW         3212    .data               tasks.o
    0x20000060   0x08005058   0x0000000c   Data   RW         3552    .data               port.o
    0x2000006c   0x08005064   0x00000004   Data   RW         3625    .data               system_stm32f4xx.o
    0x20000070   0x08005068   0x00000060   Data   RW         3798    .data               main.o
    0x200000d0   0x080050c8   0x00000004   Data   RW         3978    .data               mc_w.l(errno.o)
    0x200000d4        -       0x00003c00   Zero   RW         3110    .bss                heap_4.o
    0x20003cd4        -       0x000000f0   Zero   RW         3211    .bss                tasks.o
    0x20003dc4        -       0x00000198   Zero   RW         3795    .bss                main.o
    0x20003f5c   0x080050cc   0x00000004   PAD
    0x20003f60        -       0x00000400   Zero   RW            1    STACK               startup_stm32f407xx.o


==============================================================================

Image component sizes


      Code (inc. data)   RO Data    RW Data    ZI Data      Debug   Object Name

       156          0          0          0          0      18202   cmsis_os.o
       692         62          0         24      15360       7355   heap_4.o
       148          0          0          0          0       8786   list.o
      5702        468        260         96        408      16181   main.o
       838         78          0         12          0      11132   port.o
       982         10          0          0          0      22439   queue.o
        36          8        392          0       1024        840   startup_stm32f407xx.o
       212         36          0          9          0       4581   stm32f4xx_hal.o
      1592         54          0          0          0       6975   stm32f4xx_hal_adc.o
         2          0          0          0          0       1013   stm32f4xx_hal_adc_ex.o
       338         22          0          0          0      31529   stm32f4xx_hal_cortex.o
       540         46          0          0          0       2999   stm32f4xx_hal_gpio.o
         0          0          0          0          0     690076   stm32f4xx_hal_i2s.o
       350         30          0          0          0       2813   stm32f4xx_hal_msp.o
      1668         64          0          0          0       4374   stm32f4xx_hal_rcc.o
      2168         98          0          0          0      17308   stm32f4xx_hal_tim.o
       102          0          0          0          0       2346   stm32f4xx_hal_tim_ex.o
        44         12          0          0          0       4921   stm32f4xx_it.o
       100         18         24          4          0       1163   system_stm32f4xx.o
      2524        340          0         60        240      21324   tasks.o
         0          0          0          0          0       2852   timers.o

    ----------------------------------------------------------------------
     18214       1346        708        208      17036     879209   Object Totals
         0          0         32          0          0          0   (incl. Generated)
        20          0          0          3          4          0   (incl. Padding)

    ----------------------------------------------------------------------

      Code (inc. data)   RO Data    RW Data    ZI Data      Debug   Library Member Name

       122          0          0          0          0        148   sqrt.o
         0          0          0          0          0          0   entry.o
         0          0          0          0          0          0   entry10a.o
         0          0          0          0          0          0   entry11a.o
         8          4          0          0          0          0   entry2.o
         4          0          0          0          0          0   entry5.o
         0          0          0          0          0          0   entry7b.o
         0          0          0          0          0          0   entry8b.o
         8          4          0          0          0          0   entry9a.o
        12          6          0          4          0         68   errno.o
        30          0          0          0          0          0   handlers.o
        36          8          0          0          0         68   init.o
         0          0          0          0          0          0   iusefp.o
        30          0          0          0          0         68   llshl.o
        32          0          0          0          0         68   llushr.o
        36          0          0          0          0         68   memcpya.o
        98          0          0          0          0         92   uldiv.o
        48          0          0          0          0         68   cdcmple.o
        48          0          0          0          0         68   cdrcmple.o
        56          0          0          0          0         88   d2f.o
       222          0          0          0          0        100   ddiv.o
       186          0          0          0          0        176   depilogue.o
        34          0          0          0          0         76   dflti.o
       228          0          0          0          0         96   dmul.o
       162          0          0          0          0        100   dsqrt.o
        38          0          0          0          0         68   f2d.o
       110          0          0          0          0        168   fepilogue.o

    ----------------------------------------------------------------------
      1550         22          0          4          0       1588   Library Totals
         2          0          0          0          0          0   (incl. Padding)

    ----------------------------------------------------------------------

      Code (inc. data)   RO Data    RW Data    ZI Data      Debug   Library Name

       122          0          0          0          0        148   m_wm.l
       294         22          0          4          0        432   mc_w.l
      1132          0          0          0          0       1008   mf_w.l

    ----------------------------------------------------------------------
      1550         22          0          4          0       1588   Library Totals

    ----------------------------------------------------------------------

==============================================================================


      Code (inc. data)   RO Data    RW Data    ZI Data      Debug   

     19764       1368        708        212      17036     867125   Grand Totals
     19764       1368        708        212      17036     867125   ELF Image Totals
     19764       1368        708        212          0          0   ROM Totals

==============================================================================

    Total RO  Size (Code + RO Data)                20472 (  19.99kB)
    Total RW  Size (RW Data + ZI Data)             17248 (  16.84kB)
    Total ROM Size (Code + RO Data + RW Data)      20684 (  20.20kB)

==============================================================================

