Component: ARM Compiler 5.06 update 5 (build 528) Tool: armlink [4d35e2]

==============================================================================

Section Cross References

    startup_stm32f407xx.o(RESET) refers to startup_stm32f407xx.o(STACK) for __initial_sp
    startup_stm32f407xx.o(RESET) refers to startup_stm32f407xx.o(.text) for Reset_Handler
    startup_stm32f407xx.o(RESET) refers to port.o(.emb_text) for SVC_Handler
    startup_stm32f407xx.o(RESET) refers to stm32f4xx_it.o(i.SysTick_Handler) for SysTick_Handler
    startup_stm32f407xx.o(RESET) refers to stm32f4xx_it.o(i.ADC_IRQHandler) for ADC_IRQHandler
    startup_stm32f407xx.o(RESET) refers to stm32f4xx_it.o(i.TIM2_IRQHandler) for TIM2_IRQHandler
    startup_stm32f407xx.o(RESET) refers to stm32f4xx_it.o(i.OTG_FS_IRQHandler) for OTG_FS_IRQHandler
    startup_stm32f407xx.o(.text) refers to system_stm32f4xx.o(i.SystemInit) for SystemInit
    startup_stm32f407xx.o(.text) refers to entry.o(.ARM.Collect$$$$00000000) for __main
    stm32f4xx_hal_i2s.o(i.HAL_I2S_DMAStop) refers to stm32f4xx_hal_dma.o(i.HAL_DMA_Abort) for HAL_DMA_Abort
    stm32f4xx_hal_i2s.o(i.HAL_I2S_DeInit) refers to stm32f4xx_hal_msp.o(i.HAL_I2S_MspDeInit) for HAL_I2S_MspDeInit
    stm32f4xx_hal_i2s.o(i.HAL_I2S_Init) refers to stm32f4xx_hal_msp.o(i.HAL_I2S_MspInit) for HAL_I2S_MspInit
    stm32f4xx_hal_i2s.o(i.HAL_I2S_Init) refers to stm32f4xx_hal_rcc_ex.o(i.HAL_RCCEx_GetPeriphCLKFreq) for HAL_RCCEx_GetPeriphCLKFreq
    stm32f4xx_hal_i2s.o(i.HAL_I2S_Init) refers to stm32f4xx_hal_i2s.o(i.HAL_I2S_ErrorCallback) for HAL_I2S_ErrorCallback
    stm32f4xx_hal_i2s.o(i.HAL_I2S_Init) refers to stm32f4xx_hal_i2s.o(i.I2S_IRQHandler) for I2S_IRQHandler
    stm32f4xx_hal_i2s.o(i.HAL_I2S_Init) refers to stm32f4xx_hal_i2s_ex.o(i.HAL_I2SEx_FullDuplex_IRQHandler) for HAL_I2SEx_FullDuplex_IRQHandler
    stm32f4xx_hal_i2s.o(i.HAL_I2S_Receive) refers to stm32f4xx_hal_i2s.o(i.I2S_WaitFlagStateUntilTimeout) for I2S_WaitFlagStateUntilTimeout
    stm32f4xx_hal_i2s.o(i.HAL_I2S_Receive) refers to stm32f4xx_hal_i2s.o(i.HAL_I2S_ErrorCallback) for HAL_I2S_ErrorCallback
    stm32f4xx_hal_i2s.o(i.HAL_I2S_Receive_DMA) refers to stm32f4xx_hal_dma.o(i.HAL_DMA_Start_IT) for HAL_DMA_Start_IT
    stm32f4xx_hal_i2s.o(i.HAL_I2S_Receive_DMA) refers to stm32f4xx_hal_i2s.o(i.I2S_DMARxHalfCplt) for I2S_DMARxHalfCplt
    stm32f4xx_hal_i2s.o(i.HAL_I2S_Receive_DMA) refers to stm32f4xx_hal_i2s.o(i.I2S_DMARxCplt) for I2S_DMARxCplt
    stm32f4xx_hal_i2s.o(i.HAL_I2S_Receive_DMA) refers to stm32f4xx_hal_i2s.o(i.I2S_DMAError) for I2S_DMAError
    stm32f4xx_hal_i2s.o(i.HAL_I2S_Transmit) refers to stm32f4xx_hal_i2s.o(i.I2S_WaitFlagStateUntilTimeout) for I2S_WaitFlagStateUntilTimeout
    stm32f4xx_hal_i2s.o(i.HAL_I2S_Transmit) refers to stm32f4xx_hal_i2s.o(i.HAL_I2S_ErrorCallback) for HAL_I2S_ErrorCallback
    stm32f4xx_hal_i2s.o(i.HAL_I2S_Transmit_DMA) refers to stm32f4xx_hal_dma.o(i.HAL_DMA_Start_IT) for HAL_DMA_Start_IT
    stm32f4xx_hal_i2s.o(i.HAL_I2S_Transmit_DMA) refers to stm32f4xx_hal_i2s.o(i.I2S_DMATxHalfCplt) for I2S_DMATxHalfCplt
    stm32f4xx_hal_i2s.o(i.HAL_I2S_Transmit_DMA) refers to stm32f4xx_hal_i2s.o(i.I2S_DMATxCplt) for I2S_DMATxCplt
    stm32f4xx_hal_i2s.o(i.HAL_I2S_Transmit_DMA) refers to stm32f4xx_hal_i2s.o(i.I2S_DMAError) for I2S_DMAError
    stm32f4xx_hal_i2s.o(i.I2S_DMAError) refers to stm32f4xx_hal_i2s.o(i.HAL_I2S_ErrorCallback) for HAL_I2S_ErrorCallback
    stm32f4xx_hal_i2s.o(i.I2S_DMARxCplt) refers to stm32f4xx_hal_i2s.o(i.HAL_I2S_RxCpltCallback) for HAL_I2S_RxCpltCallback
    stm32f4xx_hal_i2s.o(i.I2S_DMARxHalfCplt) refers to stm32f4xx_hal_i2s.o(i.HAL_I2S_RxHalfCpltCallback) for HAL_I2S_RxHalfCpltCallback
    stm32f4xx_hal_i2s.o(i.I2S_DMATxCplt) refers to stm32f4xx_hal_i2s.o(i.HAL_I2S_TxCpltCallback) for HAL_I2S_TxCpltCallback
    stm32f4xx_hal_i2s.o(i.I2S_DMATxHalfCplt) refers to stm32f4xx_hal_i2s.o(i.HAL_I2S_TxHalfCpltCallback) for HAL_I2S_TxHalfCpltCallback
    stm32f4xx_hal_i2s.o(i.I2S_IRQHandler) refers to stm32f4xx_hal_i2s.o(i.I2S_Receive_IT) for I2S_Receive_IT
    stm32f4xx_hal_i2s.o(i.I2S_IRQHandler) refers to stm32f4xx_hal_i2s.o(i.HAL_I2S_ErrorCallback) for HAL_I2S_ErrorCallback
    stm32f4xx_hal_i2s.o(i.I2S_IRQHandler) refers to stm32f4xx_hal_i2s.o(i.I2S_Transmit_IT) for I2S_Transmit_IT
    stm32f4xx_hal_i2s.o(i.I2S_Receive_IT) refers to stm32f4xx_hal_i2s.o(i.HAL_I2S_RxCpltCallback) for HAL_I2S_RxCpltCallback
    stm32f4xx_hal_i2s.o(i.I2S_Transmit_IT) refers to stm32f4xx_hal_i2s.o(i.HAL_I2S_TxCpltCallback) for HAL_I2S_TxCpltCallback
    stm32f4xx_hal_i2s.o(i.I2S_WaitFlagStateUntilTimeout) refers to stm32f4xx_hal.o(i.HAL_GetTick) for HAL_GetTick
    stm32f4xx_hal_flash_ex.o(i.FLASH_OB_DisableWRP) refers to stm32f4xx_hal_flash.o(i.FLASH_WaitForLastOperation) for FLASH_WaitForLastOperation
    stm32f4xx_hal_flash_ex.o(i.FLASH_OB_EnableWRP) refers to stm32f4xx_hal_flash.o(i.FLASH_WaitForLastOperation) for FLASH_WaitForLastOperation
[...]
    USBH_UserProcess                         0x080054c9   Thumb Code    50  usb_host.o(i.USBH_UserProcess)
    i.USB_CoreInit                           0x08005500   Section        0  stm32f4xx_ll_usb.o(i.USB_CoreInit)
    i.USB_CoreReset                          0x08005570   Section        0  stm32f4xx_ll_usb.o(i.USB_CoreReset)
    USB_CoreReset                            0x08005571   Thumb Code    70  stm32f4xx_ll_usb.o(i.USB_CoreReset)
    i.USB_DisableGlobalInt                   0x080055bc   Section        0  stm32f4xx_ll_usb.o(i.USB_DisableGlobalInt)
    i.USB_DoPing                             0x080055cc   Section        0  stm32f4xx_ll_usb.o(i.USB_DoPing)
    i.USB_DriveVbus                          0x0800560c   Section        0  stm32f4xx_ll_usb.o(i.USB_DriveVbus)
    i.USB_EnableGlobalInt                    0x08005650   Section        0  stm32f4xx_ll_usb.o(i.USB_EnableGlobalInt)
    i.USB_FlushRxFifo                        0x08005660   Section        0  stm32f4xx_ll_usb.o(i.USB_FlushRxFifo)
    i.USB_FlushTxFifo                        0x0800568c   Section        0  stm32f4xx_ll_usb.o(i.USB_FlushTxFifo)
    i.USB_GetCurrentFrame                    0x080056bc   Section        0  stm32f4xx_ll_usb.o(i.USB_GetCurrentFrame)
    i.USB_GetHostSpeed                       0x080056c8   Section        0  stm32f4xx_ll_usb.o(i.USB_GetHostSpeed)
    i.USB_GetMode                            0x080056da   Section        0  stm32f4xx_ll_usb.o(i.USB_GetMode)
    i.USB_HC_Halt                            0x080056e4   Section        0  stm32f4xx_ll_usb.o(i.USB_HC_Halt)
    i.USB_HC_Init                            0x0800582c   Section        0  stm32f4xx_ll_usb.o(i.USB_HC_Init)
    i.USB_HC_ReadInterrupt                   0x080059b4   Section        0  stm32f4xx_ll_usb.o(i.USB_HC_ReadInterrupt)
    i.USB_HC_StartXfer                       0x080059c0   Section        0  stm32f4xx_ll_usb.o(i.USB_HC_StartXfer)
    i.USB_HostInit                           0x08005b48   Section        0  stm32f4xx_ll_usb.o(i.USB_HostInit)
    i.USB_InitFSLSPClkSel                    0x08005c34   Section        0  stm32f4xx_ll_usb.o(i.USB_InitFSLSPClkSel)
    i.USB_ReadInterrupts                     0x08005c72   Section        0  stm32f4xx_ll_usb.o(i.USB_ReadInterrupts)
    i.USB_ReadPacket                         0x08005c7e   Section        0  stm32f4xx_ll_usb.o(i.USB_ReadPacket)
    i.USB_ResetPort                          0x08005ca0   Section        0  stm32f4xx_ll_usb.o(i.USB_ResetPort)
    i.USB_SetCurrentMode                     0x08005cd0   Section        0  stm32f4xx_ll_usb.o(i.USB_SetCurrentMode)
    i.USB_StopHost                           0x08005d00   Section        0  stm32f4xx_ll_usb.o(i.USB_StopHost)
    i.USB_WritePacket                        0x08005dae   Section        0  stm32f4xx_ll_usb.o(i.USB_WritePacket)
    i._Error_Handler                         0x08005dde   Section        0  main.o(i._Error_Handler)
    i.__scatterload_copy                     0x08005de0   Section       14  handlers.o(i.__scatterload_copy)
    i.__scatterload_null                     0x08005dee   Section        2  handlers.o(i.__scatterload_null)
    i.__scatterload_zeroinit                 0x08005df0   Section       14  handlers.o(i.__scatterload_zeroinit)
    i.free                                   0x08005e00   Section        0  malloc.o(i.free)
    i.inHandlerMode                          0x08005e50   Section        0  cmsis_os.o(i.inHandlerMode)
    inHandlerMode                            0x08005e51   Thumb Code    16  cmsis_os.o(i.inHandlerMode)
    i.main                                   0x08005e60   Section        0  main.o(i.main)
    i.makeFreeRtosPriority                   0x08005eac   Section        0  cmsis_os.o(i.makeFreeRtosPriority)
    makeFreeRtosPriority                     0x08005ead   Thumb Code    14  cmsis_os.o(i.makeFreeRtosPriority)
    i.malloc                                 0x08005ebc   Section        0  malloc.o(i.malloc)
    i.osDelay                                0x08005f28   Section        0  cmsis_os.o(i.osDelay)
    i.osKernelStart                          0x08005f40   Section        0  cmsis_os.o(i.osKernelStart)
    i.osMessageCreate                        0x08005f4a   Section        0  cmsis_os.o(i.osMessageCreate)
    i.osMessageGet                           0x08005f5c   Section        0  cmsis_os.o(i.osMessageGet)
    i.osMessagePut                           0x08005ff8   Section        0  cmsis_os.o(i.osMessagePut)
    i.osSystickHandler                       0x08006058   Section        0  cmsis_os.o(i.osSystickHandler)
    i.osThreadCreate                         0x08006068   Section        0  cmsis_os.o(i.osThreadCreate)
    i.prvAddCurrentTaskToDelayedList         0x08006098   Section        0  tasks.o(i.prvAddCurrentTaskToDelayedList)
    prvAddCurrentTaskToDelayedList           0x08006099   Thumb Code   124  tasks.o(i.prvAddCurrentTaskToDelayedList)
    i.prvAddNewTaskToReadyList               0x08006130   Section        0  tasks.o(i.prvAddNewTaskToReadyList)
    prvAddNewTaskToReadyList                 0x08006131   Thumb Code   150  tasks.o(i.prvAddNewTaskToReadyList)
    i.prvCheckTasksWaitingTermination        0x080061e4   Section        0  tasks.o(i.prvCheckTasksWaitingTermination)
    prvCheckTasksWaitingTermination          0x080061e5   Thumb Code    86  tasks.o(i.prvCheckTasksWaitingTermination)
    i.prvCopyDataFromQueue                   0x08006248   Section        0  queue.o(i.prvCopyDataFromQueue)
    prvCopyDataFromQueue                     0x08006249   Thumb Code    42  queue.o(i.prvCopyDataFromQueue)
    i.prvCopyDataToQueue                     0x08006272   Section        0  queue.o(i.prvCopyDataToQueue)
    prvCopyDataToQueue                       0x08006273   Thumb Code   124  queue.o(i.prvCopyDataToQueue)
    i.prvDeleteTCB                           0x080062ee   Section        0  tasks.o(i.prvDeleteTCB)
    prvDeleteTCB                             0x080062ef   Thumb Code    18  tasks.o(i.prvDeleteTCB)
    i.prvHeapInit                            0x08006300   Section        0  heap_4.o(i.prvHeapInit)
    prvHeapInit                              0x08006301   Thumb Code    98  heap_4.o(i.prvHeapInit)
    i.prvIdleTask                            0x0800637c   Section        0  tasks.o(i.prvIdleTask)
    prvIdleTask                              0x0800637d   Thumb Code    32  tasks.o(i.prvIdleTask)
    i.prvInitialiseNewQueue                  0x080063a4   Section        0  queue.o(i.prvInitialiseNewQueue)
    prvInitialiseNewQueue                    0x080063a5   Thumb Code    38  queue.o(i.prvInitialiseNewQueue)
    i.prvInitialiseNewTask                   0x080063ca   Section        0  tasks.o(i.prvInitialiseNewTask)
    prvInitialiseNewTask                     0x080063cb   Thumb Code   170  tasks.o(i.prvInitialiseNewTask)
    i.prvInitialiseTaskLists                 0x08006474   Section        0  tasks.o(i.prvInitialiseTaskLists)
    prvInitialiseTaskLists                   0x08006475   Thumb Code    70  tasks.o(i.prvInitialiseTaskLists)
    i.prvInsertBlockIntoFreeList             0x080064dc   Section        0  heap_4.o(i.prvInsertBlockIntoFreeList)
    prvInsertBlockIntoFreeList               0x080064dd   Thumb Code    96  heap_4.o(i.prvInsertBlockIntoFreeList)
    i.prvIsQueueEmpty                        0x08006544   Section        0  queue.o(i.prvIsQueueEmpty)
    prvIsQueueEmpty                          0x08006545   Thumb Code    26  queue.o(i.prvIsQueueEmpty)
    i.prvIsQueueFull                         0x0800655e   Section        0  queue.o(i.prvIsQueueFull)
    prvIsQueueFull                           0x0800655f   Thumb Code    30  queue.o(i.prvIsQueueFull)
    i.prvResetNextTaskUnblockTime            0x0800657c   Section        0  tasks.o(i.prvResetNextTaskUnblockTime)
    prvResetNextTaskUnblockTime              0x0800657d   Thumb Code    42  tasks.o(i.prvResetNextTaskUnblockTime)
    i.prvTaskExitError                       0x080065b0   Section        0  port.o(i.prvTaskExitError)
    prvTaskExitError                         0x080065b1   Thumb Code    60  port.o(i.prvTaskExitError)
    i.prvUnlockQueue                         0x080065f0   Section        0  queue.o(i.prvUnlockQueue)
    prvUnlockQueue                           0x080065f1   Thumb Code   126  queue.o(i.prvUnlockQueue)
    i.pvPortMalloc                           0x08006670   Section        0  heap_4.o(i.pvPortMalloc)
    i.pvTaskIncrementMutexHeldCount          0x080067ac   Section        0  tasks.o(i.pvTaskIncrementMutexHeldCount)
    i.pxPortInitialiseStack                  0x080067cc   Section        0  port.o(i.pxPortInitialiseStack)
    i.uxListRemove                           0x080067f8   Section        0  list.o(i.uxListRemove)
    i.vListInitialise                        0x08006820   Section        0  list.o(i.vListInitialise)
    i.vListInitialiseItem                    0x0800683a   Section        0  list.o(i.vListInitialiseItem)
    i.vListInsert                            0x08006840   Section        0  list.o(i.vListInsert)
    i.vListInsertEnd                         0x08006874   Section        0  list.o(i.vListInsertEnd)
    i.vPortEnterCritical                     0x0800688c   Section        0  port.o(i.vPortEnterCritical)
    i.vPortExitCritical                      0x080068e0   Section        0  port.o(i.vPortExitCritical)
    i.vPortFree                              0x0800691c   Section        0  heap_4.o(i.vPortFree)
    i.vPortSetupTimerInterrupt               0x080069b0   Section        0  port.o(i.vPortSetupTimerInterrupt)
    i.vPortValidateInterruptPriority         0x080069d0   Section        0  port.o(i.vPortValidateInterruptPriority)
    i.vTaskDelay                             0x08006a48   Section        0  tasks.o(i.vTaskDelay)
    i.vTaskMissedYield                       0x08006aa4   Section        0  tasks.o(i.vTaskMissedYield)
    i.vTaskPlaceOnEventList                  0x08006ab0   Section        0  tasks.o(i.vTaskPlaceOnEventList)
    i.vTaskPriorityInherit                   0x08006ae8   Section        0  tasks.o(i.vTaskPriorityInherit)
    i.vTaskSetTimeOutState                   0x08006b98   Section        0  tasks.o(i.vTaskSetTimeOutState)
    i.vTaskStartScheduler                    0x08006bc8   Section        0  tasks.o(i.vTaskStartScheduler)
    i.vTaskSuspendAll                        0x08006c50   Section        0  tasks.o(i.vTaskSuspendAll)
    i.vTaskSwitchContext                     0x08006c60   Section        0  tasks.o(i.vTaskSwitchContext)
    i.xPortStartScheduler                    0x08006cec   Section        0  port.o(i.xPortStartScheduler)
    i.xPortSysTickHandler                    0x08006e28   Section        0  port.o(i.xPortSysTickHandler)
    i.xQueueGenericCreate                    0x08006e5c   Section        0  queue.o(i.xQueueGenericCreate)
    i.xQueueGenericReceive                   0x08006eb4   Section        0  queue.o(i.xQueueGenericReceive)
    i.xQueueGenericReset                     0x08007078   Section        0  queue.o(i.xQueueGenericReset)
    i.xQueueGenericSend                      0x08007110   Section        0  queue.o(i.xQueueGenericSend)
    i.xQueueGenericSendFromISR               0x080072b8   Section        0  queue.o(i.xQueueGenericSendFromISR)
    i.xQueueReceiveFromISR                   0x080073b0   Section        0  queue.o(i.xQueueReceiveFromISR)
    i.xTaskCheckForTimeOut                   0x0800747c   Section        0  tasks.o(i.xTaskCheckForTimeOut)
    i.xTaskCreate                            0x08007508   Section        0  tasks.o(i.xTaskCreate)
    i.xTaskGetSchedulerState                 0x08007568   Section        0  tasks.o(i.xTaskGetSchedulerState)
    i.xTaskIncrementTick                     0x08007588   Section        0  tasks.o(i.xTaskIncrementTick)
    i.xTaskPriorityDisinherit                0x080076d0   Section        0  tasks.o(i.xTaskPriorityDisinherit)
    i.xTaskRemoveFromEventList               0x08007798   Section        0  tasks.o(i.xTaskRemoveFromEventList)
    i.xTaskResumeAll                         0x08007830   Section        0  tasks.o(i.xTaskResumeAll)
    .constdata                               0x08007934   Section       24  system_stm32f4xx.o(.constdata)
    .constdata                               0x0800794c   Section       28  usbh_core.o(.constdata)
    .constdata                               0x08007968   Section       20  main.o(.constdata)
    .conststring                             0x0800797c   Section       12  usbh_core.o(.conststring)
    .conststring                             0x08007988   Section        4  usbh_cdc.o(.conststring)
    .conststring                             0x0800798c   Section       12  main.o(.conststring)
    .data                                    0x20000000   Section        9  stm32f4xx_hal.o(.data)
    .data                                    0x2000000c   Section       24  heap_4.o(.data)
    xStart                                   0x2000000c   Data           8  heap_4.o(.data)
    pxEnd                                    0x20000014   Data           4  heap_4.o(.data)
    xFreeBytesRemaining                      0x20000018   Data           4  heap_4.o(.data)
    xMinimumEverFreeBytesRemaining           0x2000001c   Data           4  heap_4.o(.data)
    xBlockAllocatedBit                       0x20000020   Data           4  heap_4.o(.data)
    .data                                    0x20000024   Section       60  tasks.o(.data)
    pxDelayedTaskList                        0x20000028   Data           4  tasks.o(.data)
    pxOverflowDelayedTaskList                0x2000002c   Data           4  tasks.o(.data)
    uxDeletedTasksWaitingCleanUp             0x20000030   Data           4  tasks.o(.data)
    uxCurrentNumberOfTasks                   0x20000034   Data           4  tasks.o(.data)
    xTickCount                               0x20000038   Data           4  tasks.o(.data)
    uxTopReadyPriority                       0x2000003c   Data           4  tasks.o(.data)
    xSchedulerRunning                        0x20000040   Data           4  tasks.o(.data)
    uxPendedTicks                            0x20000044   Data           4  tasks.o(.data)
    xYieldPending                            0x20000048   Data           4  tasks.o(.data)
    xNumOfOverflows                          0x2000004c   Data           4  tasks.o(.data)
    uxTaskNumber                             0x20000050   Data           4  tasks.o(.data)
    xNextTaskUnblockTime                     0x20000054   Data           4  tasks.o(.data)
    xIdleTaskHandle                          0x20000058   Data           4  tasks.o(.data)
    uxSchedulerSuspended                     0x2000005c   Data           4  tasks.o(.data)
    .data                                    0x20000060   Section       12  port.o(.data)
    uxCriticalNesting                        0x20000060   Data           4  port.o(.data)
    ucMaxSysCallPriority                     0x20000064   Data           1  port.o(.data)
    ulMaxPRIGROUPValue                       0x20000068   Data           4  port.o(.data)
    .data                                    0x2000006c   Section        4  system_stm32f4xx.o(.data)
    .data                                    0x20000070   Section       32  usbh_cdc.o(.data)
    .data                                    0x20000090   Section        4  main.o(.data)
    .data                                    0x20000094   Section        1  usb_host.o(.data)
    .data                                    0x20000098   Section        4  mvars.o(.data)
    .data                                    0x2000009c   Section        4  mvars.o(.data)
    .bss                                     0x200000a0   Section    15360  heap_4.o(.bss)
    ucHeap                                   0x200000a0   Data       15360  heap_4.o(.bss)
    .bss                                     0x20003ca0   Section      240  tasks.o(.bss)
    pxReadyTasksLists                        0x20003ca0   Data         140  tasks.o(.bss)
    xDelayedTaskList1                        0x20003d2c   Data          20  tasks.o(.bss)
    xDelayedTaskList2                        0x20003d40   Data          20  tasks.o(.bss)
    xPendingReadyList                        0x20003d54   Data          20  tasks.o(.bss)
    xTasksWaitingTermination                 0x20003d68   Data          20  tasks.o(.bss)
    xSuspendedTaskList                       0x20003d7c   Data          20  tasks.o(.bss)
    .bss                                     0x20003d90   Section      664  usbh_conf.o(.bss)
    .bss                                     0x20004028   Section      436  main.o(.bss)
    .bss                                     0x200041dc   Section      976  usb_host.o(.bss)
    HEAP                                     0x200045b0   Section      512  startup_stm32f407xx.o(HEAP)
    STACK                                    0x200047b0   Section     1024  startup_stm32f407xx.o(STACK)

    Global Symbols

    Symbol Name                              Value     Ov Type        Size  Object(Section)

    BuildAttributes$$THM_ISAv4$E$P$D$K$B$S$7EM$VFPi3$EXTD16$VFPS$VFMA$PE$A:L22UL41UL21$X:L11$S22US41US21$IEEE1$IW$USESV6$~STKCKD$USESV7$~SHL$OSPACE$EBA8$MICROLIB$REQ8$PRES8$EABIv2 0x00000000   Number         0  anon$$obj.o ABSOLUTE
    __ARM_use_no_argv                        0x00000000   Number         0  main.o ABSOLUTE
    __cpp_initialize__aeabi_                  - Undefined Weak Reference
    __cxa_finalize                            - Undefined Weak Reference
    __decompress                              - Undefined Weak Reference
    _clock_init                               - Undefined Weak Reference
    _microlib_exit                            - Undefined Weak Reference
    __Vectors_Size                           0x00000188   Number         0  startup_stm32f407xx.o ABSOLUTE
    __Vectors                                0x08000000   Data           4  startup_stm32f407xx.o(RESET)
    __Vectors_End                            0x08000188   Data           0  startup_stm32f407xx.o(RESET)
    __main                                   0x08000189   Thumb Code     0  entry.o(.ARM.Collect$$$$00000000)
    _main_stk                                0x08000189   Thumb Code     0  entry2.o(.ARM.Collect$$$$00000001)
    _main_scatterload                        0x0800018d   Thumb Code     0  entry5.o(.ARM.Collect$$$$00000004)
    __main_after_scatterload                 0x08000191   Thumb Code     0  entry5.o(.ARM.Collect$$$$00000004)
    _main_clock                              0x08000191   Thumb Code     0  entry7b.o(.ARM.Collect$$$$00000008)
    _main_cpp_init                           0x08000191   Thumb Code     0  entry8b.o(.ARM.Collect$$$$0000000A)
    _main_init                               0x08000191   Thumb Code     0  entry9a.o(.ARM.Collect$$$$0000000B)
    __rt_final_cpp                           0x08000199   Thumb Code     0  entry10a.o(.ARM.Collect$$$$0000000D)
    __rt_final_exit                          0x08000199   Thumb Code     0  entry11a.o(.ARM.Collect$$$$0000000F)
    SVC_Handler                              0x0800019d   Thumb Code    28  port.o(.emb_text)
    __asm___6_port_c_39a90d8d__prvStartFirstTask 0x080001bd   Thumb Code    28  port.o(.emb_text)
    __asm___6_port_c_39a90d8d__prvEnableVFP  0x080001dd   Thumb Code    16  port.o(.emb_text)
    PendSV_Handler                           0x080001f1   Thumb Code    92  port.o(.emb_text)
    vPortGetIPSR                             0x08000251   Thumb Code     6  port.o(.emb_text)
    Reset_Handler                            0x08000259   Thumb Code     8  startup_stm32f407xx.o(.text)
    NMI_Handler                              0x08000261   Thumb Code     2  startup_stm32f407xx.o(.text)
    HardFault_Handler                        0x08000263   Thumb Code     2  startup_stm32f407xx.o(.text)
    MemManage_Handler                        0x08000265   Thumb Code     2  startup_stm32f407xx.o(.text)
    BusFault_Handler                         0x08000267   Thumb Code     2  startup_stm32f407xx.o(.text)
    UsageFault_Handler                       0x08000269   Thumb Code     2  startup_stm32f407xx.o(.text)
    DebugMon_Handler                         0x0800026d   Thumb Code     2  startup_stm32f407xx.o(.text)
    CAN1_RX0_IRQHandler                      0x08000273   Thumb Code     0  startup_stm32f407xx.o(.text)
    CAN1_RX1_IRQHandler                      0x08000273   Thumb Code     0  startup_stm32f407xx.o(.text)
    CAN1_SCE_IRQHandler                      0x08000273   Thumb Code     0  startup_stm32f407xx.o(.text)
    CAN1_TX_IRQHandler                       0x08000273   Thumb Code     0  startup_stm32f407xx.o(.text)
    CAN2_RX0_IRQHandler                      0x08000273   Thumb Code     0  startup_stm32f407xx.o(.text)
    CAN2_RX1_IRQHandler                      0x08000273   Thumb Code     0  startup_stm32f407xx.o(.text)
    CAN2_SCE_IRQHandler                      0x08000273   Thumb Code     0  startup_stm32f407xx.o(.text)
    CAN2_TX_IRQHandler                       0x08000273   Thumb Code     0  startup_stm32f407xx.o(.text)
    DCMI_IRQHandler                          0x08000273   Thumb Code     0  startup_stm32f407xx.o(.text)
    DMA1_Stream0_IRQHandler                  0x08000273   Thumb Code     0  startup_stm32f407xx.o(.text)
    DMA1_Stream1_IRQHandler                  0x08000273   Thumb Code     0  startup_stm32f407xx.o(.text)
    DMA1_Stream2_IRQHandler                  0x08000273   Thumb Code     0  startup_stm32f407xx.o(.text)
    DMA1_Stream3_IRQHandler                  0x08000273   Thumb Code     0  startup_stm32f407xx.o(.text)
    DMA1_Stream4_IRQHandler                  0x08000273   Thumb Code     0  startup_stm32f407xx.o(.text)
    DMA1_Stream5_IRQHandler                  0x08000273   Thumb Code     0  startup_stm32f407xx.o(.text)
    DMA1_Stream6_IRQHandler                  0x08000273   Thumb Code     0  startup_stm32f407xx.o(.text)
    DMA1_Stream7_IRQHandler                  0x08000273   Thumb Code     0  startup_stm32f407xx.o(.text)
    DMA2_Stream0_IRQHandler                  0x08000273   Thumb Code     0  startup_stm32f407xx.o(.text)
    DMA2_Stream1_IRQHandler                  0x08000273   Thumb Code     0  startup_stm32f407xx.o(.text)
    DMA2_Stream2_IRQHandler                  0x08000273   Thumb Code     0  startup_stm32f407xx.o(.text)
    DMA2_Stream3_IRQHandler                  0x08000273   Thumb Code     0  startup_stm32f407xx.o(.text)
    DMA2_Stream4_IRQHandler                  0x08000273   Thumb Code     0  startup_stm32f407xx.o(.text)
    DMA2_Stream5_IRQHandler                  0x08000273   Thumb Code     0  startup_stm32f407xx.o(.text)
    DMA2_Stream6_IRQHandler                  0x08000273   Thumb Code     0  startup_stm32f407xx.o(.text)
    DMA2_Stream7_IRQHandler                  0x08000273   Thumb Code     0  startup_stm32f407xx.o(.text)
    ETH_IRQHandler                           0x08000273   Thumb Code     0  startup_stm32f407xx.o(.text)
    ETH_WKUP_IRQHandler                      0x08000273   Thumb Code     0  startup_stm32f407xx.o(.text)
    EXTI0_IRQHandler                         0x08000273   Thumb Code     0  startup_stm32f407xx.o(.text)
    EXTI15_10_IRQHandler                     0x08000273   Thumb Code     0  startup_stm32f407xx.o(.text)
    EXTI1_IRQHandler                         0x08000273   Thumb Code     0  startup_stm32f407xx.o(.text)
    EXTI2_IRQHandler                         0x08000273   Thumb Code     0  startup_stm32f407xx.o(.text)
    EXTI3_IRQHandler                         0x08000273   Thumb Code     0  startup_stm32f407xx.o(.text)
    EXTI4_IRQHandler                         0x08000273   Thumb Code     0  startup_stm32f407xx.o(.text)
    EXTI9_5_IRQHandler                       0x08000273   Thumb Code     0  startup_stm32f407xx.o(.text)
    FLASH_IRQHandler                         0x08000273   Thumb Code     0  startup_stm32f407xx.o(.text)
    FMC_IRQHandler                           0x08000273   Thumb Code     0  startup_stm32f407xx.o(.text)
    FPU_IRQHandler                           0x08000273   Thumb Code     0  startup_stm32f407xx.o(.text)
    HASH_RNG_IRQHandler                      0x08000273   Thumb Code     0  startup_stm32f407xx.o(.text)
    I2C1_ER_IRQHandler                       0x08000273   Thumb Code     0  startup_stm32f407xx.o(.text)
    I2C1_EV_IRQHandler                       0x08000273   Thumb Code     0  startup_stm32f407xx.o(.text)
    I2C2_ER_IRQHandler                       0x08000273   Thumb Code     0  startup_stm32f407xx.o(.text)
    I2C2_EV_IRQHandler                       0x08000273   Thumb Code     0  startup_stm32f407xx.o(.text)
    I2C3_ER_IRQHandler                       0x08000273   Thumb Code     0  startup_stm32f407xx.o(.text)
    I2C3_EV_IRQHandler                       0x08000273   Thumb Code     0  startup_stm32f407xx.o(.text)
    OTG_FS_WKUP_IRQHandler                   0x08000273   Thumb Code     0  startup_stm32f407xx.o(.text)
    OTG_HS_EP1_IN_IRQHandler                 0x08000273   Thumb Code     0  startup_stm32f407xx.o(.text)
    OTG_HS_EP1_OUT_IRQHandler                0x08000273   Thumb Code     0  startup_stm32f407xx.o(.text)
    OTG_HS_IRQHandler                        0x08000273   Thumb Code     0  startup_stm32f407xx.o(.text)
    OTG_HS_WKUP_IRQHandler                   0x08000273   Thumb Code     0  startup_stm32f407xx.o(.text)
    PVD_IRQHandler                           0x08000273   Thumb Code     0  startup_stm32f407xx.o(.text)
    RCC_IRQHandler                           0x08000273   Thumb Code     0  startup_stm32f407xx.o(.text)
    RTC_Alarm_IRQHandler                     0x08000273   Thumb Code     0  startup_stm32f407xx.o(.text)
    RTC_WKUP_IRQHandler                      0x08000273   Thumb Code     0  startup_stm32f407xx.o(.text)
    SDIO_IRQHandler                          0x08000273   Thumb Code     0  startup_stm32f407xx.o(.text)
    SPI1_IRQHandler                          0x08000273   Thumb Code     0  startup_stm32f407xx.o(.text)
    SPI2_IRQHandler                          0x08000273   Thumb Code     0  startup_stm32f407xx.o(.text)
    SPI3_IRQHandler                          0x08000273   Thumb Code     0  startup_stm32f407xx.o(.text)
    TAMP_STAMP_IRQHandler                    0x08000273   Thumb Code     0  startup_stm32f407xx.o(.text)
    TIM1_BRK_TIM9_IRQHandler                 0x08000273   Thumb Code     0  startup_stm32f407xx.o(.text)
    TIM1_CC_IRQHandler                       0x08000273   Thumb Code     0  startup_stm32f407xx.o(.text)
    TIM1_TRG_COM_TIM11_IRQHandler            0x08000273   Thumb Code     0  startup_stm32f407xx.o(.text)
    TIM1_UP_TIM10_IRQHandler                 0x08000273   Thumb Code     0  startup_stm32f407xx.o(.text)
    TIM3_IRQHandler                          0x08000273   Thumb Code     0  startup_stm32f407xx.o(.text)
    TIM4_IRQHandler                          0x08000273   Thumb Code     0  startup_stm32f407xx.o(.text)
    TIM5_IRQHandler                          0x08000273   Thumb Code     0  startup_stm32f407xx.o(.text)
    TIM6_DAC_IRQHandler                      0x08000273   Thumb Code     0  startup_stm32f407xx.o(.text)
    TIM7_IRQHandler                          0x08000273   Thumb Code     0  startup_stm32f407xx.o(.text)
    TIM8_BRK_TIM12_IRQHandler                0x08000273   Thumb Code     0  startup_stm32f407xx.o(.text)
    TIM8_CC_IRQHandler                       0x08000273   Thumb Code     0  startup_stm32f407xx.o(.text)
    TIM8_TRG_COM_TIM14_IRQHandler            0x08000273   Thumb Code     0  startup_stm32f407xx.o(.text)
    TIM8_UP_TIM13_IRQHandler                 0x08000273   Thumb Code     0  startup_stm32f407xx.o(.text)
    UART4_IRQHandler                         0x08000273   Thumb Code     0  startup_stm32f407xx.o(.text)
    UART5_IRQHandler                         0x08000273   Thumb Code     0  startup_stm32f407xx.o(.text)
    USART1_IRQHandler                        0x08000273   Thumb Code     0  startup_stm32f407xx.o(.text)
    USART2_IRQHandler                        0x08000273   Thumb Code     0  startup_stm32f407xx.o(.text)
    USART3_IRQHandler                        0x08000273   Thumb Code     0  startup_stm32f407xx.o(.text)
    USART6_IRQHandler                        0x08000273   Thumb Code     0  startup_stm32f407xx.o(.text)
    WWDG_IRQHandler                          0x08000273   Thumb Code     0  startup_stm32f407xx.o(.text)
    __aeabi_uldivmod                         0x0800027d   Thumb Code    98  uldiv.o(.text)
    __aeabi_memcpy                           0x080002df   Thumb Code    36  memcpya.o(.text)
    __aeabi_memcpy4                          0x080002df   Thumb Code     0  memcpya.o(.text)
    __aeabi_memcpy8                          0x080002df   Thumb Code     0  memcpya.o(.text)
    __aeabi_llsl                             0x08000303   Thumb Code    30  llshl.o(.text)
    _ll_shift_l                              0x08000303   Thumb Code     0  llshl.o(.text)
    __aeabi_llsr                             0x08000321   Thumb Code    32  llushr.o(.text)
    _ll_ushift_r                             0x08000321   Thumb Code     0  llushr.o(.text)
    __scatterload                            0x08000341   Thumb Code    28  init.o(.text)
    __scatterload_rt2                        0x08000341   Thumb Code     0  init.o(.text)
    ADC_IRQHandler                           0x08000365   Thumb Code    10  stm32f4xx_it.o(i.ADC_IRQHandler)
    HAL_ADCEx_InjectedConvCpltCallback       0x0800068f   Thumb Code     2  stm32f4xx_hal_adc_ex.o(i.HAL_ADCEx_InjectedConvCpltCallback)
    HAL_ADC_ConfigChannel                    0x08000691   Thumb Code   380  stm32f4xx_hal_adc.o(i.HAL_ADC_ConfigChannel)
    HAL_ADC_ConvCpltCallback                 0x0800081d   Thumb Code     2  stm32f4xx_hal_adc.o(i.HAL_ADC_ConvCpltCallback)
    HAL_ADC_ErrorCallback                    0x0800081f   Thumb Code     2  stm32f4xx_hal_adc.o(i.HAL_ADC_ErrorCallback)
    HAL_ADC_IRQHandler                       0x08000821   Thumb Code   372  stm32f4xx_hal_adc.o(i.HAL_ADC_IRQHandler)
    HAL_ADC_Init                             0x08000995   Thumb Code   100  stm32f4xx_hal_adc.o(i.HAL_ADC_Init)
    HAL_ADC_LevelOutOfWindowCallback         0x080009fd   Thumb Code     2  stm32f4xx_hal_adc.o(i.HAL_ADC_LevelOutOfWindowCallback)
    HAL_ADC_MspInit                          0x08000a01   Thumb Code    86  stm32f4xx_hal_msp.o(i.HAL_ADC_MspInit)
    HAL_Delay                                0x08000a65   Thumb Code    36  stm32f4xx_hal.o(i.HAL_Delay)
    HAL_GPIO_Init                            0x08000a8d   Thumb Code   466  stm32f4xx_hal_gpio.o(i.HAL_GPIO_Init)
    HAL_GPIO_WritePin                        0x08000c8d   Thumb Code    12  stm32f4xx_hal_gpio.o(i.HAL_GPIO_WritePin)
    HAL_GetTick                              0x08000c99   Thumb Code     6  stm32f4xx_hal.o(i.HAL_GetTick)
    HAL_HCD_Connect_Callback                 0x08000ca5   Thumb Code    14  usbh_conf.o(i.HAL_HCD_Connect_Callback)
    HAL_HCD_Disconnect_Callback              0x08000cb3   Thumb Code    14  usbh_conf.o(i.HAL_HCD_Disconnect_Callback)
    HAL_HCD_GetCurrentFrame                  0x08000cc1   Thumb Code    12  stm32f4xx_hal_hcd.o(i.HAL_HCD_GetCurrentFrame)
    HAL_HCD_GetCurrentSpeed                  0x08000ccd   Thumb Code    12  stm32f4xx_hal_hcd.o(i.HAL_HCD_GetCurrentSpeed)
    HAL_HCD_HC_GetURBState                   0x08000cd9   Thumb Code    20  stm32f4xx_hal_hcd.o(i.HAL_HCD_HC_GetURBState)
    HAL_HCD_HC_GetXferCount                  0x08000ced   Thumb Code    18  stm32f4xx_hal_hcd.o(i.HAL_HCD_HC_GetXferCount)
    HAL_HCD_HC_Halt                          0x08000cff   Thumb Code    52  stm32f4xx_hal_hcd.o(i.HAL_HCD_HC_Halt)
    HAL_HCD_HC_Init                          0x08000d33   Thumb Code   186  stm32f4xx_hal_hcd.o(i.HAL_HCD_HC_Init)
    HAL_HCD_HC_NotifyURBChange_Callback      0x08000ded   Thumb Code    18  usbh_conf.o(i.HAL_HCD_HC_NotifyURBChange_Callback)
    HAL_HCD_HC_SubmitRequest                 0x08000dff   Thumb Code   616  stm32f4xx_hal_hcd.o(i.HAL_HCD_HC_SubmitRequest)
    HAL_HCD_IRQHandler                       0x08001067   Thumb Code   358  stm32f4xx_hal_hcd.o(i.HAL_HCD_IRQHandler)
    HAL_HCD_Init                             0x080011cd   Thumb Code    90  stm32f4xx_hal_hcd.o(i.HAL_HCD_Init)
    HAL_HCD_MspInit                          0x08001229   Thumb Code   134  usbh_conf.o(i.HAL_HCD_MspInit)
    HAL_HCD_ResetPort                        0x080012b9   Thumb Code    12  stm32f4xx_hal_hcd.o(i.HAL_HCD_ResetPort)
    HAL_HCD_SOF_Callback                     0x080012c5   Thumb Code    14  usbh_conf.o(i.HAL_HCD_SOF_Callback)
    HAL_HCD_Start                            0x080012d3   Thumb Code    54  stm32f4xx_hal_hcd.o(i.HAL_HCD_Start)
    HAL_HCD_Stop                             0x08001309   Thumb Code    46  stm32f4xx_hal_hcd.o(i.HAL_HCD_Stop)
    HAL_I2C_Init                             0x08001339   Thumb Code   286  stm32f4xx_hal_i2c.o(i.HAL_I2C_Init)
    HAL_I2C_MspInit                          0x08001461   Thumb Code    80  stm32f4xx_hal_msp.o(i.HAL_I2C_MspInit)
    HAL_I2SEx_FullDuplex_IRQHandler          0x080014bd   Thumb Code   642  stm32f4xx_hal_i2s_ex.o(i.HAL_I2SEx_FullDuplex_IRQHandler)
    HAL_I2SEx_TxRxCpltCallback               0x08001749   Thumb Code     2  stm32f4xx_hal_i2s_ex.o(i.HAL_I2SEx_TxRxCpltCallback)
    HAL_I2S_ErrorCallback                    0x0800174b   Thumb Code     2  stm32f4xx_hal_i2s.o(i.HAL_I2S_ErrorCallback)
    HAL_I2S_Init                             0x0800174d   Thumb Code   436  stm32f4xx_hal_i2s.o(i.HAL_I2S_Init)
    HAL_I2S_MspInit                          0x08001911   Thumb Code   104  stm32f4xx_hal_msp.o(i.HAL_I2S_MspInit)
    HAL_I2S_RxCpltCallback                   0x08001989   Thumb Code     2  stm32f4xx_hal_i2s.o(i.HAL_I2S_RxCpltCallback)
    HAL_I2S_TxCpltCallback                   0x0800198b   Thumb Code     2  stm32f4xx_hal_i2s.o(i.HAL_I2S_TxCpltCallback)
    HAL_IncTick                              0x0800198d   Thumb Code    16  stm32f4xx_hal.o(i.HAL_IncTick)
    HAL_Init                                 0x080019a5   Thumb Code    54  stm32f4xx_hal.o(i.HAL_Init)
    HAL_InitTick                             0x080019e1   Thumb Code    64  stm32f4xx_hal.o(i.HAL_InitTick)
    HAL_MspInit                              0x08001a2d   Thumb Code    86  stm32f4xx_hal_msp.o(i.HAL_MspInit)
    HAL_NVIC_EnableIRQ                       0x08001a83   Thumb Code    26  stm32f4xx_hal_cortex.o(i.HAL_NVIC_EnableIRQ)
    HAL_NVIC_SetPriority                     0x08001a9d   Thumb Code   124  stm32f4xx_hal_cortex.o(i.HAL_NVIC_SetPriority)
    HAL_NVIC_SetPriorityGrouping             0x08001b19   Thumb Code    32  stm32f4xx_hal_cortex.o(i.HAL_NVIC_SetPriorityGrouping)
    HAL_RCCEx_GetPeriphCLKFreq               0x08001b41   Thumb Code   126  stm32f4xx_hal_rcc_ex.o(i.HAL_RCCEx_GetPeriphCLKFreq)
    HAL_RCCEx_PeriphCLKConfig                0x08001bd1   Thumb Code   396  stm32f4xx_hal_rcc_ex.o(i.HAL_RCCEx_PeriphCLKConfig)
    HAL_RCC_ClockConfig                      0x08001d71   Thumb Code   366  stm32f4xx_hal_rcc.o(i.HAL_RCC_ClockConfig)
    HAL_RCC_GetHCLKFreq                      0x08001ef1   Thumb Code     6  stm32f4xx_hal_rcc.o(i.HAL_RCC_GetHCLKFreq)
    HAL_RCC_GetPCLK1Freq                     0x08001efd   Thumb Code    22  stm32f4xx_hal_rcc.o(i.HAL_RCC_GetPCLK1Freq)
    HAL_RCC_GetSysClockFreq                  0x08001f1d   Thumb Code   162  stm32f4xx_hal_rcc.o(i.HAL_RCC_GetSysClockFreq)
    HAL_RCC_OscConfig                        0x08001fcd   Thumb Code  1086  stm32f4xx_hal_rcc.o(i.HAL_RCC_OscConfig)
    HAL_SPI_Init                             0x08002415   Thumb Code   140  stm32f4xx_hal_spi.o(i.HAL_SPI_Init)
    HAL_SPI_MspInit                          0x080024a1   Thumb Code    76  stm32f4xx_hal_msp.o(i.HAL_SPI_MspInit)
    HAL_SYSTICK_CLKSourceConfig              0x080024f9   Thumb Code    40  stm32f4xx_hal_cortex.o(i.HAL_SYSTICK_CLKSourceConfig)
    HAL_SYSTICK_Config                       0x08002521   Thumb Code    52  stm32f4xx_hal_cortex.o(i.HAL_SYSTICK_Config)
    HAL_TIMEx_BreakCallback                  0x08002555   Thumb Code     2  stm32f4xx_hal_tim_ex.o(i.HAL_TIMEx_BreakCallback)
    HAL_TIMEx_CommutationCallback            0x08002557   Thumb Code     2  stm32f4xx_hal_tim_ex.o(i.HAL_TIMEx_CommutationCallback)
    HAL_TIMEx_MasterConfigSynchronization    0x08002559   Thumb Code    98  stm32f4xx_hal_tim_ex.o(i.HAL_TIMEx_MasterConfigSynchronization)
    HAL_TIM_Base_Init                        0x080025bb   Thumb Code    52  stm32f4xx_hal_tim.o(i.HAL_TIM_Base_Init)
    HAL_TIM_Base_MspInit                     0x080025f1   Thumb Code   104  stm32f4xx_hal_msp.o(i.HAL_TIM_Base_MspInit)
    HAL_TIM_ConfigClockSource                0x08002661   Thumb Code   306  stm32f4xx_hal_tim.o(i.HAL_TIM_ConfigClockSource)
    HAL_TIM_IC_CaptureCallback               0x08002793   Thumb Code     2  stm32f4xx_hal_tim.o(i.HAL_TIM_IC_CaptureCallback)
    HAL_TIM_IRQHandler                       0x08002795   Thumb Code   406  stm32f4xx_hal_tim.o(i.HAL_TIM_IRQHandler)
    HAL_TIM_MspPostInit                      0x0800292d   Thumb Code    44  stm32f4xx_hal_msp.o(i.HAL_TIM_MspPostInit)
    HAL_TIM_OC_DelayElapsedCallback          0x08002961   Thumb Code     2  stm32f4xx_hal_tim.o(i.HAL_TIM_OC_DelayElapsedCallback)
    HAL_TIM_PWM_ConfigChannel                0x08002963   Thumb Code   264  stm32f4xx_hal_tim.o(i.HAL_TIM_PWM_ConfigChannel)
    HAL_TIM_PWM_Init                         0x08002a6b   Thumb Code    52  stm32f4xx_hal_tim.o(i.HAL_TIM_PWM_Init)
    HAL_TIM_PWM_MspInit                      0x08002a9f   Thumb Code     2  stm32f4xx_hal_tim.o(i.HAL_TIM_PWM_MspInit)
    HAL_TIM_PWM_PulseFinishedCallback        0x08002aa1   Thumb Code     2  stm32f4xx_hal_tim.o(i.HAL_TIM_PWM_PulseFinishedCallback)
    HAL_TIM_PeriodElapsedCallback            0x08002aa3   Thumb Code     2  stm32f4xx_hal_tim.o(i.HAL_TIM_PeriodElapsedCallback)
    HAL_TIM_TriggerCallback                  0x08002aa5   Thumb Code     2  stm32f4xx_hal_tim.o(i.HAL_TIM_TriggerCallback)
    MX_DriverVbusFS                          0x0800393d   Thumb Code    26  usbh_platform.o(i.MX_DriverVbusFS)
    MX_USB_HOST_Init                         0x08003c75   Thumb Code    28  usb_host.o(i.MX_USB_HOST_Init)
    OTG_FS_IRQHandler                        0x08003cd5   Thumb Code    10  stm32f4xx_it.o(i.OTG_FS_IRQHandler)
    StartDefaultTask                         0x08003d09   Thumb Code    12  main.o(i.StartDefaultTask)
    SysTick_Handler                          0x08003d15   Thumb Code    12  stm32f4xx_it.o(i.SysTick_Handler)
    SystemClock_Config                       0x08003d21   Thumb Code   170  main.o(i.SystemClock_Config)
    SystemInit                               0x08003dd5   Thumb Code    82  system_stm32f4xx.o(i.SystemInit)
    TIM2_IRQHandler                          0x08003e39   Thumb Code    10  stm32f4xx_it.o(i.TIM2_IRQHandler)
    TIM_Base_SetConfig                       0x08003e49   Thumb Code   184  stm32f4xx_hal_tim.o(i.TIM_Base_SetConfig)
    TIM_OC2_SetConfig                        0x08003fc9   Thumb Code   112  stm32f4xx_hal_tim.o(i.TIM_OC2_SetConfig)
    USBH_AllocPipe                           0x0800416f   Thumb Code    38  usbh_pipes.o(i.USBH_AllocPipe)
    USBH_BulkReceiveData                     0x08004195   Thumb Code    42  usbh_ioreq.o(i.USBH_BulkReceiveData)
    USBH_BulkSendData                        0x080041bf   Thumb Code    52  usbh_ioreq.o(i.USBH_BulkSendData)
    USBH_CDC_LineCodingChanged               0x08004481   Thumb Code     2  usbh_cdc.o(i.USBH_CDC_LineCodingChanged)
    USBH_CDC_ReceiveCallback                 0x0800454b   Thumb Code     2  usbh_cdc.o(i.USBH_CDC_ReceiveCallback)
    USBH_CDC_TransmitCallback                0x08004553   Thumb Code     2  usbh_cdc.o(i.USBH_CDC_TransmitCallback)
    USBH_ClosePipe                           0x08004555   Thumb Code    18  usbh_pipes.o(i.USBH_ClosePipe)
    USBH_ClrFeature                          0x08004567   Thumb Code    40  usbh_ctlreq.o(i.USBH_ClrFeature)
    USBH_CtlReceiveData                      0x0800458f   Thumb Code    42  usbh_ioreq.o(i.USBH_CtlReceiveData)
    USBH_CtlReq                              0x080045b9   Thumb Code    96  usbh_ctlreq.o(i.USBH_CtlReq)
    USBH_CtlSendData                         0x08004619   Thumb Code    52  usbh_ioreq.o(i.USBH_CtlSendData)
    USBH_CtlSendSetup                        0x0800464d   Thumb Code    38  usbh_ioreq.o(i.USBH_CtlSendSetup)
    USBH_Delay                               0x08004673   Thumb Code    12  usbh_conf.o(i.USBH_Delay)
    USBH_FindInterface                       0x0800467f   Thumb Code    80  usbh_core.o(i.USBH_FindInterface)
    USBH_FreePipe                            0x080046cf   Thumb Code    30  usbh_pipes.o(i.USBH_FreePipe)
    USBH_GetDescriptor                       0x080046ed   Thumb Code    74  usbh_ctlreq.o(i.USBH_GetDescriptor)
    USBH_GetNextDesc                         0x0800475f   Thumb Code    18  usbh_ctlreq.o(i.USBH_GetNextDesc)
    USBH_Get_CfgDesc                         0x08004771   Thumb Code    46  usbh_ctlreq.o(i.USBH_Get_CfgDesc)
    USBH_Get_DevDesc                         0x0800479f   Thumb Code    46  usbh_ctlreq.o(i.USBH_Get_DevDesc)
    USBH_Get_StringDesc                      0x080047cd   Thumb Code    54  usbh_ctlreq.o(i.USBH_Get_StringDesc)
    USBH_Init                                0x08004c21   Thumb Code    98  usbh_core.o(i.USBH_Init)
    USBH_LL_ClosePipe                        0x08004c89   Thumb Code    68  usbh_conf.o(i.USBH_LL_ClosePipe)
    USBH_LL_Connect                          0x08004ccd   Thumb Code    58  usbh_core.o(i.USBH_LL_Connect)
    USBH_LL_Disconnect                       0x08004d07   Thumb Code    74  usbh_core.o(i.USBH_LL_Disconnect)
    USBH_LL_DriverVBUS                       0x08004d51   Thumb Code    30  usbh_conf.o(i.USBH_LL_DriverVBUS)
    USBH_LL_GetLastXferSize                  0x08004d6f   Thumb Code    18  usbh_conf.o(i.USBH_LL_GetLastXferSize)
    USBH_LL_GetSpeed                         0x08004d81   Thumb Code    48  usbh_conf.o(i.USBH_LL_GetSpeed)
    USBH_LL_GetURBState                      0x08004db1   Thumb Code    18  usbh_conf.o(i.USBH_LL_GetURBState)
    USBH_LL_IncTimer                         0x08004dc3   Thumb Code    22  usbh_core.o(i.USBH_LL_IncTimer)
    USBH_LL_Init                             0x08004dd9   Thumb Code    86  usbh_conf.o(i.USBH_LL_Init)
    USBH_LL_NotifyURBChange                  0x08004e49   Thumb Code    20  usbh_core.o(i.USBH_LL_NotifyURBChange)
    USBH_LL_OpenPipe                         0x08004e5d   Thumb Code   114  usbh_conf.o(i.USBH_LL_OpenPipe)
    USBH_LL_ResetPort                        0x08004ecf   Thumb Code    60  usbh_conf.o(i.USBH_LL_ResetPort)
    USBH_LL_SetTimer                         0x08004f0b   Thumb Code     6  usbh_core.o(i.USBH_LL_SetTimer)
    USBH_LL_SetToggle                        0x08004f11   Thumb Code    58  usbh_conf.o(i.USBH_LL_SetToggle)
    USBH_LL_Start                            0x08004f4b   Thumb Code    60  usbh_conf.o(i.USBH_LL_Start)
    USBH_LL_Stop                             0x08004f87   Thumb Code    60  usbh_conf.o(i.USBH_LL_Stop)
    USBH_LL_SubmitURB                        0x08004fc3   Thumb Code   118  usbh_conf.o(i.USBH_LL_SubmitURB)
    USBH_OpenPipe                            0x08005039   Thumb Code    42  usbh_pipes.o(i.USBH_OpenPipe)
    USBH_Process                             0x08005211   Thumb Code   488  usbh_core.o(i.USBH_Process)
    USBH_RegisterClass                       0x08005423   Thumb Code    42  usbh_core.o(i.USBH_RegisterClass)
    USBH_SelectInterface                     0x0800544d   Thumb Code    22  usbh_core.o(i.USBH_SelectInterface)
    USBH_SetAddress                          0x08005463   Thumb Code    40  usbh_ctlreq.o(i.USBH_SetAddress)
    USBH_SetCfg                              0x0800548b   Thumb Code    40  usbh_ctlreq.o(i.USBH_SetCfg)
    USBH_Start                               0x080054b3   Thumb Code    22  usbh_core.o(i.USBH_Start)
    USB_CoreInit                             0x08005501   Thumb Code   108  stm32f4xx_ll_usb.o(i.USB_CoreInit)
    USB_DisableGlobalInt                     0x080055bd   Thumb Code    14  stm32f4xx_ll_usb.o(i.USB_DisableGlobalInt)
    USB_DoPing                               0x080055cd   Thumb Code    60  stm32f4xx_ll_usb.o(i.USB_DoPing)
    USB_DriveVbus                            0x0800560d   Thumb Code    68  stm32f4xx_ll_usb.o(i.USB_DriveVbus)
    USB_EnableGlobalInt                      0x08005651   Thumb Code    14  stm32f4xx_ll_usb.o(i.USB_EnableGlobalInt)
    USB_FlushRxFifo                          0x08005661   Thumb Code    38  stm32f4xx_ll_usb.o(i.USB_FlushRxFifo)
    USB_FlushTxFifo                          0x0800568d   Thumb Code    44  stm32f4xx_ll_usb.o(i.USB_FlushTxFifo)
    USB_GetCurrentFrame                      0x080056bd   Thumb Code    12  stm32f4xx_ll_usb.o(i.USB_GetCurrentFrame)
    USB_GetHostSpeed                         0x080056c9   Thumb Code    18  stm32f4xx_ll_usb.o(i.USB_GetHostSpeed)
    USB_GetMode                              0x080056db   Thumb Code    10  stm32f4xx_ll_usb.o(i.USB_GetMode)
    USB_HC_Halt                              0x080056e5   Thumb Code   328  stm32f4xx_ll_usb.o(i.USB_HC_Halt)
    USB_HC_Init                              0x0800582d   Thumb Code   392  stm32f4xx_ll_usb.o(i.USB_HC_Init)
    USB_HC_ReadInterrupt                     0x080059b5   Thumb Code    12  stm32f4xx_ll_usb.o(i.USB_HC_ReadInterrupt)
    USB_HC_StartXfer                         0x080059c1   Thumb Code   386  stm32f4xx_ll_usb.o(i.USB_HC_StartXfer)
    USB_HostInit                             0x08005b49   Thumb Code   214  stm32f4xx_ll_usb.o(i.USB_HostInit)
    USB_InitFSLSPClkSel                      0x08005c35   Thumb Code    62  stm32f4xx_ll_usb.o(i.USB_InitFSLSPClkSel)
    USB_ReadInterrupts                       0x08005c73   Thumb Code    12  stm32f4xx_ll_usb.o(i.USB_ReadInterrupts)
    USB_ReadPacket                           0x08005c7f   Thumb Code    34  stm32f4xx_ll_usb.o(i.USB_ReadPacket)
    USB_ResetPort                            0x08005ca1   Thumb Code    48  stm32f4xx_ll_usb.o(i.USB_ResetPort)
    USB_SetCurrentMode                       0x08005cd1   Thumb Code    48  stm32f4xx_ll_usb.o(i.USB_SetCurrentMode)
    USB_StopHost                             0x08005d01   Thumb Code   174  stm32f4xx_ll_usb.o(i.USB_StopHost)
    USB_WritePacket                          0x08005daf   Thumb Code    48  stm32f4xx_ll_usb.o(i.USB_WritePacket)
    _Error_Handler                           0x08005ddf   Thumb Code     2  main.o(i._Error_Handler)
    __scatterload_copy                       0x08005de1   Thumb Code    14  handlers.o(i.__scatterload_copy)
    __scatterload_null                       0x08005def   Thumb Code     2  handlers.o(i.__scatterload_null)
    __scatterload_zeroinit                   0x08005df1   Thumb Code    14  handlers.o(i.__scatterload_zeroinit)
    free                                     0x08005e01   Thumb Code    76  malloc.o(i.free)
    main                                     0x08005e61   Thumb Code    66  main.o(i.main)
    malloc                                   0x08005ebd   Thumb Code    92  malloc.o(i.malloc)
    osDelay                                  0x08005f29   Thumb Code    24  cmsis_os.o(i.osDelay)
    osKernelStart                            0x08005f41   Thumb Code    10  cmsis_os.o(i.osKernelStart)
    osMessageCreate                          0x08005f4b   Thumb Code    18  cmsis_os.o(i.osMessageCreate)
    osMessageGet                             0x08005f5d   Thumb Code   152  cmsis_os.o(i.osMessageGet)
    osMessagePut                             0x08005ff9   Thumb Code    92  cmsis_os.o(i.osMessagePut)
    osSystickHandler                         0x08006059   Thumb Code    16  cmsis_os.o(i.osSystickHandler)
    osThreadCreate                           0x08006069   Thumb Code    48  cmsis_os.o(i.osThreadCreate)
    pvPortMalloc                             0x08006671   Thumb Code   296  heap_4.o(i.pvPortMalloc)
    pvTaskIncrementMutexHeldCount            0x080067ad   Thumb Code    26  tasks.o(i.pvTaskIncrementMutexHeldCount)
    pxPortInitialiseStack                    0x080067cd   Thumb Code    38  port.o(i.pxPortInitialiseStack)
    uxListRemove                             0x080067f9   Thumb Code    40  list.o(i.uxListRemove)
    vListInitialise                          0x08006821   Thumb Code    26  list.o(i.vListInitialise)
    vListInitialiseItem                      0x0800683b   Thumb Code     6  list.o(i.vListInitialiseItem)
    vListInsert                              0x08006841   Thumb Code    52  list.o(i.vListInsert)
    vListInsertEnd                           0x08006875   Thumb Code    24  list.o(i.vListInsertEnd)
    vPortEnterCritical                       0x0800688d   Thumb Code    76  port.o(i.vPortEnterCritical)
    vPortExitCritical                        0x080068e1   Thumb Code    56  port.o(i.vPortExitCritical)
    vPortFree                                0x0800691d   Thumb Code   140  heap_4.o(i.vPortFree)
    vPortSetupTimerInterrupt                 0x080069b1   Thumb Code    26  port.o(i.vPortSetupTimerInterrupt)
    vPortValidateInterruptPriority           0x080069d1   Thumb Code   106  port.o(i.vPortValidateInterruptPriority)
    vTaskDelay                               0x08006a49   Thumb Code    82  tasks.o(i.vTaskDelay)
    vTaskMissedYield                         0x08006aa5   Thumb Code     8  tasks.o(i.vTaskMissedYield)
    vTaskPlaceOnEventList                    0x08006ab1   Thumb Code    52  tasks.o(i.vTaskPlaceOnEventList)
    vTaskPriorityInherit                     0x08006ae9   Thumb Code   164  tasks.o(i.vTaskPriorityInherit)
    vTaskSetTimeOutState                     0x08006b99   Thumb Code    38  tasks.o(i.vTaskSetTimeOutState)
    vTaskStartScheduler                      0x08006bc9   Thumb Code   108  tasks.o(i.vTaskStartScheduler)
    vTaskSuspendAll                          0x08006c51   Thumb Code    12  tasks.o(i.vTaskSuspendAll)
    vTaskSwitchContext                       0x08006c61   Thumb Code   118  tasks.o(i.vTaskSwitchContext)
    xPortStartScheduler                      0x08006ced   Thumb Code   288  port.o(i.xPortStartScheduler)
    xPortSysTickHandler                      0x08006e29   Thumb Code    46  port.o(i.xPortSysTickHandler)
    xQueueGenericCreate                      0x08006e5d   Thumb Code    88  queue.o(i.xQueueGenericCreate)
    xQueueGenericReceive                     0x08006eb5   Thumb Code   446  queue.o(i.xQueueGenericReceive)
    xQueueGenericReset                       0x08007079   Thumb Code   146  queue.o(i.xQueueGenericReset)
    xQueueGenericSend                        0x08007111   Thumb Code   420  queue.o(i.xQueueGenericSend)
    xQueueGenericSendFromISR                 0x080072b9   Thumb Code   248  queue.o(i.xQueueGenericSendFromISR)
    xQueueReceiveFromISR                     0x080073b1   Thumb Code   202  queue.o(i.xQueueReceiveFromISR)
    xTaskCheckForTimeOut                     0x0800747d   Thumb Code   132  tasks.o(i.xTaskCheckForTimeOut)
    xTaskCreate                              0x08007509   Thumb Code    96  tasks.o(i.xTaskCreate)
    xTaskGetSchedulerState                   0x08007569   Thumb Code    24  tasks.o(i.xTaskGetSchedulerState)
    xTaskIncrementTick                       0x08007589   Thumb Code   282  tasks.o(i.xTaskIncrementTick)
    xTaskPriorityDisinherit                  0x080076d1   Thumb Code   188  tasks.o(i.xTaskPriorityDisinherit)
    xTaskRemoveFromEventList                 0x08007799   Thumb Code   128  tasks.o(i.xTaskRemoveFromEventList)
    xTaskResumeAll                           0x08007831   Thumb Code   224  tasks.o(i.xTaskResumeAll)
    AHBPrescTable                            0x08007934   Data          16  system_stm32f4xx.o(.constdata)
    APBPrescTable                            0x08007944   Data           8  system_stm32f4xx.o(.constdata)
    Region$$Table$$Base                      0x08007998   Number         0  anon$$obj.o(Region$$Table)
    Region$$Table$$Limit                     0x080079b8   Number         0  anon$$obj.o(Region$$Table)
    uwTick                                   0x20000000   Data           4  stm32f4xx_hal.o(.data)
    uwTickPrio                               0x20000004   Data           4  stm32f4xx_hal.o(.data)
    uwTickFreq                               0x20000008   Data           1  stm32f4xx_hal.o(.data)
    pxCurrentTCB                             0x20000024   Data           4  tasks.o(.data)
    SystemCoreClock                          0x2000006c   Data           4  system_stm32f4xx.o(.data)
    CDC_Class                                0x20000070   Data          32  usbh_cdc.o(.data)
    defaultTaskHandle                        0x20000090   Data           4  main.o(.data)
    Appli_state                              0x20000094   Data           1  usb_host.o(.data)
    __microlib_freelist                      0x20000098   Data           4  mvars.o(.data)
    __microlib_freelist_initialised          0x2000009c   Data           4  mvars.o(.data)
    hhcd_USB_OTG_FS                          0x20003d90   Data         664  usbh_conf.o(.bss)
    hadc1                                    0x20004028   Data          72  main.o(.bss)
    hi2c1                                    0x20004070   Data          84  main.o(.bss)
    hi2s3                                    0x200040c4   Data          72  main.o(.bss)
    hspi1                                    0x2000410c   Data          88  main.o(.bss)
    htim2                                    0x20004164   Data          60  main.o(.bss)
    htim3                                    0x200041a0   Data          60  main.o(.bss)
    hUsbHostFS                               0x200041dc   Data         976  usb_host.o(.bss)
    __heap_base                              0x200045b0   Data           0  startup_stm32f407xx.o(HEAP)
    __heap_limit                             0x200047b0   Data           0  startup_stm32f407xx.o(HEAP)
    __initial_sp                             0x20004bb0   Data           0  startup_stm32f407xx.o(STACK)



==============================================================================

Memory Map of the image

  Image Entry point : 0x08000189

  Load Region LR_IROM1 (Base: 0x08000000, Size: 0x00007a58, Max: 0x00100000, ABSOLUTE)

    Execution Region ER_IROM1 (Exec base: 0x08000000, Load base: 0x08000000, Size: 0x000079b8, Max: 0x00100000, ABSOLUTE)

    Exec Addr    Load Addr    Size         Type   Attr      Idx    E Section Name        Object

    0x08000000   0x08000000   0x00000188   Data   RO            3    RESET               startup_stm32f407xx.o
    0x08000188   0x08000188   0x00000000   Code   RO         6016  * .ARM.Collect$$$$00000000  mc_w.l(entry.o)
    0x08000188   0x08000188   0x00000004   Code   RO         6053    .ARM.Collect$$$$00000001  mc_w.l(entry2.o)
    0x0800018c   0x0800018c   0x00000004   Code   RO         6056    .ARM.Collect$$$$00000004  mc_w.l(entry5.o)
    0x08000190   0x08000190   0x00000000   Code   RO         6058    .ARM.Collect$$$$00000008  mc_w.l(entry7b.o)
    0x08000190   0x08000190   0x00000000   Code   RO         6060    .ARM.Collect$$$$0000000A  mc_w.l(entry8b.o)
    0x08000190   0x08000190   0x00000008   Code   RO         6061    .ARM.Collect$$$$0000000B  mc_w.l(entry9a.o)
    0x08000198   0x08000198   0x00000000   Code   RO         6063    .ARM.Collect$$$$0000000D  mc_w.l(entry10a.o)
    0x08000198   0x08000198   0x00000000   Code   RO         6065    .ARM.Collect$$$$0000000F  mc_w.l(entry11a.o)
    0x08000198   0x08000198   0x00000004   Code   RO         6054    .ARM.Collect$$$$00002712  mc_w.l(entry2.o)
    0x0800019c   0x0800019c   0x000000ba   Code   RO         4930    .emb_text           port.o
    0x08000256   0x08000256   0x00000002   PAD
    0x08000258   0x08000258   0x00000024   Code   RO            4    .text               startup_stm32f407xx.o
    0x0800027c   0x0800027c   0x00000062   Code   RO         6019    .text               mc_w.l(uldiv.o)
    0x080002de   0x080002de   0x00000024   Code   RO         6021    .text               mc_w.l(memcpya.o)
    0x08000302   0x08000302   0x0000001e   Code   RO         6067    .text               mc_w.l(llshl.o)
    0x08000320   0x08000320   0x00000020   Code   RO         6069    .text               mc_w.l(llushr.o)
    0x08000340   0x08000340   0x00000024   Code   RO         6073    .text               mc_w.l(init.o)
    0x08000364   0x08000364   0x00000010   Code   RO         5574    i.ADC_IRQHandler    stm32f4xx_it.o
    0x08000374   0x08000374   0x0000015c   Code   RO         2974    i.ADC_Init          stm32f4xx_hal_adc.o
    0x080004d0   0x080004d0   0x0000008a   Code   RO         5223    i.CDC_ProcessReception  usbh_cdc.o
    0x0800055a   0x0800055a   0x000000be   Code   RO         5224    i.CDC_ProcessTransmission  usbh_cdc.o
    0x08000618   0x08000618   0x00000052   Code   RO         5047    i.DeInitStateMachine  usbh_core.o
    0x0800066a   0x0800066a   0x00000024   Code   RO         5225    i.GetLineCoding     usbh_cdc.o
    0x0800068e   0x0800068e   0x00000002   Code   RO         1853    i.HAL_ADCEx_InjectedConvCpltCallback  stm32f4xx_hal_adc_ex.o
    0x08000690   0x08000690   0x0000018c   Code   RO         2976    i.HAL_ADC_ConfigChannel  stm32f4xx_hal_adc.o
    0x0800081c   0x0800081c   0x00000002   Code   RO         2977    i.HAL_ADC_ConvCpltCallback  stm32f4xx_hal_adc.o
    0x0800081e   0x0800081e   0x00000002   Code   RO         2980    i.HAL_ADC_ErrorCallback  stm32f4xx_hal_adc.o
    0x08000820   0x08000820   0x00000174   Code   RO         2984    i.HAL_ADC_IRQHandler  stm32f4xx_hal_adc.o
    0x08000994   0x08000994   0x00000068   Code   RO         2985    i.HAL_ADC_Init      stm32f4xx_hal_adc.o
    0x080009fc   0x080009fc   0x00000002   Code   RO         2986    i.HAL_ADC_LevelOutOfWindowCallback  stm32f4xx_hal_adc.o
    0x080009fe   0x080009fe   0x00000002   PAD
    0x08000a00   0x08000a00   0x00000064   Code   RO         5624    i.HAL_ADC_MspInit   stm32f4xx_hal_msp.o
    0x08000a64   0x08000a64   0x00000028   Code   RO          692    i.HAL_Delay         stm32f4xx_hal.o
    0x08000a8c   0x08000a8c   0x00000200   Code   RO          482    i.HAL_GPIO_Init     stm32f4xx_hal_gpio.o
    0x08000c8c   0x08000c8c   0x0000000c   Code   RO          486    i.HAL_GPIO_WritePin  stm32f4xx_hal_gpio.o
    0x08000c98   0x08000c98   0x0000000c   Code   RO          698    i.HAL_GetTick       stm32f4xx_hal.o
    0x08000ca4   0x08000ca4   0x0000000e   Code   RO         5713    i.HAL_HCD_Connect_Callback  usbh_conf.o
    0x08000cb2   0x08000cb2   0x0000000e   Code   RO         5714    i.HAL_HCD_Disconnect_Callback  usbh_conf.o
    0x08000cc0   0x08000cc0   0x0000000c   Code   RO         3595    i.HAL_HCD_GetCurrentFrame  stm32f4xx_hal_hcd.o
    0x08000ccc   0x08000ccc   0x0000000c   Code   RO         3596    i.HAL_HCD_GetCurrentSpeed  stm32f4xx_hal_hcd.o
    0x08000cd8   0x08000cd8   0x00000014   Code   RO         3599    i.HAL_HCD_HC_GetURBState  stm32f4xx_hal_hcd.o
    0x08000cec   0x08000cec   0x00000012   Code   RO         3600    i.HAL_HCD_HC_GetXferCount  stm32f4xx_hal_hcd.o
    0x08000cfe   0x08000cfe   0x00000034   Code   RO         3601    i.HAL_HCD_HC_Halt   stm32f4xx_hal_hcd.o
    0x08000d32   0x08000d32   0x000000ba   Code   RO         3602    i.HAL_HCD_HC_Init   stm32f4xx_hal_hcd.o
    0x08000dec   0x08000dec   0x00000012   Code   RO         5715    i.HAL_HCD_HC_NotifyURBChange_Callback  usbh_conf.o
    0x08000dfe   0x08000dfe   0x00000268   Code   RO         3604    i.HAL_HCD_HC_SubmitRequest  stm32f4xx_hal_hcd.o
    0x08001066   0x08001066   0x00000166   Code   RO         3605    i.HAL_HCD_IRQHandler  stm32f4xx_hal_hcd.o
    0x080011cc   0x080011cc   0x0000005a   Code   RO         3606    i.HAL_HCD_Init      stm32f4xx_hal_hcd.o
    0x08001226   0x08001226   0x00000002   PAD
    0x08001228   0x08001228   0x00000090   Code   RO         5717    i.HAL_HCD_MspInit   usbh_conf.o
    0x080012b8   0x080012b8   0x0000000c   Code   RO         3609    i.HAL_HCD_ResetPort  stm32f4xx_hal_hcd.o
    0x080012c4   0x080012c4   0x0000000e   Code   RO         5718    i.HAL_HCD_SOF_Callback  usbh_conf.o
    0x080012d2   0x080012d2   0x00000036   Code   RO         3611    i.HAL_HCD_Start     stm32f4xx_hal_hcd.o
    0x08001308   0x08001308   0x0000002e   Code   RO         3612    i.HAL_HCD_Stop      stm32f4xx_hal_hcd.o
    0x08001336   0x08001336   0x00000002   PAD
    0x08001338   0x08001338   0x00000128   Code   RO         3170    i.HAL_I2C_Init      stm32f4xx_hal_i2c.o
    0x08001460   0x08001460   0x0000005c   Code   RO         5626    i.HAL_I2C_MspInit   stm32f4xx_hal_msp.o
    0x080014bc   0x080014bc   0x0000028c   Code   RO          856    i.HAL_I2SEx_FullDuplex_IRQHandler  stm32f4xx_hal_i2s_ex.o
    0x08001748   0x08001748   0x00000002   Code   RO          860    i.HAL_I2SEx_TxRxCpltCallback  stm32f4xx_hal_i2s_ex.o
    0x0800174a   0x0800174a   0x00000002   Code   RO           17    i.HAL_I2S_ErrorCallback  stm32f4xx_hal_i2s.o
    0x0800174c   0x0800174c   0x000001c4   Code   RO           21    i.HAL_I2S_Init      stm32f4xx_hal_i2s.o
    0x08001910   0x08001910   0x00000078   Code   RO         5628    i.HAL_I2S_MspInit   stm32f4xx_hal_msp.o
    0x08001988   0x08001988   0x00000002   Code   RO           27    i.HAL_I2S_RxCpltCallback  stm32f4xx_hal_i2s.o
    0x0800198a   0x0800198a   0x00000002   Code   RO           32    i.HAL_I2S_TxCpltCallback  stm32f4xx_hal_i2s.o
    0x0800198c   0x0800198c   0x00000018   Code   RO          702    i.HAL_IncTick       stm32f4xx_hal.o
    0x080019a4   0x080019a4   0x0000003c   Code   RO          703    i.HAL_Init          stm32f4xx_hal.o
    0x080019e0   0x080019e0   0x0000004c   Code   RO          704    i.HAL_InitTick      stm32f4xx_hal.o
    0x08001a2c   0x08001a2c   0x00000056   Code   RO         5629    i.HAL_MspInit       stm32f4xx_hal_msp.o
    0x08001a82   0x08001a82   0x0000001a   Code   RO          550    i.HAL_NVIC_EnableIRQ  stm32f4xx_hal_cortex.o
    0x08001a9c   0x08001a9c   0x0000007c   Code   RO          556    i.HAL_NVIC_SetPriority  stm32f4xx_hal_cortex.o
    0x08001b18   0x08001b18   0x00000028   Code   RO          557    i.HAL_NVIC_SetPriorityGrouping  stm32f4xx_hal_cortex.o
    0x08001b40   0x08001b40   0x00000090   Code   RO          943    i.HAL_RCCEx_GetPeriphCLKFreq  stm32f4xx_hal_rcc_ex.o
    0x08001bd0   0x08001bd0   0x000001a0   Code   RO          944    i.HAL_RCCEx_PeriphCLKConfig  stm32f4xx_hal_rcc_ex.o
    0x08001d70   0x08001d70   0x00000180   Code   RO         1748    i.HAL_RCC_ClockConfig  stm32f4xx_hal_rcc.o
    0x08001ef0   0x08001ef0   0x0000000c   Code   RO         1753    i.HAL_RCC_GetHCLKFreq  stm32f4xx_hal_rcc.o
    0x08001efc   0x08001efc   0x00000020   Code   RO         1755    i.HAL_RCC_GetPCLK1Freq  stm32f4xx_hal_rcc.o
    0x08001f1c   0x08001f1c   0x000000b0   Code   RO         1757    i.HAL_RCC_GetSysClockFreq  stm32f4xx_hal_rcc.o
    0x08001fcc   0x08001fcc   0x00000448   Code   RO         1760    i.HAL_RCC_OscConfig  stm32f4xx_hal_rcc.o
    0x08002414   0x08002414   0x0000008c   Code   RO         1965    i.HAL_SPI_Init      stm32f4xx_hal_spi.o
    0x080024a0   0x080024a0   0x00000058   Code   RO         5631    i.HAL_SPI_MspInit   stm32f4xx_hal_msp.o
    0x080024f8   0x080024f8   0x00000028   Code   RO          559    i.HAL_SYSTICK_CLKSourceConfig  stm32f4xx_hal_cortex.o
    0x08002520   0x08002520   0x00000034   Code   RO          561    i.HAL_SYSTICK_Config  stm32f4xx_hal_cortex.o
    0x08002554   0x08002554   0x00000002   Code   RO         1402    i.HAL_TIMEx_BreakCallback  stm32f4xx_hal_tim_ex.o
    0x08002556   0x08002556   0x00000002   Code   RO         1403    i.HAL_TIMEx_CommutationCallback  stm32f4xx_hal_tim_ex.o
    0x08002558   0x08002558   0x00000062   Code   RO         1419    i.HAL_TIMEx_MasterConfigSynchronization  stm32f4xx_hal_tim_ex.o
    0x080025ba   0x080025ba   0x00000034   Code   RO         2314    i.HAL_TIM_Base_Init  stm32f4xx_hal_tim.o
    0x080025ee   0x080025ee   0x00000002   PAD
    0x080025f0   0x080025f0   0x00000070   Code   RO         5633    i.HAL_TIM_Base_MspInit  stm32f4xx_hal_msp.o
    0x08002660   0x08002660   0x00000132   Code   RO         2323    i.HAL_TIM_ConfigClockSource  stm32f4xx_hal_tim.o
    0x08002792   0x08002792   0x00000002   Code   RO         2343    i.HAL_TIM_IC_CaptureCallback  stm32f4xx_hal_tim.o
    0x08002794   0x08002794   0x00000196   Code   RO         2356    i.HAL_TIM_IRQHandler  stm32f4xx_hal_tim.o
    0x0800292a   0x0800292a   0x00000002   PAD
    0x0800292c   0x0800292c   0x00000034   Code   RO         5634    i.HAL_TIM_MspPostInit  stm32f4xx_hal_msp.o
    0x08002960   0x08002960   0x00000002   Code   RO         2359    i.HAL_TIM_OC_DelayElapsedCallback  stm32f4xx_hal_tim.o
    0x08002962   0x08002962   0x00000108   Code   RO         2380    i.HAL_TIM_PWM_ConfigChannel  stm32f4xx_hal_tim.o
    0x08002a6a   0x08002a6a   0x00000034   Code   RO         2383    i.HAL_TIM_PWM_Init  stm32f4xx_hal_tim.o
    0x08002a9e   0x08002a9e   0x00000002   Code   RO         2385    i.HAL_TIM_PWM_MspInit  stm32f4xx_hal_tim.o
    0x08002aa0   0x08002aa0   0x00000002   Code   RO         2386    i.HAL_TIM_PWM_PulseFinishedCallback  stm32f4xx_hal_tim.o
    0x08002aa2   0x08002aa2   0x00000002   Code   RO         2393    i.HAL_TIM_PeriodElapsedCallback  stm32f4xx_hal_tim.o
    0x08002aa4   0x08002aa4   0x00000002   Code   RO         2397    i.HAL_TIM_TriggerCallback  stm32f4xx_hal_tim.o
    0x08002aa6   0x08002aa6   0x000004f2   Code   RO         3613    i.HCD_HC_IN_IRQHandler  stm32f4xx_hal_hcd.o
    0x08002f98   0x08002f98   0x000004d0   Code   RO         3614    i.HCD_HC_OUT_IRQHandler  stm32f4xx_hal_hcd.o
    0x08003468   0x08003468   0x000000d2   Code   RO         3615    i.HCD_Port_IRQHandler  stm32f4xx_hal_hcd.o
    0x0800353a   0x0800353a   0x00000002   PAD
    0x0800353c   0x0800353c   0x00000108   Code   RO         3616    i.HCD_RXQLVL_IRQHandler  stm32f4xx_hal_hcd.o
    0x08003644   0x08003644   0x000000ac   Code   RO          862    i.I2SEx_FullDuplexRx_IT  stm32f4xx_hal_i2s_ex.o
    0x080036f0   0x080036f0   0x000000a8   Code   RO          863    i.I2SEx_FullDuplexTx_IT  stm32f4xx_hal_i2s_ex.o
    0x08003798   0x08003798   0x000000e0   Code   RO           39    i.I2S_IRQHandler    stm32f4xx_hal_i2s.o
    0x08003878   0x08003878   0x00000038   Code   RO           40    i.I2S_Receive_IT    stm32f4xx_hal_i2s.o
    0x080038b0   0x080038b0   0x00000036   Code   RO           41    i.I2S_Transmit_IT   stm32f4xx_hal_i2s.o
    0x080038e6   0x080038e6   0x00000002   PAD
    0x080038e8   0x080038e8   0x00000054   Code   RO         5872    i.MX_ADC1_Init      main.o
    0x0800393c   0x0800393c   0x00000020   Code   RO         5958    i.MX_DriverVbusFS   usbh_platform.o
    0x0800395c   0x0800395c   0x00000198   Code   RO         5873    i.MX_GPIO_Init      main.o
    0x08003af4   0x08003af4   0x00000038   Code   RO         5874    i.MX_I2C1_Init      main.o
    0x08003b2c   0x08003b2c   0x00000038   Code   RO         5875    i.MX_I2S3_Init      main.o
    0x08003b64   0x08003b64   0x00000040   Code   RO         5876    i.MX_SPI1_Init      main.o
    0x08003ba4   0x08003ba4   0x00000054   Code   RO         5877    i.MX_TIM2_Init      main.o
    0x08003bf8   0x08003bf8   0x0000007c   Code   RO         5878    i.MX_TIM3_Init      main.o
    0x08003c74   0x08003c74   0x00000028   Code   RO         5982    i.MX_USB_HOST_Init  usb_host.o
    0x08003c9c   0x08003c9c   0x00000010   Code   RO          563    i.NVIC_GetPriorityGrouping  stm32f4xx_hal_cortex.o
    0x08003cac   0x08003cac   0x00000028   Code   RO          564    i.NVIC_SetPriority  stm32f4xx_hal_cortex.o
    0x08003cd4   0x08003cd4   0x00000010   Code   RO         5575    i.OTG_FS_IRQHandler  stm32f4xx_it.o
    0x08003ce4   0x08003ce4   0x00000024   Code   RO         5226    i.SetLineCoding     usbh_cdc.o
    0x08003d08   0x08003d08   0x0000000c   Code   RO         5879    i.StartDefaultTask  main.o
    0x08003d14   0x08003d14   0x0000000c   Code   RO         5576    i.SysTick_Handler   stm32f4xx_it.o
    0x08003d20   0x08003d20   0x000000b4   Code   RO         5880    i.SystemClock_Config  main.o
    0x08003dd4   0x08003dd4   0x00000064   Code   RO         5011    i.SystemInit        system_stm32f4xx.o
    0x08003e38   0x08003e38   0x00000010   Code   RO         5577    i.TIM2_IRQHandler   stm32f4xx_it.o
    0x08003e48   0x08003e48   0x000000e4   Code   RO         2398    i.TIM_Base_SetConfig  stm32f4xx_hal_tim.o
    0x08003f2c   0x08003f2c   0x00000018   Code   RO         2405    i.TIM_ETR_SetConfig  stm32f4xx_hal_tim.o
    0x08003f44   0x08003f44   0x00000014   Code   RO         2406    i.TIM_ITRx_SetConfig  stm32f4xx_hal_tim.o
    0x08003f58   0x08003f58   0x00000070   Code   RO         2407    i.TIM_OC1_SetConfig  stm32f4xx_hal_tim.o
    0x08003fc8   0x08003fc8   0x00000078   Code   RO         2408    i.TIM_OC2_SetConfig  stm32f4xx_hal_tim.o
    0x08004040   0x08004040   0x00000078   Code   RO         2409    i.TIM_OC3_SetConfig  stm32f4xx_hal_tim.o
    0x080040b8   0x080040b8   0x00000060   Code   RO         2410    i.TIM_OC4_SetConfig  stm32f4xx_hal_tim.o
    0x08004118   0x08004118   0x0000002a   Code   RO         2412    i.TIM_TI1_ConfigInputStage  stm32f4xx_hal_tim.o
    0x08004142   0x08004142   0x0000002c   Code   RO         2414    i.TIM_TI2_ConfigInputStage  stm32f4xx_hal_tim.o
    0x0800416e   0x0800416e   0x00000026   Code   RO         5455    i.USBH_AllocPipe    usbh_pipes.o
    0x08004194   0x08004194   0x0000002a   Code   RO         5502    i.USBH_BulkReceiveData  usbh_ioreq.o
    0x080041be   0x080041be   0x00000034   Code   RO         5503    i.USBH_BulkSendData  usbh_ioreq.o
    0x080041f2   0x080041f2   0x00000028   Code   RO         5227    i.USBH_CDC_ClassRequest  usbh_cdc.o
    0x0800421a   0x0800421a   0x00000070   Code   RO         5230    i.USBH_CDC_InterfaceDeInit  usbh_cdc.o
    0x0800428a   0x0800428a   0x000001f6   Code   RO         5231    i.USBH_CDC_InterfaceInit  usbh_cdc.o
    0x08004480   0x08004480   0x00000002   Code   RO         5232    i.USBH_CDC_LineCodingChanged  usbh_cdc.o
    0x08004482   0x08004482   0x000000c8   Code   RO         5233    i.USBH_CDC_Process  usbh_cdc.o
    0x0800454a   0x0800454a   0x00000002   Code   RO         5235    i.USBH_CDC_ReceiveCallback  usbh_cdc.o
    0x0800454c   0x0800454c   0x00000006   Code   RO         5236    i.USBH_CDC_SOFProcess  usbh_cdc.o
    0x08004552   0x08004552   0x00000002   Code   RO         5240    i.USBH_CDC_TransmitCallback  usbh_cdc.o
    0x08004554   0x08004554   0x00000012   Code   RO         5456    i.USBH_ClosePipe    usbh_pipes.o
    0x08004566   0x08004566   0x00000028   Code   RO         5347    i.USBH_ClrFeature   usbh_ctlreq.o
    0x0800458e   0x0800458e   0x0000002a   Code   RO         5504    i.USBH_CtlReceiveData  usbh_ioreq.o
    0x080045b8   0x080045b8   0x00000060   Code   RO         5348    i.USBH_CtlReq       usbh_ctlreq.o
    0x08004618   0x08004618   0x00000034   Code   RO         5505    i.USBH_CtlSendData  usbh_ioreq.o
    0x0800464c   0x0800464c   0x00000026   Code   RO         5506    i.USBH_CtlSendSetup  usbh_ioreq.o
    0x08004672   0x08004672   0x0000000c   Code   RO         5719    i.USBH_Delay        usbh_conf.o
    0x0800467e   0x0800467e   0x00000050   Code   RO         5049    i.USBH_FindInterface  usbh_core.o
    0x080046ce   0x080046ce   0x0000001e   Code   RO         5457    i.USBH_FreePipe     usbh_pipes.o
    0x080046ec   0x080046ec   0x0000004a   Code   RO         5349    i.USBH_GetDescriptor  usbh_ctlreq.o
    0x08004736   0x08004736   0x00000028   Code   RO         5458    i.USBH_GetFreePipe  usbh_pipes.o
    0x0800475e   0x0800475e   0x00000012   Code   RO         5350    i.USBH_GetNextDesc  usbh_ctlreq.o
    0x08004770   0x08004770   0x0000002e   Code   RO         5351    i.USBH_Get_CfgDesc  usbh_ctlreq.o
    0x0800479e   0x0800479e   0x0000002e   Code   RO         5352    i.USBH_Get_DevDesc  usbh_ctlreq.o
    0x080047cc   0x080047cc   0x00000036   Code   RO         5353    i.USBH_Get_StringDesc  usbh_ctlreq.o
    0x08004802   0x08004802   0x00000276   Code   RO         5354    i.USBH_HandleControl  usbh_ctlreq.o
    0x08004a78   0x08004a78   0x0000018c   Code   RO         5052    i.USBH_HandleEnum   usbh_core.o
    0x08004c04   0x08004c04   0x0000001c   Code   RO         5053    i.USBH_HandleSof    usbh_core.o
    0x08004c20   0x08004c20   0x00000068   Code   RO         5054    i.USBH_Init         usbh_core.o
    0x08004c88   0x08004c88   0x00000044   Code   RO         5720    i.USBH_LL_ClosePipe  usbh_conf.o
    0x08004ccc   0x08004ccc   0x0000003a   Code   RO         5055    i.USBH_LL_Connect   usbh_core.o
    0x08004d06   0x08004d06   0x0000004a   Code   RO         5056    i.USBH_LL_Disconnect  usbh_core.o
    0x08004d50   0x08004d50   0x0000001e   Code   RO         5722    i.USBH_LL_DriverVBUS  usbh_conf.o
    0x08004d6e   0x08004d6e   0x00000012   Code   RO         5723    i.USBH_LL_GetLastXferSize  usbh_conf.o
    0x08004d80   0x08004d80   0x00000030   Code   RO         5724    i.USBH_LL_GetSpeed  usbh_conf.o
    0x08004db0   0x08004db0   0x00000012   Code   RO         5726    i.USBH_LL_GetURBState  usbh_conf.o
    0x08004dc2   0x08004dc2   0x00000016   Code   RO         5057    i.USBH_LL_IncTimer  usbh_core.o
    0x08004dd8   0x08004dd8   0x00000070   Code   RO         5727    i.USBH_LL_Init      usbh_conf.o
    0x08004e48   0x08004e48   0x00000014   Code   RO         5058    i.USBH_LL_NotifyURBChange  usbh_core.o
    0x08004e5c   0x08004e5c   0x00000072   Code   RO         5728    i.USBH_LL_OpenPipe  usbh_conf.o
    0x08004ece   0x08004ece   0x0000003c   Code   RO         5729    i.USBH_LL_ResetPort  usbh_conf.o
    0x08004f0a   0x08004f0a   0x00000006   Code   RO         5059    i.USBH_LL_SetTimer  usbh_core.o
    0x08004f10   0x08004f10   0x0000003a   Code   RO         5730    i.USBH_LL_SetToggle  usbh_conf.o
    0x08004f4a   0x08004f4a   0x0000003c   Code   RO         5731    i.USBH_LL_Start     usbh_conf.o
    0x08004f86   0x08004f86   0x0000003c   Code   RO         5732    i.USBH_LL_Stop      usbh_conf.o
    0x08004fc2   0x08004fc2   0x00000076   Code   RO         5733    i.USBH_LL_SubmitURB  usbh_conf.o
    0x08005038   0x08005038   0x0000002a   Code   RO         5459    i.USBH_OpenPipe     usbh_pipes.o
    0x08005062   0x08005062   0x000000da   Code   RO         5355    i.USBH_ParseCfgDesc  usbh_ctlreq.o
    0x0800513c   0x0800513c   0x00000058   Code   RO         5356    i.USBH_ParseDevDesc  usbh_ctlreq.o
    0x08005194   0x08005194   0x00000020   Code   RO         5357    i.USBH_ParseEPDesc  usbh_ctlreq.o
    0x080051b4   0x080051b4   0x00000026   Code   RO         5358    i.USBH_ParseInterfaceDesc  usbh_ctlreq.o
    0x080051da   0x080051da   0x00000036   Code   RO         5359    i.USBH_ParseStringDesc  usbh_ctlreq.o
    0x08005210   0x08005210   0x000001e8   Code   RO         5060    i.USBH_Process      usbh_core.o
    0x080053f8   0x080053f8   0x0000002a   Code   RO         5061    i.USBH_Process_OS   usbh_core.o
    0x08005422   0x08005422   0x0000002a   Code   RO         5063    i.USBH_RegisterClass  usbh_core.o
    0x0800544c   0x0800544c   0x00000016   Code   RO         5064    i.USBH_SelectInterface  usbh_core.o
    0x08005462   0x08005462   0x00000028   Code   RO         5360    i.USBH_SetAddress   usbh_ctlreq.o
    0x0800548a   0x0800548a   0x00000028   Code   RO         5361    i.USBH_SetCfg       usbh_ctlreq.o
    0x080054b2   0x080054b2   0x00000016   Code   RO         5065    i.USBH_Start        usbh_core.o
    0x080054c8   0x080054c8   0x00000038   Code   RO         5983    i.USBH_UserProcess  usb_host.o
    0x08005500   0x08005500   0x00000070   Code   RO          998    i.USB_CoreInit      stm32f4xx_ll_usb.o
    0x08005570   0x08005570   0x0000004c   Code   RO          999    i.USB_CoreReset     stm32f4xx_ll_usb.o
    0x080055bc   0x080055bc   0x0000000e   Code   RO         1005    i.USB_DisableGlobalInt  stm32f4xx_ll_usb.o
    0x080055ca   0x080055ca   0x00000002   PAD
    0x080055cc   0x080055cc   0x00000040   Code   RO         1006    i.USB_DoPing        stm32f4xx_ll_usb.o
    0x0800560c   0x0800560c   0x00000044   Code   RO         1007    i.USB_DriveVbus     stm32f4xx_ll_usb.o
    0x08005650   0x08005650   0x0000000e   Code   RO         1013    i.USB_EnableGlobalInt  stm32f4xx_ll_usb.o
    0x0800565e   0x0800565e   0x00000002   PAD
    0x08005660   0x08005660   0x0000002c   Code   RO         1014    i.USB_FlushRxFifo   stm32f4xx_ll_usb.o
    0x0800568c   0x0800568c   0x00000030   Code   RO         1015    i.USB_FlushTxFifo   stm32f4xx_ll_usb.o
    0x080056bc   0x080056bc   0x0000000c   Code   RO         1016    i.USB_GetCurrentFrame  stm32f4xx_ll_usb.o
    0x080056c8   0x080056c8   0x00000012   Code   RO         1018    i.USB_GetHostSpeed  stm32f4xx_ll_usb.o
    0x080056da   0x080056da   0x0000000a   Code   RO         1019    i.USB_GetMode       stm32f4xx_ll_usb.o
    0x080056e4   0x080056e4   0x00000148   Code   RO         1020    i.USB_HC_Halt       stm32f4xx_ll_usb.o
    0x0800582c   0x0800582c   0x00000188   Code   RO         1021    i.USB_HC_Init       stm32f4xx_ll_usb.o
    0x080059b4   0x080059b4   0x0000000c   Code   RO         1022    i.USB_HC_ReadInterrupt  stm32f4xx_ll_usb.o
    0x080059c0   0x080059c0   0x00000188   Code   RO         1023    i.USB_HC_StartXfer  stm32f4xx_ll_usb.o
    0x08005b48   0x08005b48   0x000000ec   Code   RO         1024    i.USB_HostInit      stm32f4xx_ll_usb.o
    0x08005c34   0x08005c34   0x0000003e   Code   RO         1025    i.USB_InitFSLSPClkSel  stm32f4xx_ll_usb.o
    0x08005c72   0x08005c72   0x0000000c   Code   RO         1030    i.USB_ReadInterrupts  stm32f4xx_ll_usb.o
    0x08005c7e   0x08005c7e   0x00000022   Code   RO         1031    i.USB_ReadPacket    stm32f4xx_ll_usb.o
    0x08005ca0   0x08005ca0   0x00000030   Code   RO         1032    i.USB_ResetPort     stm32f4xx_ll_usb.o
    0x08005cd0   0x08005cd0   0x00000030   Code   RO         1033    i.USB_SetCurrentMode  stm32f4xx_ll_usb.o
    0x08005d00   0x08005d00   0x000000ae   Code   RO         1037    i.USB_StopHost      stm32f4xx_ll_usb.o
    0x08005dae   0x08005dae   0x00000030   Code   RO         1038    i.USB_WritePacket   stm32f4xx_ll_usb.o
    0x08005dde   0x08005dde   0x00000002   Code   RO         5881    i._Error_Handler    main.o
    0x08005de0   0x08005de0   0x0000000e   Code   RO         6077    i.__scatterload_copy  mc_w.l(handlers.o)
    0x08005dee   0x08005dee   0x00000002   Code   RO         6078    i.__scatterload_null  mc_w.l(handlers.o)
    0x08005df0   0x08005df0   0x0000000e   Code   RO         6079    i.__scatterload_zeroinit  mc_w.l(handlers.o)
    0x08005dfe   0x08005dfe   0x00000002   PAD
    0x08005e00   0x08005e00   0x00000050   Code   RO         6025    i.free              mc_w.l(malloc.o)
    0x08005e50   0x08005e50   0x00000010   Code   RO         4110    i.inHandlerMode     cmsis_os.o
    0x08005e60   0x08005e60   0x0000004c   Code   RO         5882    i.main              main.o
    0x08005eac   0x08005eac   0x0000000e   Code   RO         4112    i.makeFreeRtosPriority  cmsis_os.o
    0x08005eba   0x08005eba   0x00000002   PAD
    0x08005ebc   0x08005ebc   0x0000006c   Code   RO         6026    i.malloc            mc_w.l(malloc.o)
    0x08005f28   0x08005f28   0x00000018   Code   RO         4114    i.osDelay           cmsis_os.o
    0x08005f40   0x08005f40   0x0000000a   Code   RO         4117    i.osKernelStart     cmsis_os.o
    0x08005f4a   0x08005f4a   0x00000012   Code   RO         4126    i.osMessageCreate   cmsis_os.o
    0x08005f5c   0x08005f5c   0x0000009c   Code   RO         4128    i.osMessageGet      cmsis_os.o
    0x08005ff8   0x08005ff8   0x00000060   Code   RO         4130    i.osMessagePut      cmsis_os.o
    0x08006058   0x08006058   0x00000010   Code   RO         4150    i.osSystickHandler  cmsis_os.o
    0x08006068   0x08006068   0x00000030   Code   RO         4151    i.osThreadCreate    cmsis_os.o
    0x08006098   0x08006098   0x00000098   Code   RO         4553    i.prvAddCurrentTaskToDelayedList  tasks.o
    0x08006130   0x08006130   0x000000b4   Code   RO         4554    i.prvAddNewTaskToReadyList  tasks.o
    0x080061e4   0x080061e4   0x00000064   Code   RO         4555    i.prvCheckTasksWaitingTermination  tasks.o
    0x08006248   0x08006248   0x0000002a   Code   RO         3872    i.prvCopyDataFromQueue  queue.o
    0x08006272   0x08006272   0x0000007c   Code   RO         3873    i.prvCopyDataToQueue  queue.o
    0x080062ee   0x080062ee   0x00000012   Code   RO         4556    i.prvDeleteTCB      tasks.o
    0x08006300   0x08006300   0x0000007c   Code   RO         4491    i.prvHeapInit       heap_4.o
    0x0800637c   0x0800637c   0x00000028   Code   RO         4557    i.prvIdleTask       tasks.o
    0x080063a4   0x080063a4   0x00000026   Code   RO         3875    i.prvInitialiseNewQueue  queue.o
    0x080063ca   0x080063ca   0x000000aa   Code   RO         4558    i.prvInitialiseNewTask  tasks.o
    0x08006474   0x08006474   0x00000068   Code   RO         4559    i.prvInitialiseTaskLists  tasks.o
    0x080064dc   0x080064dc   0x00000068   Code   RO         4492    i.prvInsertBlockIntoFreeList  heap_4.o
    0x08006544   0x08006544   0x0000001a   Code   RO         3876    i.prvIsQueueEmpty   queue.o
    0x0800655e   0x0800655e   0x0000001e   Code   RO         3877    i.prvIsQueueFull    queue.o
    0x0800657c   0x0800657c   0x00000034   Code   RO         4560    i.prvResetNextTaskUnblockTime  tasks.o
    0x080065b0   0x080065b0   0x00000040   Code   RO         4931    i.prvTaskExitError  port.o
    0x080065f0   0x080065f0   0x0000007e   Code   RO         3878    i.prvUnlockQueue    queue.o
    0x0800666e   0x0800666e   0x00000002   PAD
    0x08006670   0x08006670   0x0000013c   Code   RO         4493    i.pvPortMalloc      heap_4.o
    0x080067ac   0x080067ac   0x00000020   Code   RO         4562    i.pvTaskIncrementMutexHeldCount  tasks.o
    0x080067cc   0x080067cc   0x0000002c   Code   RO         4932    i.pxPortInitialiseStack  port.o
    0x080067f8   0x080067f8   0x00000028   Code   RO         4063    i.uxListRemove      list.o
    0x08006820   0x08006820   0x0000001a   Code   RO         4064    i.vListInitialise   list.o
    0x0800683a   0x0800683a   0x00000006   Code   RO         4065    i.vListInitialiseItem  list.o
    0x08006840   0x08006840   0x00000034   Code   RO         4066    i.vListInsert       list.o
    0x08006874   0x08006874   0x00000018   Code   RO         4067    i.vListInsertEnd    list.o
    0x0800688c   0x0800688c   0x00000054   Code   RO         4934    i.vPortEnterCritical  port.o
    0x080068e0   0x080068e0   0x0000003c   Code   RO         4935    i.vPortExitCritical  port.o
    0x0800691c   0x0800691c   0x00000094   Code   RO         4494    i.vPortFree         heap_4.o
    0x080069b0   0x080069b0   0x00000020   Code   RO         4936    i.vPortSetupTimerInterrupt  port.o
    0x080069d0   0x080069d0   0x00000078   Code   RO         4937    i.vPortValidateInterruptPriority  port.o
    0x08006a48   0x08006a48   0x0000005c   Code   RO         4568    i.vTaskDelay        tasks.o
    0x08006aa4   0x08006aa4   0x0000000c   Code   RO         4571    i.vTaskMissedYield  tasks.o
    0x08006ab0   0x08006ab0   0x00000038   Code   RO         4573    i.vTaskPlaceOnEventList  tasks.o
    0x08006ae8   0x08006ae8   0x000000b0   Code   RO         4575    i.vTaskPriorityInherit  tasks.o
    0x08006b98   0x08006b98   0x00000030   Code   RO         4578    i.vTaskSetTimeOutState  tasks.o
    0x08006bc8   0x08006bc8   0x00000088   Code   RO         4579    i.vTaskStartScheduler  tasks.o
    0x08006c50   0x08006c50   0x00000010   Code   RO         4581    i.vTaskSuspendAll   tasks.o
    0x08006c60   0x08006c60   0x0000008c   Code   RO         4582    i.vTaskSwitchContext  tasks.o
    0x08006cec   0x08006cec   0x0000013c   Code   RO         4938    i.xPortStartScheduler  port.o
    0x08006e28   0x08006e28   0x00000034   Code   RO         4939    i.xPortSysTickHandler  port.o
    0x08006e5c   0x08006e5c   0x00000058   Code   RO         3886    i.xQueueGenericCreate  queue.o
    0x08006eb4   0x08006eb4   0x000001c4   Code   RO         3887    i.xQueueGenericReceive  queue.o
    0x08007078   0x08007078   0x00000098   Code   RO         3888    i.xQueueGenericReset  queue.o
    0x08007110   0x08007110   0x000001a8   Code   RO         3889    i.xQueueGenericSend  queue.o
    0x080072b8   0x080072b8   0x000000f8   Code   RO         3890    i.xQueueGenericSendFromISR  queue.o
    0x080073b0   0x080073b0   0x000000ca   Code   RO         3895    i.xQueueReceiveFromISR  queue.o
    0x0800747a   0x0800747a   0x00000002   PAD
    0x0800747c   0x0800747c   0x0000008c   Code   RO         4583    i.xTaskCheckForTimeOut  tasks.o
    0x08007508   0x08007508   0x00000060   Code   RO         4584    i.xTaskCreate       tasks.o
    0x08007568   0x08007568   0x00000020   Code   RO         4588    i.xTaskGetSchedulerState  tasks.o
    0x08007588   0x08007588   0x00000148   Code   RO         4591    i.xTaskIncrementTick  tasks.o
    0x080076d0   0x080076d0   0x000000c8   Code   RO         4594    i.xTaskPriorityDisinherit  tasks.o
    0x08007798   0x08007798   0x00000098   Code   RO         4595    i.xTaskRemoveFromEventList  tasks.o
    0x08007830   0x08007830   0x00000104   Code   RO         4597    i.xTaskResumeAll    tasks.o
    0x08007934   0x08007934   0x00000018   Data   RO         5012    .constdata          system_stm32f4xx.o
    0x0800794c   0x0800794c   0x0000001c   Data   RO         5067    .constdata          usbh_core.o
    0x08007968   0x08007968   0x00000014   Data   RO         5884    .constdata          main.o
    0x0800797c   0x0800797c   0x0000000c   Data   RO         5068    .conststring        usbh_core.o
    0x08007988   0x08007988   0x00000004   Data   RO         5241    .conststring        usbh_cdc.o
    0x0800798c   0x0800798c   0x0000000c   Data   RO         5885    .conststring        main.o
    0x08007998   0x08007998   0x00000020   Data   RO         6075    Region$$Table       anon$$obj.o


    Execution Region RW_IRAM1 (Exec base: 0x20000000, Load base: 0x080079b8, Size: 0x00004bb0, Max: 0x00020000, ABSOLUTE)

    Exec Addr    Load Addr    Size         Type   Attr      Idx    E Section Name        Object

    0x20000000   0x080079b8   0x00000009   Data   RW          710    .data               stm32f4xx_hal.o
    0x20000009   0x080079c1   0x00000003   PAD
    0x2000000c   0x080079c4   0x00000018   Data   RW         4499    .data               heap_4.o
    0x20000024   0x080079dc   0x0000003c   Data   RW         4600    .data               tasks.o
    0x20000060   0x08007a18   0x0000000c   Data   RW         4940    .data               port.o
    0x2000006c   0x08007a24   0x00000004   Data   RW         5013    .data               system_stm32f4xx.o
    0x20000070   0x08007a28   0x00000020   Data   RW         5242    .data               usbh_cdc.o
    0x20000090   0x08007a48   0x00000004   Data   RW         5886    .data               main.o
    0x20000094   0x08007a4c   0x00000001   Data   RW         5985    .data               usb_host.o
    0x20000095   0x08007a4d   0x00000003   PAD
    0x20000098   0x08007a50   0x00000004   Data   RW         6071    .data               mc_w.l(mvars.o)
    0x2000009c   0x08007a54   0x00000004   Data   RW         6072    .data               mc_w.l(mvars.o)
    0x200000a0        -       0x00003c00   Zero   RW         4498    .bss                heap_4.o
    0x20003ca0        -       0x000000f0   Zero   RW         4599    .bss                tasks.o
    0x20003d90        -       0x00000298   Zero   RW         5734    .bss                usbh_conf.o
    0x20004028        -       0x000001b4   Zero   RW         5883    .bss                main.o
    0x200041dc        -       0x000003d0   Zero   RW         5984    .bss                usb_host.o
    0x200045ac   0x08007a58   0x00000004   PAD
    0x200045b0        -       0x00000200   Zero   RW            2    HEAP                startup_stm32f407xx.o
    0x200047b0        -       0x00000400   Zero   RW            1    STACK               startup_stm32f407xx.o


==============================================================================

Image component sizes


      Code (inc. data)   RO Data    RW Data    ZI Data      Debug   Object Name

       398          8          0          0          0      22346   cmsis_os.o
       692         62          0         24      15360       7463   heap_4.o
       148          0          0          0          0       8910   list.o
      1146        110         32          4        436       7860   main.o
       958         92          0         12          0      12221   port.o
      1952         16          0          0          0      28640   queue.o
        36          8        392          0       1536        856   startup_stm32f407xx.o
       212         36          0          9          0       4693   stm32f4xx_hal.o
      1226         28          0          0          0       5534   stm32f4xx_hal_adc.o
         2          0          0          0          0       1045   stm32f4xx_hal_adc_ex.o
       338         22          0          0          0      31653   stm32f4xx_hal_cortex.o
       524         46          0          0          0       2372   stm32f4xx_hal_gpio.o
      4448          4          0          0          0      13357   stm32f4xx_hal_hcd.o
       296         10          0          0          0       1947   stm32f4xx_hal_i2c.o
       792         16          0          0          0     719337   stm32f4xx_hal_i2s.o
       994         30          0          0          0       3655   stm32f4xx_hal_i2s_ex.o
       650         70          0          0          0       4999   stm32f4xx_hal_msp.o
      1700         74          0          0          0       5057   stm32f4xx_hal_rcc.o
       560         38          0          0          0       2257   stm32f4xx_hal_rcc_ex.o
       140          0          0          0          0       1159   stm32f4xx_hal_spi.o
      1898         80          0          0          0      14892   stm32f4xx_hal_tim.o
       102          0          0          0          0       2410   stm32f4xx_hal_tim_ex.o
        60         18          0          0          0       2009   stm32f4xx_it.o
      2266         52          0          0          0      17491   stm32f4xx_ll_usb.o
       100         18         24          4          0       1211   system_stm32f4xx.o
      2732        358          0         60        240      23043   tasks.o
         0          0          0          0          0       2868   timers.o
        96         18          0          1        976       1712   usb_host.o
      1266          6          4         32          0      13280   usbh_cdc.o
       980         36          0          0        664      13200   usbh_conf.o
      1486         28         40          0          0      22960   usbh_core.o
      1514         12          0          0          0      12412   usbh_ctlreq.o
       226          0          0          0          0       4620   usbh_ioreq.o
       168          0          0          0          0       4126   usbh_pipes.o
        32          6          0          0          0        582   usbh_platform.o

    ----------------------------------------------------------------------
     30164       1302        524        152      19216    1022177   Object Totals
         0          0         32          0          0          0   (incl. Generated)
        26          0          0          6          4          0   (incl. Padding)

    ----------------------------------------------------------------------

      Code (inc. data)   RO Data    RW Data    ZI Data      Debug   Library Member Name

         0          0          0          0          0          0   entry.o
         0          0          0          0          0          0   entry10a.o
         0          0          0          0          0          0   entry11a.o
         8          4          0          0          0          0   entry2.o
         4          0          0          0          0          0   entry5.o
         0          0          0          0          0          0   entry7b.o
         0          0          0          0          0          0   entry8b.o
         8          4          0          0          0          0   entry9a.o
        30          0          0          0          0          0   handlers.o
        36          8          0          0          0         68   init.o
        30          0          0          0          0         68   llshl.o
        32          0          0          0          0         68   llushr.o
       188         20          0          0          0        160   malloc.o
        36          0          0          0          0         68   memcpya.o
         0          0          0          8          0          0   mvars.o
        98          0          0          0          0         92   uldiv.o

    ----------------------------------------------------------------------
       472         36          0          8          0        524   Library Totals
         2          0          0          0          0          0   (incl. Padding)

    ----------------------------------------------------------------------

      Code (inc. data)   RO Data    RW Data    ZI Data      Debug   Library Name

       470         36          0          8          0        524   mc_w.l

    ----------------------------------------------------------------------
       472         36          0          8          0        524   Library Totals

    ----------------------------------------------------------------------

==============================================================================


      Code (inc. data)   RO Data    RW Data    ZI Data      Debug   

     30636       1338        524        160      19216     997097   Grand Totals
     30636       1338        524        160      19216     997097   ELF Image Totals
     30636       1338        524        160          0          0   ROM Totals

==============================================================================

    Total RO  Size (Code + RO Data)                31160 (  30.43kB)
    Total RW  Size (RW Data + ZI Data)             19376 (  18.92kB)
    Total ROM Size (Code + RO Data + RW Data)      31320 (  30.59kB)

==============================================================================

